Archive member included to satisfy reference by file (symbol)

.\CortexM3\ARM_GCC_541\Debug\StepperTorqueControl.a(SPIM.o)
                              .\CortexM3\ARM_GCC_541\Debug\main.o (SPIM_Start)
.\CortexM3\ARM_GCC_541\Debug\StepperTorqueControl.a(CyLib.o)
                              .\CortexM3\ARM_GCC_541\Debug\Cm3Start.o (CyResetStatus)
.\CortexM3\ARM_GCC_541\Debug\StepperTorqueControl.a(cyPm.o)
                              .\CortexM3\ARM_GCC_541\Debug\StepperTorqueControl.a(CyLib.o) (CyPmReadStatus)
.\CortexM3\ARM_GCC_541\Debug\StepperTorqueControl.a(UART_1.o)
                              .\CortexM3\ARM_GCC_541\Debug\main.o (UART_1_Start)
.\CortexM3\ARM_GCC_541\Debug\StepperTorqueControl.a(UART_1_IntClock.o)
                              .\CortexM3\ARM_GCC_541\Debug\StepperTorqueControl.a(UART_1.o) (UART_1_IntClock_Start)
.\CortexM3\ARM_GCC_541\Debug\StepperTorqueControl.a(I2C_1_MASTER.o)
                              .\CortexM3\ARM_GCC_541\Debug\main.o (I2C_1_MasterSendStart)
.\CortexM3\ARM_GCC_541\Debug\StepperTorqueControl.a(ADC_DelSig_1.o)
                              .\CortexM3\ARM_GCC_541\Debug\main.o (ADC_DelSig_1_Start)
.\CortexM3\ARM_GCC_541\Debug\StepperTorqueControl.a(ADC_DelSig_1_INT.o)
                              .\CortexM3\ARM_GCC_541\Debug\StepperTorqueControl.a(ADC_DelSig_1.o) (ADC_DelSig_1_ISR1)
.\CortexM3\ARM_GCC_541\Debug\StepperTorqueControl.a(ADC_DelSig_1_AMux.o)
                              .\CortexM3\ARM_GCC_541\Debug\StepperTorqueControl.a(ADC_DelSig_1.o) (ADC_DelSig_1_AMux_Select)
.\CortexM3\ARM_GCC_541\Debug\StepperTorqueControl.a(ADC_DelSig_1_Ext_CP_Clk.o)
                              .\CortexM3\ARM_GCC_541\Debug\StepperTorqueControl.a(ADC_DelSig_1.o) (ADC_DelSig_1_Ext_CP_Clk_SetDividerRegister)
.\CortexM3\ARM_GCC_541\Debug\StepperTorqueControl.a(ADC_DelSig_1_theACLK.o)
                              .\CortexM3\ARM_GCC_541\Debug\StepperTorqueControl.a(ADC_DelSig_1.o) (ADC_DelSig_1_theACLK_SetDividerRegister)
.\CortexM3\ARM_GCC_541\Debug\StepperTorqueControl.a(tick.o)
                              .\CortexM3\ARM_GCC_541\Debug\main.o (angle_old)
.\CortexM3\ARM_GCC_541\Debug\StepperTorqueControl.a(Timer_1.o)
                              .\CortexM3\ARM_GCC_541\Debug\main.o (Timer_1_Start)
.\CortexM3\ARM_GCC_541\Debug\StepperTorqueControl.a(Microstep.o)
                              .\CortexM3\ARM_GCC_541\Debug\main.o (Microstep_Write)
.\CortexM3\ARM_GCC_541\Debug\StepperTorqueControl.a(sw1_read.o)
                              .\CortexM3\ARM_GCC_541\Debug\main.o (sw1_read_Read)
.\CortexM3\ARM_GCC_541\Debug\StepperTorqueControl.a(ShiftReg_1.o)
                              .\CortexM3\ARM_GCC_541\Debug\main.o (ShiftReg_1_Start)
.\CortexM3\ARM_GCC_541\Debug\StepperTorqueControl.a(Interrupt_t.o)
                              .\CortexM3\ARM_GCC_541\Debug\StepperTorqueControl.a(tick.o) (Interrupt_t_Write)
.\CortexM3\ARM_GCC_541\Debug\StepperTorqueControl.a(StepDir.o)
                              .\CortexM3\ARM_GCC_541\Debug\main.o (StepDir_WritePeriod)
.\CortexM3\ARM_GCC_541\Debug\StepperTorqueControl.a(CyBootAsmGnu.o)
                              .\CortexM3\ARM_GCC_541\Debug\cyfitter_cfg.o (CyDelayCycles)
.\CortexM3\ARM_GCC_541\Debug\StepperTorqueControl.a(CyFlash.o)
                              .\CortexM3\ARM_GCC_541\Debug\StepperTorqueControl.a(cyPm.o) (CyFlash_SetWaitCycles)
.\CortexM3\ARM_GCC_541\Debug\StepperTorqueControl.a(CySpc.o)
                              .\CortexM3\ARM_GCC_541\Debug\StepperTorqueControl.a(CyFlash.o) (CySpcStart)
.\CortexM3\ARM_GCC_541\Debug\StepperTorqueControl.a(I2C_1.o)
                              .\CortexM3\ARM_GCC_541\Debug\StepperTorqueControl.a(I2C_1_MASTER.o) (I2C_1_state)
.\CortexM3\ARM_GCC_541\Debug\StepperTorqueControl.a(I2C_1_INT.o)
                              .\CortexM3\ARM_GCC_541\Debug\StepperTorqueControl.a(I2C_1.o) (I2C_1_ISR)
.\CortexM3\ARM_GCC_541\Debug\StepperTorqueControl.a(I2C_1_PM.o)
                              .\CortexM3\ARM_GCC_541\Debug\StepperTorqueControl.a(I2C_1.o) (I2C_1_backup)
.\CortexM3\ARM_GCC_541\Debug\StepperTorqueControl.a(Direction.o)
                              .\CortexM3\ARM_GCC_541\Debug\StepperTorqueControl.a(tick.o) (Direction_Write)
c:/program files (x86)/cypress/psoc creator/4.2/psoc creator/import/gnu/arm/5.4.1/bin/../lib/gcc/arm-none-eabi/5.4.1/armv7-m\libgcc.a(_arm_addsubdf3.o)
                              .\CortexM3\ARM_GCC_541\Debug\StepperTorqueControl.a(ADC_DelSig_1.o) (__aeabi_f2d)
c:/program files (x86)/cypress/psoc creator/4.2/psoc creator/import/gnu/arm/5.4.1/bin/../lib/gcc/arm-none-eabi/5.4.1/armv7-m\libgcc.a(_arm_cmpdf2.o)
                              .\CortexM3\ARM_GCC_541\Debug\StepperTorqueControl.a(ADC_DelSig_1.o) (__aeabi_dcmpgt)
c:/program files (x86)/cypress/psoc creator/4.2/psoc creator/import/gnu/arm/5.4.1/bin/../lib/gcc/arm-none-eabi/5.4.1/armv7-m\libgcc.a(_arm_addsubsf3.o)
[...]
Memory Configuration

Name             Origin             Length             Attributes
rom              0x00000000         0x00040000         xr
ram              0x1fff8000         0x00010000         xrw
*default*        0x00000000         0xffffffff

Linker script and memory map

LOAD c:/program files (x86)/cypress/psoc creator/4.2/psoc creator/import/gnu/arm/5.4.1/bin/../lib/gcc/arm-none-eabi/5.4.1/armv7-m/crti.o
LOAD c:/program files (x86)/cypress/psoc creator/4.2/psoc creator/import/gnu/arm/5.4.1/bin/../lib/gcc/arm-none-eabi/5.4.1/armv7-m/crtbegin.o
LOAD c:/program files (x86)/cypress/psoc creator/4.2/psoc creator/import/gnu/arm/5.4.1/bin/../lib/gcc/arm-none-eabi/5.4.1/../../../../arm-none-eabi/lib/armv7-m/crt0.o
START GROUP
LOAD .\CortexM3\ARM_GCC_541\Debug\main.o
LOAD .\CortexM3\ARM_GCC_541\Debug\pid.o
LOAD .\CortexM3\ARM_GCC_541\Debug\cyfitter_cfg.o
LOAD .\CortexM3\ARM_GCC_541\Debug\cymetadata.o
LOAD .\CortexM3\ARM_GCC_541\Debug\Cm3Start.o
LOAD .\CortexM3\ARM_GCC_541\Debug\StepperTorqueControl.a
LOAD C:\Program Files (x86)\Cypress\PSoC Creator\4.2\PSoC Creator\psoc\content\cycomponentlibrary\CyComponentLibrary.cylib\CortexM3\ARM_GCC_541\Debug\CyComponentLibrary.a
END GROUP
START GROUP
LOAD c:/program files (x86)/cypress/psoc creator/4.2/psoc creator/import/gnu/arm/5.4.1/bin/../lib/gcc/arm-none-eabi/5.4.1/armv7-m\libgcc.a
LOAD c:/program files (x86)/cypress/psoc creator/4.2/psoc creator/import/gnu/arm/5.4.1/bin/../lib/gcc/arm-none-eabi/5.4.1/../../../../arm-none-eabi/lib/armv7-m\libg_nano.a
LOAD c:/program files (x86)/cypress/psoc creator/4.2/psoc creator/import/gnu/arm/5.4.1/bin/../lib/gcc/arm-none-eabi/5.4.1/../../../../arm-none-eabi/lib/armv7-m\libc_nano.a
END GROUP
START GROUP
LOAD c:/program files (x86)/cypress/psoc creator/4.2/psoc creator/import/gnu/arm/5.4.1/bin/../lib/gcc/arm-none-eabi/5.4.1/armv7-m\libgcc.a
LOAD c:/program files (x86)/cypress/psoc creator/4.2/psoc creator/import/gnu/arm/5.4.1/bin/../lib/gcc/arm-none-eabi/5.4.1/../../../../arm-none-eabi/lib/armv7-m\libc_nano.a
END GROUP
LOAD c:/program files (x86)/cypress/psoc creator/4.2/psoc creator/import/gnu/arm/5.4.1/bin/../lib/gcc/arm-none-eabi/5.4.1/armv7-m/crtend.o
LOAD c:/program files (x86)/cypress/psoc creator/4.2/psoc creator/import/gnu/arm/5.4.1/bin/../lib/gcc/arm-none-eabi/5.4.1/armv7-m/crtn.o
START GROUP
LOAD c:/program files (x86)/cypress/psoc creator/4.2/psoc creator/import/gnu/arm/5.4.1/bin/../lib/gcc/arm-none-eabi/5.4.1/armv7-m\libgcc.a
LOAD c:/program files (x86)/cypress/psoc creator/4.2/psoc creator/import/gnu/arm/5.4.1/bin/../lib/gcc/arm-none-eabi/5.4.1/../../../../arm-none-eabi/lib/armv7-m\libc.a
LOAD c:/program files (x86)/cypress/psoc creator/4.2/psoc creator/import/gnu/arm/5.4.1/bin/../lib/gcc/arm-none-eabi/5.4.1/../../../../arm-none-eabi/lib/armv7-m\libnosys.a
END GROUP
                0x00000000                CY_APPL_ORIGIN = 0x0
                0x00000100                CY_FLASH_ROW_SIZE = 0x100
                0x00000020                CY_ECC_ROW_SIZE = 0x20
                0x00000000                CY_EE_IN_BTLDR = 0x0
                0x00000000                CY_APPL_LOADABLE = 0x0
                0x00000800                CY_EE_SIZE = 0x800
                0x00000001                CY_APPL_NUM = 0x1
                0x00000001                CY_APPL_MAX = 0x1
                0x00000040                CY_METADATA_SIZE = 0x40
                0x00000000                CY_APPL_LOADABLE = 0x0
                0x00000000                CY_CHECKSUM_EXCLUDE_SIZE = ALIGN (0x0, CY_FLASH_ROW_SIZE)
                [!provide]                PROVIDE (__cy_heap_start, _end)
                0x00000001                PROVIDE (__cy_region_num, ((__cy_regions_end - __cy_regions) / 0x10))
                0x20008000                PROVIDE (__cy_stack, (ORIGIN (ram) + LENGTH (ram)))
                [!provide]                PROVIDE (__cy_heap_end, (__cy_stack - 0x800))

.cybootloader   0x00000000        0x0
 *(.cybootloader)
                0x00000000                appl1_start = CY_APPL_ORIGIN?CY_APPL_ORIGIN:ALIGN (CY_FLASH_ROW_SIZE)
                0x0001ff00                appl2_start = (appl1_start + ALIGN ((((LENGTH (rom) - appl1_start) - (0x2 * CY_FLASH_ROW_SIZE)) / 0x2), CY_FLASH_ROW_SIZE))
                0x00000000                appl_start = (CY_APPL_NUM == 0x1)?appl1_start:appl2_start
                0x00000000                ecc_offset = ((appl_start / CY_FLASH_ROW_SIZE) * CY_ECC_ROW_SIZE)
                0x00000000                ee_offset = (CY_APPL_LOADABLE && ! (CY_EE_IN_BTLDR))?((CY_EE_SIZE / CY_APPL_MAX) * (CY_APPL_NUM - 0x1)):0x0
                0x00000800                ee_size = (CY_APPL_LOADABLE && ! (CY_EE_IN_BTLDR))?(CY_EE_SIZE / CY_APPL_MAX):CY_EE_SIZE
                [!provide]                PROVIDE (CY_ECC_OFFSET, ecc_offset)

.text           0x00000000     0x35f0
 CREATE_OBJECT_SYMBOLS
                0x00000000                PROVIDE (__cy_interrupt_vector, RomVectors)
 *(.romvectors)
 .romvectors    0x00000000       0x10 .\CortexM3\ARM_GCC_541\Debug\Cm3Start.o
                0x00000000                RomVectors
                0x00000001                ASSERT ((. != __cy_interrupt_vector), No interrupt vector)
                0x00000001                ASSERT (CY_APPL_ORIGIN?(SIZEOF (.cybootloader) <= CY_APPL_ORIGIN):0x1, Wrong image location)
                0x00000010                PROVIDE (__cy_reset, Reset)
 *(.text.Reset)
 .text.Reset    0x00000010       0x18 .\CortexM3\ARM_GCC_541\Debug\Cm3Start.o
                0x00000010                Reset
                0x00000001                ASSERT ((. != __cy_reset), No reset code)
 *(.dma_init)
 .dma_init      0x00000028      0x2b8 .\CortexM3\ARM_GCC_541\Debug\cyfitter_cfg.o
                0x00000001                ASSERT ((((appl_start + .) <= 0x10000) || 0x0), DMA Init must be within the first 64k of flash)
 *(.text .text.* .gnu.linkonce.t.*)
 .text          0x000002e0       0x5c c:/program files (x86)/cypress/psoc creator/4.2/psoc creator/import/gnu/arm/5.4.1/bin/../lib/gcc/arm-none-eabi/5.4.1/armv7-m/crtbegin.o
 .text.main     0x0000033c      0x254 .\CortexM3\ARM_GCC_541\Debug\main.o
                0x0000033c                main
 .text.spiCalcEvenParity
                0x00000590       0x48 .\CortexM3\ARM_GCC_541\Debug\main.o
                0x00000590                spiCalcEvenParity
 .text.angle_update
                0x000005d8       0x14 .\CortexM3\ARM_GCC_541\Debug\main.o
                0x000005d8                angle_update
 .text.PIDConfig
                0x000005ec       0x90 .\CortexM3\ARM_GCC_541\Debug\pid.o
                0x000005ec                PIDConfig
 .text.PID      0x0000067c      0x178 .\CortexM3\ARM_GCC_541\Debug\pid.o
                0x0000067c                PID
 .text.CYCONFIGCPY
                0x000007f4       0x20 .\CortexM3\ARM_GCC_541\Debug\cyfitter_cfg.o
 .text.CyClockStartupError
                0x00000814        0xc .\CortexM3\ARM_GCC_541\Debug\cyfitter_cfg.o
 .text.cfg_dma_init
                0x00000820      0x174 .\CortexM3\ARM_GCC_541\Debug\cyfitter_cfg.o
 .text.ClockSetup
                0x00000994      0x1c4 .\CortexM3\ARM_GCC_541\Debug\cyfitter_cfg.o
 .text.AnalogSetDefault
                0x00000b58       0x60 .\CortexM3\ARM_GCC_541\Debug\cyfitter_cfg.o
 .text.ADC_DelSig_1_AMux_Set
                0x00000bb8       0x40 .\CortexM3\ARM_GCC_541\Debug\cyfitter_cfg.o
                0x00000bb8                ADC_DelSig_1_AMux_Set
 .text.ADC_DelSig_1_AMux_Unset
                0x00000bf8       0x44 .\CortexM3\ARM_GCC_541\Debug\cyfitter_cfg.o
                0x00000bf8                ADC_DelSig_1_AMux_Unset
 .text.cyfitter_cfg
                0x00000c3c      0x11c .\CortexM3\ARM_GCC_541\Debug\cyfitter_cfg.o
                0x00000c3c                cyfitter_cfg
 .text.IntDefaultHandler
                0x00000d58       0x14 .\CortexM3\ARM_GCC_541\Debug\Cm3Start.o
                0x00000d58                IntDefaultHandler
 .text._sbrk    0x00000d6c       0x50 .\CortexM3\ARM_GCC_541\Debug\Cm3Start.o
                0x00000d6c                _sbrk
 .text.Start_c  0x00000dbc       0x98 .\CortexM3\ARM_GCC_541\Debug\Cm3Start.o
                0x00000dbc                Start_c
 .text.initialize_psoc
                0x00000e54       0x90 .\CortexM3\ARM_GCC_541\Debug\Cm3Start.o
                0x00000e54                initialize_psoc
 .text.SPIM_Init
                0x00000ee4       0x34 .\CortexM3\ARM_GCC_541\Debug\StepperTorqueControl.a(SPIM.o)
                0x00000ee4                SPIM_Init
 .text.SPIM_Enable
                0x00000f18       0x64 .\CortexM3\ARM_GCC_541\Debug\StepperTorqueControl.a(SPIM.o)
                0x00000f18                SPIM_Enable
 .text.SPIM_Start
                0x00000f7c       0x24 .\CortexM3\ARM_GCC_541\Debug\StepperTorqueControl.a(SPIM.o)
                0x00000f7c                SPIM_Start
 .text.SPIM_EnableTxInt
                0x00000fa0        0xc .\CortexM3\ARM_GCC_541\Debug\StepperTorqueControl.a(SPIM.o)
                0x00000fa0                SPIM_EnableTxInt
 .text.SPIM_EnableRxInt
                0x00000fac        0xc .\CortexM3\ARM_GCC_541\Debug\StepperTorqueControl.a(SPIM.o)
                0x00000fac                SPIM_EnableRxInt
 .text.SPIM_ReadTxStatus
                0x00000fb8       0x1c .\CortexM3\ARM_GCC_541\Debug\StepperTorqueControl.a(SPIM.o)
                0x00000fb8                SPIM_ReadTxStatus
 .text.SPIM_ReadRxStatus
                0x00000fd4       0x1c .\CortexM3\ARM_GCC_541\Debug\StepperTorqueControl.a(SPIM.o)
                0x00000fd4                SPIM_ReadRxStatus
 .text.SPIM_WriteTxData
                0x00000ff0       0x34 .\CortexM3\ARM_GCC_541\Debug\StepperTorqueControl.a(SPIM.o)
                0x00000ff0                SPIM_WriteTxData
 .text.SPIM_ReadRxData
                0x00001024       0x1c .\CortexM3\ARM_GCC_541\Debug\StepperTorqueControl.a(SPIM.o)
                0x00001024                SPIM_ReadRxData
 .text.SPIM_GetRxBufferSize
                0x00001040       0x2c .\CortexM3\ARM_GCC_541\Debug\StepperTorqueControl.a(SPIM.o)
                0x00001040                SPIM_GetRxBufferSize
 .text.SPIM_ClearFIFO
                0x0000106c       0x84 .\CortexM3\ARM_GCC_541\Debug\StepperTorqueControl.a(SPIM.o)
                0x0000106c                SPIM_ClearFIFO
 .text.CyHalt   0x000010f0       0x18 .\CortexM3\ARM_GCC_541\Debug\StepperTorqueControl.a(CyLib.o)
                0x000010f0                CyHalt
 .text.CyDelay  0x00001108       0x44 .\CortexM3\ARM_GCC_541\Debug\StepperTorqueControl.a(CyLib.o)
                0x00001108                CyDelay
 .text.CyDelayUs
                0x0000114c       0x28 .\CortexM3\ARM_GCC_541\Debug\StepperTorqueControl.a(CyLib.o)
                0x0000114c                CyDelayUs
 .text.CyIntSetVector
                0x00001174       0x50 .\CortexM3\ARM_GCC_541\Debug\StepperTorqueControl.a(CyLib.o)
                0x00001174                CyIntSetVector
 .text.CyIntSetPriority
                0x000011c4       0x48 .\CortexM3\ARM_GCC_541\Debug\StepperTorqueControl.a(CyLib.o)
                0x000011c4                CyIntSetPriority
 .text.UART_1_Start
                0x0000120c       0x24 .\CortexM3\ARM_GCC_541\Debug\StepperTorqueControl.a(UART_1.o)
                0x0000120c                UART_1_Start
 .text.UART_1_Init
                0x00001230       0x40 .\CortexM3\ARM_GCC_541\Debug\StepperTorqueControl.a(UART_1.o)
                0x00001230                UART_1_Init
 .text.UART_1_Enable
                0x00001270       0x60 .\CortexM3\ARM_GCC_541\Debug\StepperTorqueControl.a(UART_1.o)
                0x00001270                UART_1_Enable
 .text.UART_1_PutChar
                0x000012d0       0x34 .\CortexM3\ARM_GCC_541\Debug\StepperTorqueControl.a(UART_1.o)
                0x000012d0                UART_1_PutChar
 .text.UART_1_PutString
                0x00001304       0x44 .\CortexM3\ARM_GCC_541\Debug\StepperTorqueControl.a(UART_1.o)
                0x00001304                UART_1_PutString
 .text.UART_1_IntClock_Start
                0x00001348       0x34 .\CortexM3\ARM_GCC_541\Debug\StepperTorqueControl.a(UART_1_IntClock.o)
                0x00001348                UART_1_IntClock_Start
 .text.ADC_DelSig_1_Init
                0x0000137c      0x158 .\CortexM3\ARM_GCC_541\Debug\StepperTorqueControl.a(ADC_DelSig_1.o)
                0x0000137c                ADC_DelSig_1_Init
 .text.ADC_DelSig_1_Enable
                0x000014d4      0x158 .\CortexM3\ARM_GCC_541\Debug\StepperTorqueControl.a(ADC_DelSig_1.o)
                0x000014d4                ADC_DelSig_1_Enable
 .text.ADC_DelSig_1_Start
                0x0000162c       0x30 .\CortexM3\ARM_GCC_541\Debug\StepperTorqueControl.a(ADC_DelSig_1.o)
                0x0000162c                ADC_DelSig_1_Start
 .text.ADC_DelSig_1_StartConvert
                0x0000165c       0x20 .\CortexM3\ARM_GCC_541\Debug\StepperTorqueControl.a(ADC_DelSig_1.o)
                0x0000165c                ADC_DelSig_1_StartConvert
 .text.ADC_DelSig_1_IsEndConversion
                0x0000167c       0x4c .\CortexM3\ARM_GCC_541\Debug\StepperTorqueControl.a(ADC_DelSig_1.o)
                0x0000167c                ADC_DelSig_1_IsEndConversion
 .text.ADC_DelSig_1_GetResult16
                0x000016c8       0x7c .\CortexM3\ARM_GCC_541\Debug\StepperTorqueControl.a(ADC_DelSig_1.o)
                0x000016c8                ADC_DelSig_1_GetResult16
 .text.ADC_DelSig_1_InitConfig
                0x00001744      0x410 .\CortexM3\ARM_GCC_541\Debug\StepperTorqueControl.a(ADC_DelSig_1.o)
 .text.ADC_DelSig_1_GainCompensation
                0x00001b54      0x170 .\CortexM3\ARM_GCC_541\Debug\StepperTorqueControl.a(ADC_DelSig_1.o)
 .text.ADC_DelSig_1_SetDSMRef0Reg
                0x00001cc4       0x7c .\CortexM3\ARM_GCC_541\Debug\StepperTorqueControl.a(ADC_DelSig_1.o)
 .text.ADC_DelSig_1_ISR1
                0x00001d40        0xc .\CortexM3\ARM_GCC_541\Debug\StepperTorqueControl.a(ADC_DelSig_1_INT.o)
                0x00001d40                ADC_DelSig_1_ISR1
 .text.ADC_DelSig_1_ISR2
                0x00001d4c        0xc .\CortexM3\ARM_GCC_541\Debug\StepperTorqueControl.a(ADC_DelSig_1_INT.o)
                0x00001d4c                ADC_DelSig_1_ISR2
 .text.ADC_DelSig_1_ISR3
                0x00001d58        0xc .\CortexM3\ARM_GCC_541\Debug\StepperTorqueControl.a(ADC_DelSig_1_INT.o)
                0x00001d58                ADC_DelSig_1_ISR3
 .text.ADC_DelSig_1_ISR4
                0x00001d64        0xc .\CortexM3\ARM_GCC_541\Debug\StepperTorqueControl.a(ADC_DelSig_1_INT.o)
                0x00001d64                ADC_DelSig_1_ISR4
 .text.ADC_DelSig_1_AMux_Start
                0x00001d70       0x34 .\CortexM3\ARM_GCC_541\Debug\StepperTorqueControl.a(ADC_DelSig_1_AMux.o)
                0x00001d70                ADC_DelSig_1_AMux_Start
 .text.ADC_DelSig_1_AMux_Select
                0x00001da4       0x28 .\CortexM3\ARM_GCC_541\Debug\StepperTorqueControl.a(ADC_DelSig_1_AMux.o)
                0x00001da4                ADC_DelSig_1_AMux_Select
 .text.ADC_DelSig_1_Ext_CP_Clk_SetDividerRegister
                0x00001dcc      0x164 .\CortexM3\ARM_GCC_541\Debug\StepperTorqueControl.a(ADC_DelSig_1_Ext_CP_Clk.o)
                0x00001dcc                ADC_DelSig_1_Ext_CP_Clk_SetDividerRegister
 .text.ADC_DelSig_1_Ext_CP_Clk_GetDividerRegister
                0x00001f30       0x18 .\CortexM3\ARM_GCC_541\Debug\StepperTorqueControl.a(ADC_DelSig_1_Ext_CP_Clk.o)
                0x00001f30                ADC_DelSig_1_Ext_CP_Clk_GetDividerRegister
 .text.ADC_DelSig_1_Ext_CP_Clk_SetModeRegister
                0x00001f48       0x34 .\CortexM3\ARM_GCC_541\Debug\StepperTorqueControl.a(ADC_DelSig_1_Ext_CP_Clk.o)
                0x00001f48                ADC_DelSig_1_Ext_CP_Clk_SetModeRegister
 .text.ADC_DelSig_1_Ext_CP_Clk_GetSourceRegister
                0x00001f7c       0x1c .\CortexM3\ARM_GCC_541\Debug\StepperTorqueControl.a(ADC_DelSig_1_Ext_CP_Clk.o)
                0x00001f7c                ADC_DelSig_1_Ext_CP_Clk_GetSourceRegister
 .text.ADC_DelSig_1_theACLK_SetDividerRegister
                0x00001f98      0x164 .\CortexM3\ARM_GCC_541\Debug\StepperTorqueControl.a(ADC_DelSig_1_theACLK.o)
                0x00001f98                ADC_DelSig_1_theACLK_SetDividerRegister
 .text.ADC_DelSig_1_theACLK_GetDividerRegister
                0x000020fc       0x18 .\CortexM3\ARM_GCC_541\Debug\StepperTorqueControl.a(ADC_DelSig_1_theACLK.o)
                0x000020fc                ADC_DelSig_1_theACLK_GetDividerRegister
 .text.ADC_DelSig_1_theACLK_SetModeRegister
                0x00002114       0x34 .\CortexM3\ARM_GCC_541\Debug\StepperTorqueControl.a(ADC_DelSig_1_theACLK.o)
                0x00002114                ADC_DelSig_1_theACLK_SetModeRegister
 .text.ADC_DelSig_1_theACLK_GetSourceRegister
                0x00002148       0x1c .\CortexM3\ARM_GCC_541\Debug\StepperTorqueControl.a(ADC_DelSig_1_theACLK.o)
                0x00002148                ADC_DelSig_1_theACLK_GetSourceRegister
 .text.tick_Start
                0x00002164       0x20 .\CortexM3\ARM_GCC_541\Debug\StepperTorqueControl.a(tick.o)
                0x00002164                tick_Start
 .text.tick_Interrupt
                0x00002184      0x2b8 .\CortexM3\ARM_GCC_541\Debug\StepperTorqueControl.a(tick.o)
                0x00002184                tick_Interrupt
 .text.tick_SetVector
                0x0000243c       0x24 .\CortexM3\ARM_GCC_541\Debug\StepperTorqueControl.a(tick.o)
                0x0000243c                tick_SetVector
 .text.tick_SetPriority
                0x00002460       0x24 .\CortexM3\ARM_GCC_541\Debug\StepperTorqueControl.a(tick.o)
                0x00002460                tick_SetPriority
 .text.tick_Enable
                0x00002484       0x18 .\CortexM3\ARM_GCC_541\Debug\StepperTorqueControl.a(tick.o)
                0x00002484                tick_Enable
 .text.tick_Disable
                0x0000249c       0x18 .\CortexM3\ARM_GCC_541\Debug\StepperTorqueControl.a(tick.o)
                0x0000249c                tick_Disable
 .text.Timer_1_Init
                0x000024b4       0x9c .\CortexM3\ARM_GCC_541\Debug\StepperTorqueControl.a(Timer_1.o)
                0x000024b4                Timer_1_Init
 .text.Timer_1_Enable
                0x00002550       0x48 .\CortexM3\ARM_GCC_541\Debug\StepperTorqueControl.a(Timer_1.o)
                0x00002550                Timer_1_Enable
 .text.Timer_1_Start
                0x00002598       0x24 .\CortexM3\ARM_GCC_541\Debug\StepperTorqueControl.a(Timer_1.o)
                0x00002598                Timer_1_Start
 .text.Timer_1_SetInterruptMode
                0x000025bc       0x20 .\CortexM3\ARM_GCC_541\Debug\StepperTorqueControl.a(Timer_1.o)
                0x000025bc                Timer_1_SetInterruptMode
 .text.Timer_1_WritePeriod
                0x000025dc       0x24 .\CortexM3\ARM_GCC_541\Debug\StepperTorqueControl.a(Timer_1.o)
                0x000025dc                Timer_1_WritePeriod
 .text.Timer_1_WriteCounter
                0x00002600       0x20 .\CortexM3\ARM_GCC_541\Debug\StepperTorqueControl.a(Timer_1.o)
                0x00002600                Timer_1_WriteCounter
 .text.Microstep_Write
                0x00002620       0x20 .\CortexM3\ARM_GCC_541\Debug\StepperTorqueControl.a(Microstep.o)
                0x00002620                Microstep_Write
 .text.sw1_read_Read
                0x00002640       0x18 .\CortexM3\ARM_GCC_541\Debug\StepperTorqueControl.a(sw1_read.o)
                0x00002640                sw1_read_Read
 .text.ShiftReg_1_Start
                0x00002658       0x24 .\CortexM3\ARM_GCC_541\Debug\StepperTorqueControl.a(ShiftReg_1.o)
                0x00002658                ShiftReg_1_Start
 .text.ShiftReg_1_Enable
                0x0000267c       0x20 .\CortexM3\ARM_GCC_541\Debug\StepperTorqueControl.a(ShiftReg_1.o)
                0x0000267c                ShiftReg_1_Enable
 .text.ShiftReg_1_Init
                0x0000269c       0x10 .\CortexM3\ARM_GCC_541\Debug\StepperTorqueControl.a(ShiftReg_1.o)
                0x0000269c                ShiftReg_1_Init
 .text.ShiftReg_1_Stop
                0x000026ac       0x20 .\CortexM3\ARM_GCC_541\Debug\StepperTorqueControl.a(ShiftReg_1.o)
                0x000026ac                ShiftReg_1_Stop
 .text.ShiftReg_1_EnableInt
                0x000026cc       0x34 .\CortexM3\ARM_GCC_541\Debug\StepperTorqueControl.a(ShiftReg_1.o)
                0x000026cc                ShiftReg_1_EnableInt
 .text.ShiftReg_1_DisableInt
                0x00002700       0x34 .\CortexM3\ARM_GCC_541\Debug\StepperTorqueControl.a(ShiftReg_1.o)
                0x00002700                ShiftReg_1_DisableInt
 .text.ShiftReg_1_SetIntMode
                0x00002734       0x40 .\CortexM3\ARM_GCC_541\Debug\StepperTorqueControl.a(ShiftReg_1.o)
                0x00002734                ShiftReg_1_SetIntMode
 .text.ShiftReg_1_WriteRegValue
                0x00002774       0x1c .\CortexM3\ARM_GCC_541\Debug\StepperTorqueControl.a(ShiftReg_1.o)
                0x00002774                ShiftReg_1_WriteRegValue
 .text.Interrupt_t_Write
                0x00002790       0x34 .\CortexM3\ARM_GCC_541\Debug\StepperTorqueControl.a(Interrupt_t.o)
                0x00002790                Interrupt_t_Write
 .text.StepDir_Init
                0x000027c4       0x84 .\CortexM3\ARM_GCC_541\Debug\StepperTorqueControl.a(StepDir.o)
                0x000027c4                StepDir_Init
 .text.StepDir_Enable
                0x00002848       0x20 .\CortexM3\ARM_GCC_541\Debug\StepperTorqueControl.a(StepDir.o)
                0x00002848                StepDir_Enable
 .text.StepDir_Start
                0x00002868       0x24 .\CortexM3\ARM_GCC_541\Debug\StepperTorqueControl.a(StepDir.o)
                0x00002868                StepDir_Start
 .text.StepDir_Stop
                0x0000288c       0x20 .\CortexM3\ARM_GCC_541\Debug\StepperTorqueControl.a(StepDir.o)
                0x0000288c                StepDir_Stop
 .text.StepDir_SetInterruptMode
                0x000028ac       0x20 .\CortexM3\ARM_GCC_541\Debug\StepperTorqueControl.a(StepDir.o)
                0x000028ac                StepDir_SetInterruptMode
 .text.StepDir_ReadStatusRegister
                0x000028cc       0x18 .\CortexM3\ARM_GCC_541\Debug\StepperTorqueControl.a(StepDir.o)
                0x000028cc                StepDir_ReadStatusRegister
 .text.StepDir_WriteCounter
                0x000028e4       0x1c .\CortexM3\ARM_GCC_541\Debug\StepperTorqueControl.a(StepDir.o)
                0x000028e4                StepDir_WriteCounter
 .text.StepDir_ReadCapture
                0x00002900       0x14 .\CortexM3\ARM_GCC_541\Debug\StepperTorqueControl.a(StepDir.o)
                0x00002900                StepDir_ReadCapture
 .text.StepDir_WritePeriod
                0x00002914       0x1c .\CortexM3\ARM_GCC_541\Debug\StepperTorqueControl.a(StepDir.o)
                0x00002914                StepDir_WritePeriod
 .text.StepDir_WriteCompare
                0x00002930       0x1c .\CortexM3\ARM_GCC_541\Debug\StepperTorqueControl.a(StepDir.o)
                0x00002930                StepDir_WriteCompare
 .text.StepDir_ClearFIFO
                0x0000294c       0x1c .\CortexM3\ARM_GCC_541\Debug\StepperTorqueControl.a(StepDir.o)
                0x0000294c                StepDir_ClearFIFO
 .text          0x00002968       0x20 .\CortexM3\ARM_GCC_541\Debug\StepperTorqueControl.a(CyBootAsmGnu.o)
                0x00002968                CyDelayCycles
                0x00002978                CyEnterCriticalSection
                0x00002980                CyExitCriticalSection
 .text.Direction_Write
                0x00002988       0x20 .\CortexM3\ARM_GCC_541\Debug\StepperTorqueControl.a(Direction.o)
                0x00002988                Direction_Write
 .text          0x000029a8       0xa0 c:/program files (x86)/cypress/psoc creator/4.2/psoc creator/import/gnu/arm/5.4.1/bin/../lib/gcc/arm-none-eabi/5.4.1/armv7-m\libgcc.a(_aeabi_ldivmod.o)
                0x000029a8                __aeabi_ldivmod
 .text          0x00002a48      0x2ec c:/program files (x86)/cypress/psoc creator/4.2/psoc creator/import/gnu/arm/5.4.1/bin/../lib/gcc/arm-none-eabi/5.4.1/armv7-m\libgcc.a(_udivmoddi4.o)
                0x00002a48                __udivmoddi4
 .text          0x00002d34        0x4 c:/program files (x86)/cypress/psoc creator/4.2/psoc creator/import/gnu/arm/5.4.1/bin/../lib/gcc/arm-none-eabi/5.4.1/armv7-m\libgcc.a(_dvmd_tls.o)
                0x00002d34                __aeabi_idiv0
                0x00002d34                __aeabi_ldiv0
 .text.__errno  0x00002d38        0xc c:/program files (x86)/cypress/psoc creator/4.2/psoc creator/import/gnu/arm/5.4.1/bin/../lib/gcc/arm-none-eabi/5.4.1/../../../../arm-none-eabi/lib/armv7-m\libg_nano.a(lib_a-errno.o)
                0x00002d38                __errno
 .text.__libc_init_array
                0x00002d44       0x4c c:/program files (x86)/cypress/psoc creator/4.2/psoc creator/import/gnu/arm/5.4.1/bin/../lib/gcc/arm-none-eabi/5.4.1/../../../../arm-none-eabi/lib/armv7-m\libg_nano.a(lib_a-init.o)
                0x00002d44                __libc_init_array
 .text.memcpy   0x00002d90       0x16 c:/program files (x86)/cypress/psoc creator/4.2/psoc creator/import/gnu/arm/5.4.1/bin/../lib/gcc/arm-none-eabi/5.4.1/../../../../arm-none-eabi/lib/armv7-m\libg_nano.a(lib_a-memcpy-stub.o)
                0x00002d90                memcpy
 *fill*         0x00002da6        0x2 
 .text.sprintf  0x00002da8       0x48 c:/program files (x86)/cypress/psoc creator/4.2/psoc creator/import/gnu/arm/5.4.1/bin/../lib/gcc/arm-none-eabi/5.4.1/../../../../arm-none-eabi/lib/armv7-m\libg_nano.a(lib_a-sprintf.o)
                0x00002da8                siprintf
                0x00002da8                sprintf
 .text.__ssputs_r
                0x00002df0       0xb2 c:/program files (x86)/cypress/psoc creator/4.2/psoc creator/import/gnu/arm/5.4.1/bin/../lib/gcc/arm-none-eabi/5.4.1/../../../../arm-none-eabi/lib/armv7-m\libg_nano.a(lib_a-nano-svfprintf.o)
                0x00002df0                __ssputs_r
 *fill*         0x00002ea2        0x2 
 .text._svfprintf_r
                0x00002ea4      0x1e8 c:/program files (x86)/cypress/psoc creator/4.2/psoc creator/import/gnu/arm/5.4.1/bin/../lib/gcc/arm-none-eabi/5.4.1/../../../../arm-none-eabi/lib/armv7-m\libg_nano.a(lib_a-nano-svfprintf.o)
                0x00002ea4                _svfiprintf_r
                0x00002ea4                _svfprintf_r
 .text._printf_common
                0x0000308c       0xec c:/program files (x86)/cypress/psoc creator/4.2/psoc creator/import/gnu/arm/5.4.1/bin/../lib/gcc/arm-none-eabi/5.4.1/../../../../arm-none-eabi/lib/armv7-m\libg_nano.a(lib_a-nano-vfprintf_i.o)
                0x0000308c                _printf_common
 .text._printf_i
                0x00003178      0x24c c:/program files (x86)/cypress/psoc creator/4.2/psoc creator/import/gnu/arm/5.4.1/bin/../lib/gcc/arm-none-eabi/5.4.1/../../../../arm-none-eabi/lib/armv7-m\libg_nano.a(lib_a-nano-vfprintf_i.o)
                0x00003178                _printf_i
 .text.memchr   0x000033c4       0x1c c:/program files (x86)/cypress/psoc creator/4.2/psoc creator/import/gnu/arm/5.4.1/bin/../lib/gcc/arm-none-eabi/5.4.1/../../../../arm-none-eabi/lib/armv7-m\libg_nano.a(lib_a-memchr-stub.o)
                0x000033c4                memchr
 .text.memmove  0x000033e0       0x36 c:/program files (x86)/cypress/psoc creator/4.2/psoc creator/import/gnu/arm/5.4.1/bin/../lib/gcc/arm-none-eabi/5.4.1/../../../../arm-none-eabi/lib/armv7-m\libg_nano.a(lib_a-memmove.o)
                0x000033e0                memmove
 *fill*         0x00003416        0x2 
 .text._free_r  0x00003418       0x98 c:/program files (x86)/cypress/psoc creator/4.2/psoc creator/import/gnu/arm/5.4.1/bin/../lib/gcc/arm-none-eabi/5.4.1/../../../../arm-none-eabi/lib/armv7-m\libg_nano.a(lib_a-nano-freer.o)
                0x00003418                _free_r
 .text._malloc_r
                0x000034b0       0xbc c:/program files (x86)/cypress/psoc creator/4.2/psoc creator/import/gnu/arm/5.4.1/bin/../lib/gcc/arm-none-eabi/5.4.1/../../../../arm-none-eabi/lib/armv7-m\libg_nano.a(lib_a-nano-mallocr.o)
                0x000034b0                _malloc_r
 .text._realloc_r
                0x0000356c       0x4c c:/program files (x86)/cypress/psoc creator/4.2/psoc creator/import/gnu/arm/5.4.1/bin/../lib/gcc/arm-none-eabi/5.4.1/../../../../arm-none-eabi/lib/armv7-m\libg_nano.a(lib_a-nano-reallocr.o)
                0x0000356c                _realloc_r
 .text._sbrk_r  0x000035b8       0x20 c:/program files (x86)/cypress/psoc creator/4.2/psoc creator/import/gnu/arm/5.4.1/bin/../lib/gcc/arm-none-eabi/5.4.1/../../../../arm-none-eabi/lib/armv7-m\libg_nano.a(lib_a-sbrkr.o)
                0x000035b8                _sbrk_r
 .text.__malloc_lock
                0x000035d8        0x2 c:/program files (x86)/cypress/psoc creator/4.2/psoc creator/import/gnu/arm/5.4.1/bin/../lib/gcc/arm-none-eabi/5.4.1/../../../../arm-none-eabi/lib/armv7-m\libg_nano.a(lib_a-mlock.o)
                0x000035d8                __malloc_lock
 .text.__malloc_unlock
                0x000035da        0x2 c:/program files (x86)/cypress/psoc creator/4.2/psoc creator/import/gnu/arm/5.4.1/bin/../lib/gcc/arm-none-eabi/5.4.1/../../../../arm-none-eabi/lib/armv7-m\libg_nano.a(lib_a-mlock.o)
                0x000035da                __malloc_unlock
 .text._malloc_usable_size_r
                0x000035dc       0x14 c:/program files (x86)/cypress/psoc creator/4.2/psoc creator/import/gnu/arm/5.4.1/bin/../lib/gcc/arm-none-eabi/5.4.1/../../../../arm-none-eabi/lib/armv7-m\libg_nano.a(lib_a-nano-msizer.o)
                0x000035dc                _malloc_usable_size_r
 *(.plt)
 *(.gnu.warning)
 *(.glue_7t)
 .glue_7t       0x000035f0        0x0 linker stubs
 *(.glue_7)
 .glue_7        0x000035f0        0x0 linker stubs
 *(.vfp11_veneer)
 .vfp11_veneer  0x000035f0        0x0 linker stubs
 *(.bootloader)
 *(.ARM.extab* .gnu.linkonce.armextab.*)
 *(.gcc_except_table)

.v4_bx          0x000035f0        0x0
 .v4_bx         0x000035f0        0x0 linker stubs

.iplt           0x000035f0        0x0
 .iplt          0x000035f0        0x0 c:/program files (x86)/cypress/psoc creator/4.2/psoc creator/import/gnu/arm/5.4.1/bin/../lib/gcc/arm-none-eabi/5.4.1/armv7-m/crtbegin.o

.eh_frame_hdr
 *(.eh_frame_hdr)

.eh_frame       0x000035f0        0x4
 *(.eh_frame)
 .eh_frame      0x000035f0        0x0 c:/program files (x86)/cypress/psoc creator/4.2/psoc creator/import/gnu/arm/5.4.1/bin/../lib/gcc/arm-none-eabi/5.4.1/armv7-m/crtbegin.o
 .eh_frame      0x000035f0        0x4 c:/program files (x86)/cypress/psoc creator/4.2/psoc creator/import/gnu/arm/5.4.1/bin/../lib/gcc/arm-none-eabi/5.4.1/armv7-m/crtend.o
                [!provide]                PROVIDE (__exidx_start, .)

.ARM.exidx      0x000035f4        0x8
 *(.ARM.exidx* .gnu.linkonce.armexidx.*)
 .ARM.exidx     0x000035f4        0x8 c:/program files (x86)/cypress/psoc creator/4.2/psoc creator/import/gnu/arm/5.4.1/bin/../lib/gcc/arm-none-eabi/5.4.1/armv7-m\libgcc.a(_udivmoddi4.o)
                0x000035fc                __exidx_end = .

.rodata         0x000035fc      0x1e4
 *(.rodata .rodata.* .gnu.linkonce.r.*)
 .rodata        0x000035fc       0x21 .\CortexM3\ARM_GCC_541\Debug\main.o
 *fill*         0x0000361d        0x3 
 .rodata        0x00003620      0x154 .\CortexM3\ARM_GCC_541\Debug\cyfitter_cfg.o
                0x00003620                ADC_DelSig_1_AMux__addrTable
                0x00003628                ADC_DelSig_1_AMux__maskTable
 .rodata.str1.1
                0x00003774        0x2 c:/program files (x86)/cypress/psoc creator/4.2/psoc creator/import/gnu/arm/5.4.1/bin/../lib/gcc/arm-none-eabi/5.4.1/../../../../arm-none-eabi/lib/armv7-m\libg_nano.a(lib_a-impure.o)
 .rodata.str1.1
                0x00003776       0x11 c:/program files (x86)/cypress/psoc creator/4.2/psoc creator/import/gnu/arm/5.4.1/bin/../lib/gcc/arm-none-eabi/5.4.1/../../../../arm-none-eabi/lib/armv7-m\libg_nano.a(lib_a-nano-svfprintf.o)
 .rodata.str1.1
                0x00003787       0x22 c:/program files (x86)/cypress/psoc creator/4.2/psoc creator/import/gnu/arm/5.4.1/bin/../lib/gcc/arm-none-eabi/5.4.1/../../../../arm-none-eabi/lib/armv7-m\libg_nano.a(lib_a-nano-vfprintf_i.o)
                0x000037ac                . = ALIGN (0x4)
 *fill*         0x000037a9        0x3 
 *(.init)
 .init          0x000037ac        0x4 c:/program files (x86)/cypress/psoc creator/4.2/psoc creator/import/gnu/arm/5.4.1/bin/../lib/gcc/arm-none-eabi/5.4.1/armv7-m/crti.o
                0x000037ac                _init
 .init          0x000037b0        0x8 c:/program files (x86)/cypress/psoc creator/4.2/psoc creator/import/gnu/arm/5.4.1/bin/../lib/gcc/arm-none-eabi/5.4.1/armv7-m/crtn.o
                0x000037b8                . = ALIGN (0x4)
                0x000037b8                __preinit_array_start = .
 *(.preinit_array)
                0x000037b8                __preinit_array_end = .
                0x000037b8                . = ALIGN (0x4)
                0x000037b8                __init_array_start = .
 *(SORT(.init_array.*))
 *(.init_array)
 .init_array    0x000037b8        0x4 c:/program files (x86)/cypress/psoc creator/4.2/psoc creator/import/gnu/arm/5.4.1/bin/../lib/gcc/arm-none-eabi/5.4.1/armv7-m/crtbegin.o
 .init_array    0x000037bc        0x4 .\CortexM3\ARM_GCC_541\Debug\Cm3Start.o
                0x000037c0                __init_array_end = .
                0x000037c0                . = ALIGN (0x4)
 *(.fini)
 .fini          0x000037c0        0x4 c:/program files (x86)/cypress/psoc creator/4.2/psoc creator/import/gnu/arm/5.4.1/bin/../lib/gcc/arm-none-eabi/5.4.1/armv7-m/crti.o
                0x000037c0                _fini
 .fini          0x000037c4        0x8 c:/program files (x86)/cypress/psoc creator/4.2/psoc creator/import/gnu/arm/5.4.1/bin/../lib/gcc/arm-none-eabi/5.4.1/armv7-m/crtn.o
                0x000037cc                . = ALIGN (0x4)
                0x000037cc                __fini_array_start = .
 *(.fini_array)
 .fini_array    0x000037cc        0x4 c:/program files (x86)/cypress/psoc creator/4.2/psoc creator/import/gnu/arm/5.4.1/bin/../lib/gcc/arm-none-eabi/5.4.1/armv7-m/crtbegin.o
 *(SORT(.fini_array.*))
                0x000037d0                __fini_array_end = .
                0x000037d0                . = ALIGN (0x4)
 *crtbegin.o(.ctors)
 *(EXCLUDE_FILE(*crtend.o) .ctors)
 *(SORT(.ctors.*))
 *crtend.o(.ctors)
                0x000037d0                . = ALIGN (0x4)
 *crtbegin.o(.dtors)
 *(EXCLUDE_FILE(*crtend.o) .dtors)
 *(SORT(.dtors.*))
 *crtend.o(.dtors)
                0x000037d0                . = ALIGN (0x4)
                0x000037d0                __cy_regions = .
                0x000037d0        0x4 LONG 0x37e0 __cy_region_init_ram
                0x000037d4        0x4 LONG 0x1fff80c8 __cy_region_start_data
                0x000037d8        0x4 LONG 0x8c8 __cy_region_init_size_ram
                0x000037dc        0x4 LONG 0x758 __cy_region_zero_size_ram
                0x000037e0                __cy_regions_end = .
                0x000037e0                . = ALIGN (0x8)
                0x000037e0                _etext = .

.cy_checksum_exclude
                0x000037e0        0x0
 *(.cy_checksum_exclude)

.ramvectors     0x1fff8000       0xc0
                0x1fff8000                __cy_region_start_ram = .
 *(.ramvectors)
 .ramvectors    0x1fff8000       0xc0 .\CortexM3\ARM_GCC_541\Debug\Cm3Start.o
                0x1fff8000                CyRamVectors

.noinit         0x1fff80c0        0x5
 *(.noinit)
 .noinit        0x1fff80c0        0x4 .\CortexM3\ARM_GCC_541\Debug\Cm3Start.o
 .noinit        0x1fff80c4        0x1 .\CortexM3\ARM_GCC_541\Debug\StepperTorqueControl.a(CyLib.o)
                0x1fff80c4                CyResetStatus

.data           0x1fff80c8      0x8c8 load address 0x000037e0
                0x1fff80c8                __cy_region_start_data = .
 *(.jcr)
 .jcr           0x1fff80c8        0x0 c:/program files (x86)/cypress/psoc creator/4.2/psoc creator/import/gnu/arm/5.4.1/bin/../lib/gcc/arm-none-eabi/5.4.1/armv7-m/crtbegin.o
 .jcr           0x1fff80c8        0x4 c:/program files (x86)/cypress/psoc creator/4.2/psoc creator/import/gnu/arm/5.4.1/bin/../lib/gcc/arm-none-eabi/5.4.1/armv7-m/crtend.o
 *(.got.plt)
 *(.got)
 *(.shdata)
 *(.data .data.* .gnu.linkonce.d.*)
 .data          0x1fff80cc      0x848 .\CortexM3\ARM_GCC_541\Debug\main.o
                0x1fff80cc                read_angle_command
                0x1fff80d0                step_array
                0x1fff8114                offsetMap
 .data          0x1fff8914        0x4 .\CortexM3\ARM_GCC_541\Debug\Cm3Start.o
 .data          0x1fff8918       0x10 .\CortexM3\ARM_GCC_541\Debug\StepperTorqueControl.a(CyLib.o)
                0x1fff8918                cydelay_freq_hz
                0x1fff891c                cydelay_freq_khz
                0x1fff8920                cydelay_freq_mhz
                0x1fff8924                cydelay_32k_ms
 .data          0x1fff8928        0x1 .\CortexM3\ARM_GCC_541\Debug\StepperTorqueControl.a(ADC_DelSig_1.o)
                0x1fff8928                ADC_DelSig_1_Config
 .data          0x1fff8929        0x1 .\CortexM3\ARM_GCC_541\Debug\StepperTorqueControl.a(ADC_DelSig_1_AMux.o)
 *fill*         0x1fff892a        0x2 
 .data.impure_data
                0x1fff892c       0x60 c:/program files (x86)/cypress/psoc creator/4.2/psoc creator/import/gnu/arm/5.4.1/bin/../lib/gcc/arm-none-eabi/5.4.1/../../../../arm-none-eabi/lib/armv7-m\libg_nano.a(lib_a-impure.o)
 .data._impure_ptr
                0x1fff898c        0x4 c:/program files (x86)/cypress/psoc creator/4.2/psoc creator/import/gnu/arm/5.4.1/bin/../lib/gcc/arm-none-eabi/5.4.1/../../../../arm-none-eabi/lib/armv7-m\libg_nano.a(lib_a-impure.o)
                0x1fff898c                _impure_ptr
                0x1fff8990                . = ALIGN (0x8)
 *(.ram)
                0x1fff8990                _edata = .

.igot.plt       0x1fff8990        0x0 load address 0x000040a8
 .igot.plt      0x1fff8990        0x0 c:/program files (x86)/cypress/psoc creator/4.2/psoc creator/import/gnu/arm/5.4.1/bin/../lib/gcc/arm-none-eabi/5.4.1/armv7-m/crtbegin.o

.bss            0x1fff8990      0x758 load address 0x000040a8
                0x1fff8990                PROVIDE (__bss_start__, .)
 *(.shbss)
 *(.bss .bss.* .gnu.linkonce.b.*)
 .bss           0x1fff8990       0x1c c:/program files (x86)/cypress/psoc creator/4.2/psoc creator/import/gnu/arm/5.4.1/bin/../lib/gcc/arm-none-eabi/5.4.1/armv7-m/crtbegin.o
 .bss           0x1fff89ac       0x24 .\CortexM3\ARM_GCC_541\Debug\main.o
                0x1fff89ac                torque_command
                0x1fff89b0                axis_position_filtered
                0x1fff89b4                axis_position_filtered_2
                0x1fff89b8                position_ref
                0x1fff89bc                position_ref_initial
                0x1fff89c0                position_ref_old
                0x1fff89c4                lead_angle
                0x1fff89c8                switch_val
                0x1fff89c9                switch_old
                0x1fff89ca                step_count
 .bss           0x1fff89d0        0x4 .\CortexM3\ARM_GCC_541\Debug\cyfitter_cfg.o
 .bss           0x1fff89d4        0x1 .\CortexM3\ARM_GCC_541\Debug\StepperTorqueControl.a(SPIM.o)
                0x1fff89d4                SPIM_initVar
 .bss           0x1fff89d5        0x2 .\CortexM3\ARM_GCC_541\Debug\StepperTorqueControl.a(UART_1.o)
                0x1fff89d5                UART_1_initVar
 *fill*         0x1fff89d7        0x1 
 .bss           0x1fff89d8       0x18 .\CortexM3\ARM_GCC_541\Debug\StepperTorqueControl.a(ADC_DelSig_1.o)
                0x1fff89d8                ADC_DelSig_1_convDone
                0x1fff89d9                ADC_DelSig_1_stopConversion
                0x1fff89da                ADC_DelSig_1_initVar
                0x1fff89db                ADC_DelSig_1_started
                0x1fff89dc                ADC_DelSig_1_Offset
 .bss           0x1fff89f0        0x8 .\CortexM3\ARM_GCC_541\Debug\StepperTorqueControl.a(tick.o)
                0x1fff89f0                angle_old
                0x1fff89f4                axis_position_old
 .bss           0x1fff89f8        0x1 .\CortexM3\ARM_GCC_541\Debug\StepperTorqueControl.a(Timer_1.o)
                0x1fff89f8                Timer_1_initVar
 .bss           0x1fff89f9        0x1 .\CortexM3\ARM_GCC_541\Debug\StepperTorqueControl.a(ShiftReg_1.o)
                0x1fff89f9                ShiftReg_1_initVar
 .bss           0x1fff89fa        0x1 .\CortexM3\ARM_GCC_541\Debug\StepperTorqueControl.a(StepDir.o)
                0x1fff89fa                StepDir_initVar
 *fill*         0x1fff89fb        0x1 
 .bss.__malloc_sbrk_start
                0x1fff89fc        0x4 c:/program files (x86)/cypress/psoc creator/4.2/psoc creator/import/gnu/arm/5.4.1/bin/../lib/gcc/arm-none-eabi/5.4.1/../../../../arm-none-eabi/lib/armv7-m\libg_nano.a(lib_a-nano-mallocr.o)
                0x1fff89fc                __malloc_sbrk_start
 .bss.__malloc_free_list
                0x1fff8a00        0x4 c:/program files (x86)/cypress/psoc creator/4.2/psoc creator/import/gnu/arm/5.4.1/bin/../lib/gcc/arm-none-eabi/5.4.1/../../../../arm-none-eabi/lib/armv7-m\libg_nano.a(lib_a-nano-mallocr.o)
                0x1fff8a00                __malloc_free_list
 *(COMMON)
 COMMON         0x1fff8a04      0x6d0 .\CortexM3\ARM_GCC_541\Debug\main.o
                0x1fff8a04                ACC_Read_buffer
                0x1fff8a10                ACC_Write_buffer
                0x1fff8a18                fullstepMapSorted
                0x1fff8d38                fullstepMap
                0x1fff9058                transmit_buff
                0x1fff90a8                position
                0x1fff90ac                split_position
                0x1fff90b0                angle_sum
                0x1fff90b4                min_index
                0x1fff90b8                angle
                0x1fff90bc                min
                0x1fff90c0                closest_int
                0x1fff90c4                controller_tick
                0x1fff90c8                axis_position
                0x1fff90cc                angle_diff
                0x1fff90d0                angle_electric
 COMMON         0x1fff90d4        0x4 .\CortexM3\ARM_GCC_541\Debug\StepperTorqueControl.a(ADC_DelSig_1.o)
                0x1fff90d4                ADC_DelSig_1_CountsPerVolt
 COMMON         0x1fff90d8        0x8 .\CortexM3\ARM_GCC_541\Debug\StepperTorqueControl.a(tick.o)
                0x1fff90d8                start_count
                0x1fff90dc                count
 COMMON         0x1fff90e0        0x4 c:/program files (x86)/cypress/psoc creator/4.2/psoc creator/import/gnu/arm/5.4.1/bin/../lib/gcc/arm-none-eabi/5.4.1/../../../../arm-none-eabi/lib/armv7-m\libg_nano.a(lib_a-reent.o)
                0x1fff90e0                errno
                0x1fff90e8                . = ALIGN (0x8)
 *fill*         0x1fff90e4        0x4 
 *(.ram.b)
                0x1fff90e8                _end = .
                0x1fff90e8                __end = .
                0x1fff90e8                PROVIDE (end, .)
                0x1fff90e8                PROVIDE (__bss_end__, .)
                0x000037e0                __cy_region_init_ram = LOADADDR (.data)
                0x000008c8                __cy_region_init_size_ram = (_edata - ADDR (.data))
                0x00000758                __cy_region_zero_size_ram = (_end - _edata)

.heap           0x1fff90e8       0x80 load address 0x000040a8
                0x1fff90e8                . = _end
                0x1fff9168                . = (. + 0x80)
 *fill*         0x1fff90e8       0x80 
                0x1fff9168                __cy_heap_limit = .

.stack          0x20007800      0x800
                0x20007800                __cy_stack_limit = .
                0x20008000                . = (. + 0x800)
 *fill*         0x20007800      0x800 
                0x00000001                ASSERT ((__cy_stack_limit >= __cy_heap_limit), region RAM overflowed with stack)
                0x00000000                cy_checksum_exclude_size = (CY_APPL_LOADABLE == 0x1)?SIZEOF (.cy_checksum_exclude):0x0
                0x00000001                ASSERT ((cy_checksum_exclude_size <= CY_CHECKSUM_EXCLUDE_SIZE), CY_BOOT: Section .cy_checksum_exclude size exceedes specified limit.)

.cyloadermeta
 *(.cyloadermeta)

.cyloadablemeta
 *(.cyloadablemeta)

.cyconfigecc    0x80000000     0x1cc0
 *(.cyconfigecc)
 .cyconfigecc   0x80000000     0x1cc0 .\CortexM3\ARM_GCC_541\Debug\cymetadata.o
                0x80000000                cy_meta_configecc

.cycustnvl      0x90000000        0x4
 *(.cycustnvl)
 .cycustnvl     0x90000000        0x4 .\CortexM3\ARM_GCC_541\Debug\cymetadata.o
                0x90000000                cy_meta_custnvl

.cywolatch      0x90100000        0x4
 *(.cywolatch)
 .cywolatch     0x90100000        0x4 .\CortexM3\ARM_GCC_541\Debug\cymetadata.o
                0x90100000                cy_meta_wonvl

.cyeeprom       0x90200000        0x0
 *(.cyeeprom)
                0x00000001                ASSERT ((. <= ((0x90200000 + ee_offset) + ee_size)), .cyeeprom data will not fit in EEPROM)

.cyflashprotect
                0x90400000      0x100
 *(.cyflashprotect)
 .cyflashprotect
                0x90400000      0x100 .\CortexM3\ARM_GCC_541\Debug\cymetadata.o
                0x90400000                cy_meta_flashprotect

.cymeta         0x90500000        0xc
 *(.cymeta)
 .cymeta        0x90500000        0xc .\CortexM3\ARM_GCC_541\Debug\cymetadata.o
                0x90500000                cy_metadata

.rel.dyn        0x000040a8        0x0 load address 0x9050000c
 .rel.iplt      0x000040a8        0x0 c:/program files (x86)/cypress/psoc creator/4.2/psoc creator/import/gnu/arm/5.4.1/bin/../lib/gcc/arm-none-eabi/5.4.1/armv7-m/crtbegin.o

.stab
 *(.stab)

.stabstr
 *(.stabstr)

.debug
 *(.debug)

.line
 *(.line)

.debug_srcinfo
 *(.debug_srcinfo)

.debug_sfnames
 *(.debug_sfnames)

.debug_aranges  0x00000000      0xe10
 *(.debug_aranges)
 .debug_aranges
                0x00000000       0x58 .\CortexM3\ARM_GCC_541\Debug\main.o
 .debug_aranges
                0x00000058       0x38 .\CortexM3\ARM_GCC_541\Debug\pid.o
 .debug_aranges
                0x00000090       0x70 .\CortexM3\ARM_GCC_541\Debug\cyfitter_cfg.o
 .debug_aranges
                0x00000100       0x18 .\CortexM3\ARM_GCC_541\Debug\cymetadata.o
 .debug_aranges
                0x00000118       0x48 .\CortexM3\ARM_GCC_541\Debug\Cm3Start.o
 .debug_aranges
                0x00000160       0xd8 .\CortexM3\ARM_GCC_541\Debug\StepperTorqueControl.a(SPIM.o)
 .debug_aranges
                0x00000238      0x2a0 .\CortexM3\ARM_GCC_541\Debug\StepperTorqueControl.a(CyLib.o)
 .debug_aranges
                0x000004d8       0x98 .\CortexM3\ARM_GCC_541\Debug\StepperTorqueControl.a(cyPm.o)
 .debug_aranges
                0x00000570       0xf0 .\CortexM3\ARM_GCC_541\Debug\StepperTorqueControl.a(UART_1.o)
 .debug_aranges
                0x00000660       0x70 .\CortexM3\ARM_GCC_541\Debug\StepperTorqueControl.a(UART_1_IntClock.o)
 .debug_aranges
                0x000006d0       0x80 .\CortexM3\ARM_GCC_541\Debug\StepperTorqueControl.a(I2C_1_MASTER.o)
 .debug_aranges
                0x00000750       0xe8 .\CortexM3\ARM_GCC_541\Debug\StepperTorqueControl.a(ADC_DelSig_1.o)
 .debug_aranges
                0x00000838       0x38 .\CortexM3\ARM_GCC_541\Debug\StepperTorqueControl.a(ADC_DelSig_1_INT.o)
 .debug_aranges
                0x00000870       0x30 .\CortexM3\ARM_GCC_541\Debug\StepperTorqueControl.a(ADC_DelSig_1_AMux.o)
 .debug_aranges
                0x000008a0       0x70 .\CortexM3\ARM_GCC_541\Debug\StepperTorqueControl.a(ADC_DelSig_1_Ext_CP_Clk.o)
 .debug_aranges
                0x00000910       0x80 .\CortexM3\ARM_GCC_541\Debug\StepperTorqueControl.a(ADC_DelSig_1_theACLK.o)
 .debug_aranges
                0x00000990       0x80 .\CortexM3\ARM_GCC_541\Debug\StepperTorqueControl.a(tick.o)
 .debug_aranges
                0x00000a10       0x88 .\CortexM3\ARM_GCC_541\Debug\StepperTorqueControl.a(Timer_1.o)
 .debug_aranges
                0x00000a98       0x28 .\CortexM3\ARM_GCC_541\Debug\StepperTorqueControl.a(Microstep.o)
 .debug_aranges
                0x00000ac0       0x40 .\CortexM3\ARM_GCC_541\Debug\StepperTorqueControl.a(sw1_read.o)
 .debug_aranges
                0x00000b00       0x70 .\CortexM3\ARM_GCC_541\Debug\StepperTorqueControl.a(ShiftReg_1.o)
 .debug_aranges
                0x00000b70       0x38 .\CortexM3\ARM_GCC_541\Debug\StepperTorqueControl.a(Interrupt_t.o)
 .debug_aranges
                0x00000ba8       0x98 .\CortexM3\ARM_GCC_541\Debug\StepperTorqueControl.a(StepDir.o)
 .debug_aranges
                0x00000c40       0x20 .\CortexM3\ARM_GCC_541\Debug\StepperTorqueControl.a(CyBootAsmGnu.o)
 .debug_aranges
                0x00000c60       0x80 .\CortexM3\ARM_GCC_541\Debug\StepperTorqueControl.a(CyFlash.o)
 .debug_aranges
                0x00000ce0       0x78 .\CortexM3\ARM_GCC_541\Debug\StepperTorqueControl.a(CySpc.o)
 .debug_aranges
                0x00000d58       0x38 .\CortexM3\ARM_GCC_541\Debug\StepperTorqueControl.a(I2C_1.o)
 .debug_aranges
                0x00000d90       0x20 .\CortexM3\ARM_GCC_541\Debug\StepperTorqueControl.a(I2C_1_INT.o)
 .debug_aranges
                0x00000db0       0x38 .\CortexM3\ARM_GCC_541\Debug\StepperTorqueControl.a(I2C_1_PM.o)
 .debug_aranges
                0x00000de8       0x28 .\CortexM3\ARM_GCC_541\Debug\StepperTorqueControl.a(Direction.o)

.debug_pubnames
 *(.debug_pubnames)

.debug_info     0x00000000     0x5f82
 *(.debug_info .gnu.linkonce.wi.*)
 .debug_info    0x00000000      0x6e9 .\CortexM3\ARM_GCC_541\Debug\main.o
 .debug_info    0x000006e9      0x2bf .\CortexM3\ARM_GCC_541\Debug\pid.o
 .debug_info    0x000009a8      0x473 .\CortexM3\ARM_GCC_541\Debug\cyfitter_cfg.o
 .debug_info    0x00000e1b      0x139 .\CortexM3\ARM_GCC_541\Debug\cymetadata.o
 .debug_info    0x00000f54      0x32b .\CortexM3\ARM_GCC_541\Debug\Cm3Start.o
 .debug_info    0x0000127f      0x411 .\CortexM3\ARM_GCC_541\Debug\StepperTorqueControl.a(SPIM.o)
 .debug_info    0x00001690      0xe51 .\CortexM3\ARM_GCC_541\Debug\StepperTorqueControl.a(CyLib.o)
 .debug_info    0x000024e1      0x57a .\CortexM3\ARM_GCC_541\Debug\StepperTorqueControl.a(cyPm.o)
 .debug_info    0x00002a5b      0x50a .\CortexM3\ARM_GCC_541\Debug\StepperTorqueControl.a(UART_1.o)
 .debug_info    0x00002f65      0x25d .\CortexM3\ARM_GCC_541\Debug\StepperTorqueControl.a(UART_1_IntClock.o)
 .debug_info    0x000031c2      0x3f8 .\CortexM3\ARM_GCC_541\Debug\StepperTorqueControl.a(I2C_1_MASTER.o)
 .debug_info    0x000035ba      0x72c .\CortexM3\ARM_GCC_541\Debug\StepperTorqueControl.a(ADC_DelSig_1.o)
 .debug_info    0x00003ce6       0xd3 .\CortexM3\ARM_GCC_541\Debug\StepperTorqueControl.a(ADC_DelSig_1_INT.o)
 .debug_info    0x00003db9      0x10a .\CortexM3\ARM_GCC_541\Debug\StepperTorqueControl.a(ADC_DelSig_1_AMux.o)
 .debug_info    0x00003ec3      0x25d .\CortexM3\ARM_GCC_541\Debug\StepperTorqueControl.a(ADC_DelSig_1_Ext_CP_Clk.o)
 .debug_info    0x00004120      0x299 .\CortexM3\ARM_GCC_541\Debug\StepperTorqueControl.a(ADC_DelSig_1_theACLK.o)
 .debug_info    0x000043b9      0x35b .\CortexM3\ARM_GCC_541\Debug\StepperTorqueControl.a(tick.o)
 .debug_info    0x00004714      0x245 .\CortexM3\ARM_GCC_541\Debug\StepperTorqueControl.a(Timer_1.o)
 .debug_info    0x00004959       0xd7 .\CortexM3\ARM_GCC_541\Debug\StepperTorqueControl.a(Microstep.o)
 .debug_info    0x00004a30      0x142 .\CortexM3\ARM_GCC_541\Debug\StepperTorqueControl.a(sw1_read.o)
 .debug_info    0x00004b72      0x228 .\CortexM3\ARM_GCC_541\Debug\StepperTorqueControl.a(ShiftReg_1.o)
 .debug_info    0x00004d9a      0x11e .\CortexM3\ARM_GCC_541\Debug\StepperTorqueControl.a(Interrupt_t.o)
 .debug_info    0x00004eb8      0x291 .\CortexM3\ARM_GCC_541\Debug\StepperTorqueControl.a(StepDir.o)
 .debug_info    0x00005149       0xa6 .\CortexM3\ARM_GCC_541\Debug\StepperTorqueControl.a(CyBootAsmGnu.o)
 .debug_info    0x000051ef      0x371 .\CortexM3\ARM_GCC_541\Debug\StepperTorqueControl.a(CyFlash.o)
 .debug_info    0x00005560      0x45a .\CortexM3\ARM_GCC_541\Debug\StepperTorqueControl.a(CySpc.o)
 .debug_info    0x000059ba      0x201 .\CortexM3\ARM_GCC_541\Debug\StepperTorqueControl.a(I2C_1.o)
 .debug_info    0x00005bbb      0x156 .\CortexM3\ARM_GCC_541\Debug\StepperTorqueControl.a(I2C_1_INT.o)
 .debug_info    0x00005d11      0x19a .\CortexM3\ARM_GCC_541\Debug\StepperTorqueControl.a(I2C_1_PM.o)
 .debug_info    0x00005eab       0xd7 .\CortexM3\ARM_GCC_541\Debug\StepperTorqueControl.a(Direction.o)

.debug_abbrev   0x00000000     0x1f8b
 *(.debug_abbrev)
 .debug_abbrev  0x00000000      0x1da .\CortexM3\ARM_GCC_541\Debug\main.o
 .debug_abbrev  0x000001da       0xf9 .\CortexM3\ARM_GCC_541\Debug\pid.o
 .debug_abbrev  0x000002d3      0x194 .\CortexM3\ARM_GCC_541\Debug\cyfitter_cfg.o
 .debug_abbrev  0x00000467       0x77 .\CortexM3\ARM_GCC_541\Debug\cymetadata.o
 .debug_abbrev  0x000004de      0x1d6 .\CortexM3\ARM_GCC_541\Debug\Cm3Start.o
 .debug_abbrev  0x000006b4      0x156 .\CortexM3\ARM_GCC_541\Debug\StepperTorqueControl.a(SPIM.o)
 .debug_abbrev  0x0000080a      0x217 .\CortexM3\ARM_GCC_541\Debug\StepperTorqueControl.a(CyLib.o)
 .debug_abbrev  0x00000a21      0x161 .\CortexM3\ARM_GCC_541\Debug\StepperTorqueControl.a(cyPm.o)
 .debug_abbrev  0x00000b82      0x163 .\CortexM3\ARM_GCC_541\Debug\StepperTorqueControl.a(UART_1.o)
 .debug_abbrev  0x00000ce5      0x11d .\CortexM3\ARM_GCC_541\Debug\StepperTorqueControl.a(UART_1_IntClock.o)
 .debug_abbrev  0x00000e02      0x11e .\CortexM3\ARM_GCC_541\Debug\StepperTorqueControl.a(I2C_1_MASTER.o)
 .debug_abbrev  0x00000f20      0x19d .\CortexM3\ARM_GCC_541\Debug\StepperTorqueControl.a(ADC_DelSig_1.o)
 .debug_abbrev  0x000010bd       0x42 .\CortexM3\ARM_GCC_541\Debug\StepperTorqueControl.a(ADC_DelSig_1_INT.o)
 .debug_abbrev  0x000010ff       0x6f .\CortexM3\ARM_GCC_541\Debug\StepperTorqueControl.a(ADC_DelSig_1_AMux.o)
 .debug_abbrev  0x0000116e      0x11d .\CortexM3\ARM_GCC_541\Debug\StepperTorqueControl.a(ADC_DelSig_1_Ext_CP_Clk.o)
 .debug_abbrev  0x0000128b      0x11d .\CortexM3\ARM_GCC_541\Debug\StepperTorqueControl.a(ADC_DelSig_1_theACLK.o)
 .debug_abbrev  0x000013a8      0x152 .\CortexM3\ARM_GCC_541\Debug\StepperTorqueControl.a(tick.o)
 .debug_abbrev  0x000014fa       0xe9 .\CortexM3\ARM_GCC_541\Debug\StepperTorqueControl.a(Timer_1.o)
 .debug_abbrev  0x000015e3       0x81 .\CortexM3\ARM_GCC_541\Debug\StepperTorqueControl.a(Microstep.o)
 .debug_abbrev  0x00001664       0xaa .\CortexM3\ARM_GCC_541\Debug\StepperTorqueControl.a(sw1_read.o)
 .debug_abbrev  0x0000170e      0x129 .\CortexM3\ARM_GCC_541\Debug\StepperTorqueControl.a(ShiftReg_1.o)
 .debug_abbrev  0x00001837       0x90 .\CortexM3\ARM_GCC_541\Debug\StepperTorqueControl.a(Interrupt_t.o)
 .debug_abbrev  0x000018c7      0x12c .\CortexM3\ARM_GCC_541\Debug\StepperTorqueControl.a(StepDir.o)
 .debug_abbrev  0x000019f3       0x14 .\CortexM3\ARM_GCC_541\Debug\StepperTorqueControl.a(CyBootAsmGnu.o)
 .debug_abbrev  0x00001a07      0x13c .\CortexM3\ARM_GCC_541\Debug\StepperTorqueControl.a(CyFlash.o)
 .debug_abbrev  0x00001b43      0x16c .\CortexM3\ARM_GCC_541\Debug\StepperTorqueControl.a(CySpc.o)
 .debug_abbrev  0x00001caf       0xe2 .\CortexM3\ARM_GCC_541\Debug\StepperTorqueControl.a(I2C_1.o)
 .debug_abbrev  0x00001d91       0x81 .\CortexM3\ARM_GCC_541\Debug\StepperTorqueControl.a(I2C_1_INT.o)
 .debug_abbrev  0x00001e12       0xf8 .\CortexM3\ARM_GCC_541\Debug\StepperTorqueControl.a(I2C_1_PM.o)
 .debug_abbrev  0x00001f0a       0x81 .\CortexM3\ARM_GCC_541\Debug\StepperTorqueControl.a(Direction.o)

.debug_line     0x00000000     0x3520
 *(.debug_line)
 .debug_line    0x00000000      0x254 .\CortexM3\ARM_GCC_541\Debug\main.o
 .debug_line    0x00000254       0xbe .\CortexM3\ARM_GCC_541\Debug\pid.o
 .debug_line    0x00000312      0x256 .\CortexM3\ARM_GCC_541\Debug\cyfitter_cfg.o
 .debug_line    0x00000568      0x141 .\CortexM3\ARM_GCC_541\Debug\cymetadata.o
 .debug_line    0x000006a9      0x1dc .\CortexM3\ARM_GCC_541\Debug\Cm3Start.o
 .debug_line    0x00000885      0x264 .\CortexM3\ARM_GCC_541\Debug\StepperTorqueControl.a(SPIM.o)
 .debug_line    0x00000ae9      0x883 .\CortexM3\ARM_GCC_541\Debug\StepperTorqueControl.a(CyLib.o)
 .debug_line    0x0000136c      0x38e .\CortexM3\ARM_GCC_541\Debug\StepperTorqueControl.a(cyPm.o)
 .debug_line    0x000016fa      0x2e4 .\CortexM3\ARM_GCC_541\Debug\StepperTorqueControl.a(UART_1.o)
 .debug_line    0x000019de      0x1ae .\CortexM3\ARM_GCC_541\Debug\StepperTorqueControl.a(UART_1_IntClock.o)
 .debug_line    0x00001b8c      0x1ec .\CortexM3\ARM_GCC_541\Debug\StepperTorqueControl.a(I2C_1_MASTER.o)
 .debug_line    0x00001d78      0x3dc .\CortexM3\ARM_GCC_541\Debug\StepperTorqueControl.a(ADC_DelSig_1.o)
 .debug_line    0x00002154       0x95 .\CortexM3\ARM_GCC_541\Debug\StepperTorqueControl.a(ADC_DelSig_1_INT.o)
 .debug_line    0x000021e9       0xa6 .\CortexM3\ARM_GCC_541\Debug\StepperTorqueControl.a(ADC_DelSig_1_AMux.o)
 .debug_line    0x0000228f      0x1b6 .\CortexM3\ARM_GCC_541\Debug\StepperTorqueControl.a(ADC_DelSig_1_Ext_CP_Clk.o)
 .debug_line    0x00002445      0x1d7 .\CortexM3\ARM_GCC_541\Debug\StepperTorqueControl.a(ADC_DelSig_1_theACLK.o)
 .debug_line    0x0000261c      0x16d .\CortexM3\ARM_GCC_541\Debug\StepperTorqueControl.a(tick.o)
 .debug_line    0x00002789      0x15f .\CortexM3\ARM_GCC_541\Debug\StepperTorqueControl.a(Timer_1.o)
 .debug_line    0x000028e8       0x72 .\CortexM3\ARM_GCC_541\Debug\StepperTorqueControl.a(Microstep.o)
 .debug_line    0x0000295a       0xac .\CortexM3\ARM_GCC_541\Debug\StepperTorqueControl.a(sw1_read.o)
 .debug_line    0x00002a06      0x132 .\CortexM3\ARM_GCC_541\Debug\StepperTorqueControl.a(ShiftReg_1.o)
 .debug_line    0x00002b38       0x9b .\CortexM3\ARM_GCC_541\Debug\StepperTorqueControl.a(Interrupt_t.o)
 .debug_line    0x00002bd3      0x185 .\CortexM3\ARM_GCC_541\Debug\StepperTorqueControl.a(StepDir.o)
 .debug_line    0x00002d58       0x66 .\CortexM3\ARM_GCC_541\Debug\StepperTorqueControl.a(CyBootAsmGnu.o)
 .debug_line    0x00002dbe      0x205 .\CortexM3\ARM_GCC_541\Debug\StepperTorqueControl.a(CyFlash.o)
 .debug_line    0x00002fc3      0x212 .\CortexM3\ARM_GCC_541\Debug\StepperTorqueControl.a(CySpc.o)
 .debug_line    0x000031d5       0xdb .\CortexM3\ARM_GCC_541\Debug\StepperTorqueControl.a(I2C_1.o)
 .debug_line    0x000032b0      0x13f .\CortexM3\ARM_GCC_541\Debug\StepperTorqueControl.a(I2C_1_INT.o)
 .debug_line    0x000033ef       0xbf .\CortexM3\ARM_GCC_541\Debug\StepperTorqueControl.a(I2C_1_PM.o)
 .debug_line    0x000034ae       0x72 .\CortexM3\ARM_GCC_541\Debug\StepperTorqueControl.a(Direction.o)

.debug_frame    0x00000000     0x3b04
 *(.debug_frame)
 .debug_frame   0x00000000      0x150 .\CortexM3\ARM_GCC_541\Debug\main.o
 .debug_frame   0x00000150       0xc0 .\CortexM3\ARM_GCC_541\Debug\pid.o
 .debug_frame   0x00000210      0x1b0 .\CortexM3\ARM_GCC_541\Debug\cyfitter_cfg.o
 .debug_frame   0x000003c0       0xd8 .\CortexM3\ARM_GCC_541\Debug\Cm3Start.o
 .debug_frame   0x00000498      0x38c .\CortexM3\ARM_GCC_541\Debug\StepperTorqueControl.a(SPIM.o)
 .debug_frame   0x00000824      0xc0c .\CortexM3\ARM_GCC_541\Debug\StepperTorqueControl.a(CyLib.o)
 .debug_frame   0x00001430      0x234 .\CortexM3\ARM_GCC_541\Debug\StepperTorqueControl.a(cyPm.o)
 .debug_frame   0x00001664      0x42c .\CortexM3\ARM_GCC_541\Debug\StepperTorqueControl.a(UART_1.o)
 .debug_frame   0x00001a90      0x1b4 .\CortexM3\ARM_GCC_541\Debug\StepperTorqueControl.a(UART_1_IntClock.o)
 .debug_frame   0x00001c44      0x208 .\CortexM3\ARM_GCC_541\Debug\StepperTorqueControl.a(I2C_1_MASTER.o)
 .debug_frame   0x00001e4c      0x40c .\CortexM3\ARM_GCC_541\Debug\StepperTorqueControl.a(ADC_DelSig_1.o)
 .debug_frame   0x00002258       0xa0 .\CortexM3\ARM_GCC_541\Debug\StepperTorqueControl.a(ADC_DelSig_1_INT.o)
 .debug_frame   0x000022f8       0x88 .\CortexM3\ARM_GCC_541\Debug\StepperTorqueControl.a(ADC_DelSig_1_AMux.o)
 .debug_frame   0x00002380      0x1b4 .\CortexM3\ARM_GCC_541\Debug\StepperTorqueControl.a(ADC_DelSig_1_Ext_CP_Clk.o)
 .debug_frame   0x00002534      0x200 .\CortexM3\ARM_GCC_541\Debug\StepperTorqueControl.a(ADC_DelSig_1_theACLK.o)
 .debug_frame   0x00002734      0x1e0 .\CortexM3\ARM_GCC_541\Debug\StepperTorqueControl.a(tick.o)
 .debug_frame   0x00002914      0x208 .\CortexM3\ARM_GCC_541\Debug\StepperTorqueControl.a(Timer_1.o)
 .debug_frame   0x00002b1c       0x5c .\CortexM3\ARM_GCC_541\Debug\StepperTorqueControl.a(Microstep.o)
 .debug_frame   0x00002b78       0xd0 .\CortexM3\ARM_GCC_541\Debug\StepperTorqueControl.a(sw1_read.o)
 .debug_frame   0x00002c48      0x194 .\CortexM3\ARM_GCC_541\Debug\StepperTorqueControl.a(ShiftReg_1.o)
 .debug_frame   0x00002ddc       0xa8 .\CortexM3\ARM_GCC_541\Debug\StepperTorqueControl.a(Interrupt_t.o)
 .debug_frame   0x00002e84      0x258 .\CortexM3\ARM_GCC_541\Debug\StepperTorqueControl.a(StepDir.o)
 .debug_frame   0x000030dc      0x210 .\CortexM3\ARM_GCC_541\Debug\StepperTorqueControl.a(CyFlash.o)
 .debug_frame   0x000032ec      0x1f8 .\CortexM3\ARM_GCC_541\Debug\StepperTorqueControl.a(CySpc.o)
 .debug_frame   0x000034e4       0x98 .\CortexM3\ARM_GCC_541\Debug\StepperTorqueControl.a(I2C_1.o)
 .debug_frame   0x0000357c       0x38 .\CortexM3\ARM_GCC_541\Debug\StepperTorqueControl.a(I2C_1_INT.o)
 .debug_frame   0x000035b4       0x94 .\CortexM3\ARM_GCC_541\Debug\StepperTorqueControl.a(I2C_1_PM.o)
 .debug_frame   0x00003648       0x5c .\CortexM3\ARM_GCC_541\Debug\StepperTorqueControl.a(Direction.o)
 .debug_frame   0x000036a4       0x44 c:/program files (x86)/cypress/psoc creator/4.2/psoc creator/import/gnu/arm/5.4.1/bin/../lib/gcc/arm-none-eabi/5.4.1/armv7-m\libgcc.a(_aeabi_ldivmod.o)
 .debug_frame   0x000036e8       0x38 c:/program files (x86)/cypress/psoc creator/4.2/psoc creator/import/gnu/arm/5.4.1/bin/../lib/gcc/arm-none-eabi/5.4.1/armv7-m\libgcc.a(_udivmoddi4.o)
 .debug_frame   0x00003720       0x20 c:/program files (x86)/cypress/psoc creator/4.2/psoc creator/import/gnu/arm/5.4.1/bin/../lib/gcc/arm-none-eabi/5.4.1/../../../../arm-none-eabi/lib/armv7-m\libg_nano.a(lib_a-errno.o)
 .debug_frame   0x00003740       0x28 c:/program files (x86)/cypress/psoc creator/4.2/psoc creator/import/gnu/arm/5.4.1/bin/../lib/gcc/arm-none-eabi/5.4.1/../../../../arm-none-eabi/lib/armv7-m\libg_nano.a(lib_a-exit.o)
 .debug_frame   0x00003768       0x2c c:/program files (x86)/cypress/psoc creator/4.2/psoc creator/import/gnu/arm/5.4.1/bin/../lib/gcc/arm-none-eabi/5.4.1/../../../../arm-none-eabi/lib/armv7-m\libg_nano.a(lib_a-init.o)
 .debug_frame   0x00003794       0x28 c:/program files (x86)/cypress/psoc creator/4.2/psoc creator/import/gnu/arm/5.4.1/bin/../lib/gcc/arm-none-eabi/5.4.1/../../../../arm-none-eabi/lib/armv7-m\libg_nano.a(lib_a-memcpy-stub.o)
 .debug_frame   0x000037bc       0x20 c:/program files (x86)/cypress/psoc creator/4.2/psoc creator/import/gnu/arm/5.4.1/bin/../lib/gcc/arm-none-eabi/5.4.1/../../../../arm-none-eabi/lib/armv7-m\libg_nano.a(lib_a-memset.o)
 .debug_frame   0x000037dc       0x70 c:/program files (x86)/cypress/psoc creator/4.2/psoc creator/import/gnu/arm/5.4.1/bin/../lib/gcc/arm-none-eabi/5.4.1/../../../../arm-none-eabi/lib/armv7-m\libg_nano.a(lib_a-sprintf.o)
 .debug_frame   0x0000384c       0x90 c:/program files (x86)/cypress/psoc creator/4.2/psoc creator/import/gnu/arm/5.4.1/bin/../lib/gcc/arm-none-eabi/5.4.1/../../../../arm-none-eabi/lib/armv7-m\libg_nano.a(lib_a-nano-svfprintf.o)
 .debug_frame   0x000038dc       0x60 c:/program files (x86)/cypress/psoc creator/4.2/psoc creator/import/gnu/arm/5.4.1/bin/../lib/gcc/arm-none-eabi/5.4.1/../../../../arm-none-eabi/lib/armv7-m\libg_nano.a(lib_a-nano-vfprintf_i.o)
 .debug_frame   0x0000393c       0x28 c:/program files (x86)/cypress/psoc creator/4.2/psoc creator/import/gnu/arm/5.4.1/bin/../lib/gcc/arm-none-eabi/5.4.1/../../../../arm-none-eabi/lib/armv7-m\libg_nano.a(lib_a-memchr-stub.o)
 .debug_frame   0x00003964       0x28 c:/program files (x86)/cypress/psoc creator/4.2/psoc creator/import/gnu/arm/5.4.1/bin/../lib/gcc/arm-none-eabi/5.4.1/../../../../arm-none-eabi/lib/armv7-m\libg_nano.a(lib_a-memmove.o)
 .debug_frame   0x0000398c       0x38 c:/program files (x86)/cypress/psoc creator/4.2/psoc creator/import/gnu/arm/5.4.1/bin/../lib/gcc/arm-none-eabi/5.4.1/../../../../arm-none-eabi/lib/armv7-m\libg_nano.a(lib_a-nano-freer.o)
 .debug_frame   0x000039c4       0x2c c:/program files (x86)/cypress/psoc creator/4.2/psoc creator/import/gnu/arm/5.4.1/bin/../lib/gcc/arm-none-eabi/5.4.1/../../../../arm-none-eabi/lib/armv7-m\libg_nano.a(lib_a-nano-mallocr.o)
 .debug_frame   0x000039f0       0x3c c:/program files (x86)/cypress/psoc creator/4.2/psoc creator/import/gnu/arm/5.4.1/bin/../lib/gcc/arm-none-eabi/5.4.1/../../../../arm-none-eabi/lib/armv7-m\libg_nano.a(lib_a-nano-reallocr.o)
 .debug_frame   0x00003a2c       0x2c c:/program files (x86)/cypress/psoc creator/4.2/psoc creator/import/gnu/arm/5.4.1/bin/../lib/gcc/arm-none-eabi/5.4.1/../../../../arm-none-eabi/lib/armv7-m\libg_nano.a(lib_a-sbrkr.o)
 .debug_frame   0x00003a58       0x30 c:/program files (x86)/cypress/psoc creator/4.2/psoc creator/import/gnu/arm/5.4.1/bin/../lib/gcc/arm-none-eabi/5.4.1/../../../../arm-none-eabi/lib/armv7-m\libg_nano.a(lib_a-mlock.o)
 .debug_frame   0x00003a88       0x20 c:/program files (x86)/cypress/psoc creator/4.2/psoc creator/import/gnu/arm/5.4.1/bin/../lib/gcc/arm-none-eabi/5.4.1/../../../../arm-none-eabi/lib/armv7-m\libg_nano.a(lib_a-nano-msizer.o)
 .debug_frame   0x00003aa8       0x5c c:/program files (x86)/cypress/psoc creator/4.2/psoc creator/import/gnu/arm/5.4.1/bin/../lib/gcc/arm-none-eabi/5.4.1/../../../../arm-none-eabi/lib/armv7-m\libg_nano.a(lib_a-reent.o)

.debug_str      0x00000000     0x2fdb
 *(.debug_str)
 .debug_str     0x00000000      0x48b .\CortexM3\ARM_GCC_541\Debug\main.o
                                0x4fb (size before relaxing)
 .debug_str     0x0000048b       0x29 .\CortexM3\ARM_GCC_541\Debug\pid.o
                                0x23d (size before relaxing)
 .debug_str     0x000004b4      0x1fb .\CortexM3\ARM_GCC_541\Debug\cyfitter_cfg.o
                                0x3a5 (size before relaxing)
 .debug_str     0x000006af       0x7f .\CortexM3\ARM_GCC_541\Debug\cymetadata.o
                                0x1fa (size before relaxing)
 .debug_str     0x0000072e      0x11e .\CortexM3\ARM_GCC_541\Debug\Cm3Start.o
                                0x2ed (size before relaxing)
 .debug_str     0x0000084c      0x226 .\CortexM3\ARM_GCC_541\Debug\StepperTorqueControl.a(SPIM.o)
                                0x3db (size before relaxing)
 .debug_str     0x00000a72      0x7ed .\CortexM3\ARM_GCC_541\Debug\StepperTorqueControl.a(CyLib.o)
                                0xa00 (size before relaxing)
 .debug_str     0x0000125f      0x371 .\CortexM3\ARM_GCC_541\Debug\StepperTorqueControl.a(cyPm.o)
                                0x559 (size before relaxing)
 .debug_str     0x000015d0      0x288 .\CortexM3\ARM_GCC_541\Debug\StepperTorqueControl.a(UART_1.o)
                                0x471 (size before relaxing)
 .debug_str     0x00001858      0x1c2 .\CortexM3\ARM_GCC_541\Debug\StepperTorqueControl.a(UART_1_IntClock.o)
                                0x364 (size before relaxing)
 .debug_str     0x00001a1a      0x233 .\CortexM3\ARM_GCC_541\Debug\StepperTorqueControl.a(I2C_1_MASTER.o)
                                0x3e8 (size before relaxing)
 .debug_str     0x00001c4d      0x41d .\CortexM3\ARM_GCC_541\Debug\StepperTorqueControl.a(ADC_DelSig_1.o)
                                0x639 (size before relaxing)
 .debug_str     0x0000206a       0x72 .\CortexM3\ARM_GCC_541\Debug\StepperTorqueControl.a(ADC_DelSig_1_INT.o)
                                0x203 (size before relaxing)
 .debug_str     0x000020dc       0x9c .\CortexM3\ARM_GCC_541\Debug\StepperTorqueControl.a(ADC_DelSig_1_AMux.o)
                                0x226 (size before relaxing)
 .debug_str     0x00002178      0x1d7 .\CortexM3\ARM_GCC_541\Debug\StepperTorqueControl.a(ADC_DelSig_1_Ext_CP_Clk.o)
                                0x3c4 (size before relaxing)
 .debug_str     0x0000234f      0x208 .\CortexM3\ARM_GCC_541\Debug\StepperTorqueControl.a(ADC_DelSig_1_theACLK.o)
                                0x3f5 (size before relaxing)
 .debug_str     0x00002557       0xf6 .\CortexM3\ARM_GCC_541\Debug\StepperTorqueControl.a(tick.o)
                                0x399 (size before relaxing)
 .debug_str     0x0000264d      0x17a .\CortexM3\ARM_GCC_541\Debug\StepperTorqueControl.a(Timer_1.o)
                                0x32b (size before relaxing)
 .debug_str     0x000027c7       0x42 .\CortexM3\ARM_GCC_541\Debug\StepperTorqueControl.a(Microstep.o)
                                0x1d1 (size before relaxing)
 .debug_str     0x00002809       0x88 .\CortexM3\ARM_GCC_541\Debug\StepperTorqueControl.a(sw1_read.o)
                                0x238 (size before relaxing)
 .debug_str     0x00002891      0x13e .\CortexM3\ARM_GCC_541\Debug\StepperTorqueControl.a(ShiftReg_1.o)
                                0x2fd (size before relaxing)
 .debug_str     0x000029cf       0x84 .\CortexM3\ARM_GCC_541\Debug\StepperTorqueControl.a(Interrupt_t.o)
                                0x216 (size before relaxing)
 .debug_str     0x00002a53      0x1a7 .\CortexM3\ARM_GCC_541\Debug\StepperTorqueControl.a(StepDir.o)
                                0x367 (size before relaxing)
 .debug_str     0x00002bfa      0x13e .\CortexM3\ARM_GCC_541\Debug\StepperTorqueControl.a(CyFlash.o)
                                0x30c (size before relaxing)
 .debug_str     0x00002d38      0x119 .\CortexM3\ARM_GCC_541\Debug\StepperTorqueControl.a(CySpc.o)
                                0x309 (size before relaxing)
 .debug_str     0x00002e51       0xb4 .\CortexM3\ARM_GCC_541\Debug\StepperTorqueControl.a(I2C_1.o)
                                0x2b4 (size before relaxing)
 .debug_str     0x00002f05       0x34 .\CortexM3\ARM_GCC_541\Debug\StepperTorqueControl.a(I2C_1_INT.o)
                                0x284 (size before relaxing)
 .debug_str     0x00002f39       0x60 .\CortexM3\ARM_GCC_541\Debug\StepperTorqueControl.a(I2C_1_PM.o)
                                0x260 (size before relaxing)
 .debug_str     0x00002f99       0x42 .\CortexM3\ARM_GCC_541\Debug\StepperTorqueControl.a(Direction.o)
                                0x1d1 (size before relaxing)

.debug_loc
 *(.debug_loc)

.debug_macinfo
 *(.debug_macinfo)

.debug_ranges   0x00000000      0xc18
 *(.debug_ranges)
 .debug_ranges  0x00000000       0x48 .\CortexM3\ARM_GCC_541\Debug\main.o
 .debug_ranges  0x00000048       0x28 .\CortexM3\ARM_GCC_541\Debug\pid.o
 .debug_ranges  0x00000070       0x60 .\CortexM3\ARM_GCC_541\Debug\cyfitter_cfg.o
 .debug_ranges  0x000000d0       0x38 .\CortexM3\ARM_GCC_541\Debug\Cm3Start.o
 .debug_ranges  0x00000108       0xc8 .\CortexM3\ARM_GCC_541\Debug\StepperTorqueControl.a(SPIM.o)
 .debug_ranges  0x000001d0      0x290 .\CortexM3\ARM_GCC_541\Debug\StepperTorqueControl.a(CyLib.o)
 .debug_ranges  0x00000460       0x88 .\CortexM3\ARM_GCC_541\Debug\StepperTorqueControl.a(cyPm.o)
 .debug_ranges  0x000004e8       0xe0 .\CortexM3\ARM_GCC_541\Debug\StepperTorqueControl.a(UART_1.o)
 .debug_ranges  0x000005c8       0x60 .\CortexM3\ARM_GCC_541\Debug\StepperTorqueControl.a(UART_1_IntClock.o)
 .debug_ranges  0x00000628       0x70 .\CortexM3\ARM_GCC_541\Debug\StepperTorqueControl.a(I2C_1_MASTER.o)
 .debug_ranges  0x00000698       0xd8 .\CortexM3\ARM_GCC_541\Debug\StepperTorqueControl.a(ADC_DelSig_1.o)
 .debug_ranges  0x00000770       0x28 .\CortexM3\ARM_GCC_541\Debug\StepperTorqueControl.a(ADC_DelSig_1_INT.o)
 .debug_ranges  0x00000798       0x20 .\CortexM3\ARM_GCC_541\Debug\StepperTorqueControl.a(ADC_DelSig_1_AMux.o)
 .debug_ranges  0x000007b8       0x60 .\CortexM3\ARM_GCC_541\Debug\StepperTorqueControl.a(ADC_DelSig_1_Ext_CP_Clk.o)
 .debug_ranges  0x00000818       0x70 .\CortexM3\ARM_GCC_541\Debug\StepperTorqueControl.a(ADC_DelSig_1_theACLK.o)
 .debug_ranges  0x00000888       0x70 .\CortexM3\ARM_GCC_541\Debug\StepperTorqueControl.a(tick.o)
 .debug_ranges  0x000008f8       0x78 .\CortexM3\ARM_GCC_541\Debug\StepperTorqueControl.a(Timer_1.o)
 .debug_ranges  0x00000970       0x18 .\CortexM3\ARM_GCC_541\Debug\StepperTorqueControl.a(Microstep.o)
 .debug_ranges  0x00000988       0x30 .\CortexM3\ARM_GCC_541\Debug\StepperTorqueControl.a(sw1_read.o)
 .debug_ranges  0x000009b8       0x60 .\CortexM3\ARM_GCC_541\Debug\StepperTorqueControl.a(ShiftReg_1.o)
 .debug_ranges  0x00000a18       0x28 .\CortexM3\ARM_GCC_541\Debug\StepperTorqueControl.a(Interrupt_t.o)
 .debug_ranges  0x00000a40       0x88 .\CortexM3\ARM_GCC_541\Debug\StepperTorqueControl.a(StepDir.o)
 .debug_ranges  0x00000ac8       0x70 .\CortexM3\ARM_GCC_541\Debug\StepperTorqueControl.a(CyFlash.o)
 .debug_ranges  0x00000b38       0x68 .\CortexM3\ARM_GCC_541\Debug\StepperTorqueControl.a(CySpc.o)
 .debug_ranges  0x00000ba0       0x28 .\CortexM3\ARM_GCC_541\Debug\StepperTorqueControl.a(I2C_1.o)
 .debug_ranges  0x00000bc8       0x10 .\CortexM3\ARM_GCC_541\Debug\StepperTorqueControl.a(I2C_1_INT.o)
 .debug_ranges  0x00000bd8       0x28 .\CortexM3\ARM_GCC_541\Debug\StepperTorqueControl.a(I2C_1_PM.o)
 .debug_ranges  0x00000c00       0x18 .\CortexM3\ARM_GCC_541\Debug\StepperTorqueControl.a(Direction.o)

.comment        0x00000000       0x6e
 .comment       0x00000000       0x6e .\CortexM3\ARM_GCC_541\Debug\main.o
                                 0x6f (size before relaxing)
 .comment       0x0000006e       0x6f .\CortexM3\ARM_GCC_541\Debug\pid.o
 .comment       0x0000006e       0x6f .\CortexM3\ARM_GCC_541\Debug\cyfitter_cfg.o
 .comment       0x0000006e       0x6f .\CortexM3\ARM_GCC_541\Debug\cymetadata.o
 .comment       0x0000006e       0x6f .\CortexM3\ARM_GCC_541\Debug\Cm3Start.o
 .comment       0x0000006e       0x6f .\CortexM3\ARM_GCC_541\Debug\StepperTorqueControl.a(SPIM.o)
 .comment       0x0000006e       0x6f .\CortexM3\ARM_GCC_541\Debug\StepperTorqueControl.a(CyLib.o)
 .comment       0x0000006e       0x6f .\CortexM3\ARM_GCC_541\Debug\StepperTorqueControl.a(cyPm.o)
 .comment       0x0000006e       0x6f .\CortexM3\ARM_GCC_541\Debug\StepperTorqueControl.a(UART_1.o)
 .comment       0x0000006e       0x6f .\CortexM3\ARM_GCC_541\Debug\StepperTorqueControl.a(UART_1_IntClock.o)
 .comment       0x0000006e       0x6f .\CortexM3\ARM_GCC_541\Debug\StepperTorqueControl.a(I2C_1_MASTER.o)
 .comment       0x0000006e       0x6f .\CortexM3\ARM_GCC_541\Debug\StepperTorqueControl.a(ADC_DelSig_1.o)
 .comment       0x0000006e       0x6f .\CortexM3\ARM_GCC_541\Debug\StepperTorqueControl.a(ADC_DelSig_1_INT.o)
 .comment       0x0000006e       0x6f .\CortexM3\ARM_GCC_541\Debug\StepperTorqueControl.a(ADC_DelSig_1_AMux.o)
 .comment       0x0000006e       0x6f .\CortexM3\ARM_GCC_541\Debug\StepperTorqueControl.a(ADC_DelSig_1_Ext_CP_Clk.o)
 .comment       0x0000006e       0x6f .\CortexM3\ARM_GCC_541\Debug\StepperTorqueControl.a(ADC_DelSig_1_theACLK.o)
 .comment       0x0000006e       0x6f .\CortexM3\ARM_GCC_541\Debug\StepperTorqueControl.a(tick.o)
 .comment       0x0000006e       0x6f .\CortexM3\ARM_GCC_541\Debug\StepperTorqueControl.a(Timer_1.o)
 .comment       0x0000006e       0x6f .\CortexM3\ARM_GCC_541\Debug\StepperTorqueControl.a(Microstep.o)
 .comment       0x0000006e       0x6f .\CortexM3\ARM_GCC_541\Debug\StepperTorqueControl.a(sw1_read.o)
 .comment       0x0000006e       0x6f .\CortexM3\ARM_GCC_541\Debug\StepperTorqueControl.a(ShiftReg_1.o)
 .comment       0x0000006e       0x6f .\CortexM3\ARM_GCC_541\Debug\StepperTorqueControl.a(Interrupt_t.o)
 .comment       0x0000006e       0x6f .\CortexM3\ARM_GCC_541\Debug\StepperTorqueControl.a(StepDir.o)
 .comment       0x0000006e       0x6f .\CortexM3\ARM_GCC_541\Debug\StepperTorqueControl.a(CyFlash.o)
 .comment       0x0000006e       0x6f .\CortexM3\ARM_GCC_541\Debug\StepperTorqueControl.a(CySpc.o)
 .comment       0x0000006e       0x6f .\CortexM3\ARM_GCC_541\Debug\StepperTorqueControl.a(I2C_1.o)
 .comment       0x0000006e       0x6f .\CortexM3\ARM_GCC_541\Debug\StepperTorqueControl.a(I2C_1_INT.o)
 .comment       0x0000006e       0x6f .\CortexM3\ARM_GCC_541\Debug\StepperTorqueControl.a(I2C_1_PM.o)
 .comment       0x0000006e       0x6f .\CortexM3\ARM_GCC_541\Debug\StepperTorqueControl.a(Direction.o)

.debug_weaknames
 *(.debug_weaknames)

.debug_funcnames
 *(.debug_funcnames)

.debug_typenames
 *(.debug_typenames)

.debug_varnames
 *(.debug_varnames)

.note.gnu.arm.ident
 *(.note.gnu.arm.ident)

.ARM.attributes
                0x00000000       0x29
 *(.ARM.attributes)
 .ARM.attributes
                0x00000000       0x1d c:/program files (x86)/cypress/psoc creator/4.2/psoc creator/import/gnu/arm/5.4.1/bin/../lib/gcc/arm-none-eabi/5.4.1/armv7-m/crti.o
 .ARM.attributes
                0x0000001d       0x2d c:/program files (x86)/cypress/psoc creator/4.2/psoc creator/import/gnu/arm/5.4.1/bin/../lib/gcc/arm-none-eabi/5.4.1/armv7-m/crtbegin.o
 .ARM.attributes
                0x0000004a       0x1b c:/program files (x86)/cypress/psoc creator/4.2/psoc creator/import/gnu/arm/5.4.1/bin/../lib/gcc/arm-none-eabi/5.4.1/../../../../arm-none-eabi/lib/armv7-m/crt0.o
 .ARM.attributes
                0x00000065       0x33 .\CortexM3\ARM_GCC_541\Debug\main.o
 .ARM.attributes
                0x00000098       0x33 .\CortexM3\ARM_GCC_541\Debug\pid.o
 .ARM.attributes
                0x000000cb       0x33 .\CortexM3\ARM_GCC_541\Debug\cyfitter_cfg.o
 .ARM.attributes
                0x000000fe       0x33 .\CortexM3\ARM_GCC_541\Debug\cymetadata.o
 .ARM.attributes
                0x00000131       0x33 .\CortexM3\ARM_GCC_541\Debug\Cm3Start.o
 .ARM.attributes
                0x00000164       0x33 .\CortexM3\ARM_GCC_541\Debug\StepperTorqueControl.a(SPIM.o)
 .ARM.attributes
                0x00000197       0x33 .\CortexM3\ARM_GCC_541\Debug\StepperTorqueControl.a(CyLib.o)
 .ARM.attributes
                0x000001ca       0x33 .\CortexM3\ARM_GCC_541\Debug\StepperTorqueControl.a(cyPm.o)
 .ARM.attributes
                0x000001fd       0x33 .\CortexM3\ARM_GCC_541\Debug\StepperTorqueControl.a(UART_1.o)
 .ARM.attributes
                0x00000230       0x33 .\CortexM3\ARM_GCC_541\Debug\StepperTorqueControl.a(UART_1_IntClock.o)
 .ARM.attributes
                0x00000263       0x33 .\CortexM3\ARM_GCC_541\Debug\StepperTorqueControl.a(I2C_1_MASTER.o)
 .ARM.attributes
                0x00000296       0x33 .\CortexM3\ARM_GCC_541\Debug\StepperTorqueControl.a(ADC_DelSig_1.o)
 .ARM.attributes
                0x000002c9       0x33 .\CortexM3\ARM_GCC_541\Debug\StepperTorqueControl.a(ADC_DelSig_1_INT.o)
 .ARM.attributes
                0x000002fc       0x33 .\CortexM3\ARM_GCC_541\Debug\StepperTorqueControl.a(ADC_DelSig_1_AMux.o)
 .ARM.attributes
                0x0000032f       0x33 .\CortexM3\ARM_GCC_541\Debug\StepperTorqueControl.a(ADC_DelSig_1_Ext_CP_Clk.o)
 .ARM.attributes
                0x00000362       0x33 .\CortexM3\ARM_GCC_541\Debug\StepperTorqueControl.a(ADC_DelSig_1_theACLK.o)
 .ARM.attributes
                0x00000395       0x33 .\CortexM3\ARM_GCC_541\Debug\StepperTorqueControl.a(tick.o)
 .ARM.attributes
                0x000003c8       0x33 .\CortexM3\ARM_GCC_541\Debug\StepperTorqueControl.a(Timer_1.o)
 .ARM.attributes
                0x000003fb       0x33 .\CortexM3\ARM_GCC_541\Debug\StepperTorqueControl.a(Microstep.o)
 .ARM.attributes
                0x0000042e       0x33 .\CortexM3\ARM_GCC_541\Debug\StepperTorqueControl.a(sw1_read.o)
 .ARM.attributes
                0x00000461       0x33 .\CortexM3\ARM_GCC_541\Debug\StepperTorqueControl.a(ShiftReg_1.o)
 .ARM.attributes
                0x00000494       0x33 .\CortexM3\ARM_GCC_541\Debug\StepperTorqueControl.a(Interrupt_t.o)
 .ARM.attributes
                0x000004c7       0x33 .\CortexM3\ARM_GCC_541\Debug\StepperTorqueControl.a(StepDir.o)
 .ARM.attributes
                0x000004fa       0x21 .\CortexM3\ARM_GCC_541\Debug\StepperTorqueControl.a(CyBootAsmGnu.o)
 .ARM.attributes
                0x0000051b       0x33 .\CortexM3\ARM_GCC_541\Debug\StepperTorqueControl.a(CyFlash.o)
 .ARM.attributes
                0x0000054e       0x33 .\CortexM3\ARM_GCC_541\Debug\StepperTorqueControl.a(CySpc.o)
 .ARM.attributes
                0x00000581       0x33 .\CortexM3\ARM_GCC_541\Debug\StepperTorqueControl.a(I2C_1.o)
 .ARM.attributes
                0x000005b4       0x33 .\CortexM3\ARM_GCC_541\Debug\StepperTorqueControl.a(I2C_1_INT.o)
 .ARM.attributes
                0x000005e7       0x33 .\CortexM3\ARM_GCC_541\Debug\StepperTorqueControl.a(I2C_1_PM.o)
 .ARM.attributes
                0x0000061a       0x33 .\CortexM3\ARM_GCC_541\Debug\StepperTorqueControl.a(Direction.o)
 .ARM.attributes
                0x0000064d       0x1d c:/program files (x86)/cypress/psoc creator/4.2/psoc creator/import/gnu/arm/5.4.1/bin/../lib/gcc/arm-none-eabi/5.4.1/armv7-m\libgcc.a(_arm_addsubdf3.o)
 .ARM.attributes
                0x0000066a       0x1d c:/program files (x86)/cypress/psoc creator/4.2/psoc creator/import/gnu/arm/5.4.1/bin/../lib/gcc/arm-none-eabi/5.4.1/armv7-m\libgcc.a(_arm_cmpdf2.o)
 .ARM.attributes
                0x00000687       0x1d c:/program files (x86)/cypress/psoc creator/4.2/psoc creator/import/gnu/arm/5.4.1/bin/../lib/gcc/arm-none-eabi/5.4.1/armv7-m\libgcc.a(_arm_addsubsf3.o)
 .ARM.attributes
                0x000006a4       0x1d c:/program files (x86)/cypress/psoc creator/4.2/psoc creator/import/gnu/arm/5.4.1/bin/../lib/gcc/arm-none-eabi/5.4.1/armv7-m\libgcc.a(_arm_muldivsf3.o)
 .ARM.attributes
                0x000006c1       0x1d c:/program files (x86)/cypress/psoc creator/4.2/psoc creator/import/gnu/arm/5.4.1/bin/../lib/gcc/arm-none-eabi/5.4.1/armv7-m\libgcc.a(_arm_fixunssfsi.o)
 .ARM.attributes
                0x000006de       0x1d c:/program files (x86)/cypress/psoc creator/4.2/psoc creator/import/gnu/arm/5.4.1/bin/../lib/gcc/arm-none-eabi/5.4.1/armv7-m\libgcc.a(_aeabi_ldivmod.o)
 .ARM.attributes
                0x000006fb       0x2d c:/program files (x86)/cypress/psoc creator/4.2/psoc creator/import/gnu/arm/5.4.1/bin/../lib/gcc/arm-none-eabi/5.4.1/armv7-m\libgcc.a(_udivmoddi4.o)
 .ARM.attributes
                0x00000728       0x1d c:/program files (x86)/cypress/psoc creator/4.2/psoc creator/import/gnu/arm/5.4.1/bin/../lib/gcc/arm-none-eabi/5.4.1/armv7-m\libgcc.a(_dvmd_tls.o)
 .ARM.attributes
                0x00000745       0x2d c:/program files (x86)/cypress/psoc creator/4.2/psoc creator/import/gnu/arm/5.4.1/bin/../lib/gcc/arm-none-eabi/5.4.1/../../../../arm-none-eabi/lib/armv7-m\libg_nano.a(lib_a-errno.o)
 .ARM.attributes
                0x00000772       0x2d c:/program files (x86)/cypress/psoc creator/4.2/psoc creator/import/gnu/arm/5.4.1/bin/../lib/gcc/arm-none-eabi/5.4.1/../../../../arm-none-eabi/lib/armv7-m\libg_nano.a(lib_a-exit.o)
 .ARM.attributes
                0x0000079f       0x2d c:/program files (x86)/cypress/psoc creator/4.2/psoc creator/import/gnu/arm/5.4.1/bin/../lib/gcc/arm-none-eabi/5.4.1/../../../../arm-none-eabi/lib/armv7-m\libg_nano.a(lib_a-impure.o)
 .ARM.attributes
                0x000007cc       0x2d c:/program files (x86)/cypress/psoc creator/4.2/psoc creator/import/gnu/arm/5.4.1/bin/../lib/gcc/arm-none-eabi/5.4.1/../../../../arm-none-eabi/lib/armv7-m\libg_nano.a(lib_a-init.o)
 .ARM.attributes
                0x000007f9       0x2d c:/program files (x86)/cypress/psoc creator/4.2/psoc creator/import/gnu/arm/5.4.1/bin/../lib/gcc/arm-none-eabi/5.4.1/../../../../arm-none-eabi/lib/armv7-m\libg_nano.a(lib_a-memcpy-stub.o)
 .ARM.attributes
                0x00000826       0x2d c:/program files (x86)/cypress/psoc creator/4.2/psoc creator/import/gnu/arm/5.4.1/bin/../lib/gcc/arm-none-eabi/5.4.1/../../../../arm-none-eabi/lib/armv7-m\libg_nano.a(lib_a-memset.o)
 .ARM.attributes
                0x00000853       0x2d c:/program files (x86)/cypress/psoc creator/4.2/psoc creator/import/gnu/arm/5.4.1/bin/../lib/gcc/arm-none-eabi/5.4.1/../../../../arm-none-eabi/lib/armv7-m\libg_nano.a(lib_a-sprintf.o)
 .ARM.attributes
                0x00000880       0x2d c:/program files (x86)/cypress/psoc creator/4.2/psoc creator/import/gnu/arm/5.4.1/bin/../lib/gcc/arm-none-eabi/5.4.1/../../../../arm-none-eabi/lib/armv7-m\libg_nano.a(lib_a-nano-svfprintf.o)
 .ARM.attributes
                0x000008ad       0x2d c:/program files (x86)/cypress/psoc creator/4.2/psoc creator/import/gnu/arm/5.4.1/bin/../lib/gcc/arm-none-eabi/5.4.1/../../../../arm-none-eabi/lib/armv7-m\libg_nano.a(lib_a-nano-vfprintf_i.o)
 .ARM.attributes
                0x000008da       0x2d c:/program files (x86)/cypress/psoc creator/4.2/psoc creator/import/gnu/arm/5.4.1/bin/../lib/gcc/arm-none-eabi/5.4.1/../../../../arm-none-eabi/lib/armv7-m\libg_nano.a(lib_a-memchr-stub.o)
 .ARM.attributes
                0x00000907       0x2d c:/program files (x86)/cypress/psoc creator/4.2/psoc creator/import/gnu/arm/5.4.1/bin/../lib/gcc/arm-none-eabi/5.4.1/../../../../arm-none-eabi/lib/armv7-m\libg_nano.a(lib_a-memmove.o)
 .ARM.attributes
                0x00000934       0x2d c:/program files (x86)/cypress/psoc creator/4.2/psoc creator/import/gnu/arm/5.4.1/bin/../lib/gcc/arm-none-eabi/5.4.1/../../../../arm-none-eabi/lib/armv7-m\libg_nano.a(lib_a-nano-freer.o)
 .ARM.attributes
                0x00000961       0x2d c:/program files (x86)/cypress/psoc creator/4.2/psoc creator/import/gnu/arm/5.4.1/bin/../lib/gcc/arm-none-eabi/5.4.1/../../../../arm-none-eabi/lib/armv7-m\libg_nano.a(lib_a-nano-mallocr.o)
 .ARM.attributes
                0x0000098e       0x2d c:/program files (x86)/cypress/psoc creator/4.2/psoc creator/import/gnu/arm/5.4.1/bin/../lib/gcc/arm-none-eabi/5.4.1/../../../../arm-none-eabi/lib/armv7-m\libg_nano.a(lib_a-nano-reallocr.o)
 .ARM.attributes
                0x000009bb       0x2d c:/program files (x86)/cypress/psoc creator/4.2/psoc creator/import/gnu/arm/5.4.1/bin/../lib/gcc/arm-none-eabi/5.4.1/../../../../arm-none-eabi/lib/armv7-m\libg_nano.a(lib_a-sbrkr.o)
 .ARM.attributes
                0x000009e8       0x2d c:/program files (x86)/cypress/psoc creator/4.2/psoc creator/import/gnu/arm/5.4.1/bin/../lib/gcc/arm-none-eabi/5.4.1/../../../../arm-none-eabi/lib/armv7-m\libg_nano.a(lib_a-mlock.o)
 .ARM.attributes
                0x00000a15       0x2d c:/program files (x86)/cypress/psoc creator/4.2/psoc creator/import/gnu/arm/5.4.1/bin/../lib/gcc/arm-none-eabi/5.4.1/../../../../arm-none-eabi/lib/armv7-m\libg_nano.a(lib_a-nano-msizer.o)
 .ARM.attributes
                0x00000a42       0x2d c:/program files (x86)/cypress/psoc creator/4.2/psoc creator/import/gnu/arm/5.4.1/bin/../lib/gcc/arm-none-eabi/5.4.1/../../../../arm-none-eabi/lib/armv7-m\libg_nano.a(lib_a-reent.o)
 .ARM.attributes
                0x00000a6f       0x2d c:/program files (x86)/cypress/psoc creator/4.2/psoc creator/import/gnu/arm/5.4.1/bin/../lib/gcc/arm-none-eabi/5.4.1/armv7-m/crtend.o
 .ARM.attributes
                0x00000a9c       0x1d c:/program files (x86)/cypress/psoc creator/4.2/psoc creator/import/gnu/arm/5.4.1/bin/../lib/gcc/arm-none-eabi/5.4.1/armv7-m/crtn.o

/DISCARD/
 *(.note.GNU-stack)
OUTPUT(C:\Users\pajoh\Desktop\closed_loop_printer\code\Angle_Sensor\StepperTorqueControl.cydsn\CortexM3\ARM_GCC_541\Debug\StepperTorqueControl.elf elf32-littlearm)
