Archive member included to satisfy reference by file (symbol)

.\CortexM3\ARM_GCC_541\Debug\StepperTorqueControl.a(SPIM.o)
                              .\CortexM3\ARM_GCC_541\Debug\main.o (SPIM_Start)
.\CortexM3\ARM_GCC_541\Debug\StepperTorqueControl.a(CyLib.o)
                              .\CortexM3\ARM_GCC_541\Debug\Cm3Start.o (CyResetStatus)
.\CortexM3\ARM_GCC_541\Debug\StepperTorqueControl.a(cyPm.o)
                              .\CortexM3\ARM_GCC_541\Debug\StepperTorqueControl.a(CyLib.o) (CyPmReadStatus)
.\CortexM3\ARM_GCC_541\Debug\StepperTorqueControl.a(UART_1.o)
                              .\CortexM3\ARM_GCC_541\Debug\main.o (UART_1_Start)
.\CortexM3\ARM_GCC_541\Debug\StepperTorqueControl.a(UART_1_IntClock.o)
                              .\CortexM3\ARM_GCC_541\Debug\StepperTorqueControl.a(UART_1.o) (UART_1_IntClock_Start)
.\CortexM3\ARM_GCC_541\Debug\StepperTorqueControl.a(I2C_1_MASTER.o)
                              .\CortexM3\ARM_GCC_541\Debug\lis3dh.o (I2C_1_MasterSendStart)
.\CortexM3\ARM_GCC_541\Debug\StepperTorqueControl.a(ADC_DelSig_1.o)
                              .\CortexM3\ARM_GCC_541\Debug\main.o (ADC_DelSig_1_Start)
.\CortexM3\ARM_GCC_541\Debug\StepperTorqueControl.a(ADC_DelSig_1_INT.o)
                              .\CortexM3\ARM_GCC_541\Debug\StepperTorqueControl.a(ADC_DelSig_1.o) (ADC_DelSig_1_ISR1)
.\CortexM3\ARM_GCC_541\Debug\StepperTorqueControl.a(ADC_DelSig_1_AMux.o)
                              .\CortexM3\ARM_GCC_541\Debug\StepperTorqueControl.a(ADC_DelSig_1.o) (ADC_DelSig_1_AMux_Select)
.\CortexM3\ARM_GCC_541\Debug\StepperTorqueControl.a(ADC_DelSig_1_Ext_CP_Clk.o)
                              .\CortexM3\ARM_GCC_541\Debug\StepperTorqueControl.a(ADC_DelSig_1.o) (ADC_DelSig_1_Ext_CP_Clk_SetDividerRegister)
.\CortexM3\ARM_GCC_541\Debug\StepperTorqueControl.a(ADC_DelSig_1_theACLK.o)
                              .\CortexM3\ARM_GCC_541\Debug\StepperTorqueControl.a(ADC_DelSig_1.o) (ADC_DelSig_1_theACLK_SetDividerRegister)
.\CortexM3\ARM_GCC_541\Debug\StepperTorqueControl.a(tick.o)
                              .\CortexM3\ARM_GCC_541\Debug\main.o (tick_Start)
.\CortexM3\ARM_GCC_541\Debug\StepperTorqueControl.a(Timer_1.o)
                              .\CortexM3\ARM_GCC_541\Debug\main.o (Timer_1_Start)
.\CortexM3\ARM_GCC_541\Debug\StepperTorqueControl.a(Microstep.o)
                              .\CortexM3\ARM_GCC_541\Debug\main.o (Microstep_Write)
.\CortexM3\ARM_GCC_541\Debug\StepperTorqueControl.a(ShiftReg_1.o)
                              .\CortexM3\ARM_GCC_541\Debug\main.o (ShiftReg_1_Start)
.\CortexM3\ARM_GCC_541\Debug\StepperTorqueControl.a(StepDir.o)
                              .\CortexM3\ARM_GCC_541\Debug\main.o (StepDir_WritePeriod)
.\CortexM3\ARM_GCC_541\Debug\StepperTorqueControl.a(CyBootAsmGnu.o)
                              .\CortexM3\ARM_GCC_541\Debug\cyfitter_cfg.o (CyDelayCycles)
.\CortexM3\ARM_GCC_541\Debug\StepperTorqueControl.a(CyFlash.o)
                              .\CortexM3\ARM_GCC_541\Debug\StepperTorqueControl.a(cyPm.o) (CyFlash_SetWaitCycles)
.\CortexM3\ARM_GCC_541\Debug\StepperTorqueControl.a(CySpc.o)
                              .\CortexM3\ARM_GCC_541\Debug\StepperTorqueControl.a(CyFlash.o) (CySpcStart)
.\CortexM3\ARM_GCC_541\Debug\StepperTorqueControl.a(I2C_1.o)
                              .\CortexM3\ARM_GCC_541\Debug\StepperTorqueControl.a(I2C_1_MASTER.o) (I2C_1_state)
.\CortexM3\ARM_GCC_541\Debug\StepperTorqueControl.a(I2C_1_INT.o)
                              .\CortexM3\ARM_GCC_541\Debug\StepperTorqueControl.a(I2C_1.o) (I2C_1_ISR)
.\CortexM3\ARM_GCC_541\Debug\StepperTorqueControl.a(I2C_1_PM.o)
                              .\CortexM3\ARM_GCC_541\Debug\StepperTorqueControl.a(I2C_1.o) (I2C_1_backup)
.\CortexM3\ARM_GCC_541\Debug\StepperTorqueControl.a(Direction.o)
                              .\CortexM3\ARM_GCC_541\Debug\StepperTorqueControl.a(tick.o) (Direction_Write)
c:/program files (x86)/cypress/psoc creator/4.2/psoc creator/import/gnu/arm/5.4.1/bin/../lib/gcc/arm-none-eabi/5.4.1/armv7-m\libgcc.a(_arm_addsubdf3.o)
                              .\CortexM3\ARM_GCC_541\Debug\StepperTorqueControl.a(ADC_DelSig_1.o) (__aeabi_f2d)
c:/program files (x86)/cypress/psoc creator/4.2/psoc creator/import/gnu/arm/5.4.1/bin/../lib/gcc/arm-none-eabi/5.4.1/armv7-m\libgcc.a(_arm_cmpdf2.o)
                              .\CortexM3\ARM_GCC_541\Debug\StepperTorqueControl.a(ADC_DelSig_1.o) (__aeabi_dcmpgt)
c:/program files (x86)/cypress/psoc creator/4.2/psoc creator/import/gnu/arm/5.4.1/bin/../lib/gcc/arm-none-eabi/5.4.1/armv7-m\libgcc.a(_arm_addsubsf3.o)
                              .\CortexM3\ARM_GCC_541\Debug\StepperTorqueControl.a(ADC_DelSig_1.o) (__aeabi_ui2f)
c:/program files (x86)/cypress/psoc creator/4.2/psoc creator/import/gnu/arm/5.4.1/bin/../lib/gcc/arm-none-eabi/5.4.1/armv7-m\libgcc.a(_arm_muldivsf3.o)
                              .\CortexM3\ARM_GCC_541\Debug\StepperTorqueControl.a(ADC_DelSig_1.o) (__aeabi_fmul)
[...]
Memory Configuration

Name             Origin             Length             Attributes
rom              0x00000000         0x00040000         xr
ram              0x1fff8000         0x00010000         xrw
*default*        0x00000000         0xffffffff

Linker script and memory map

LOAD c:/program files (x86)/cypress/psoc creator/4.2/psoc creator/import/gnu/arm/5.4.1/bin/../lib/gcc/arm-none-eabi/5.4.1/armv7-m/crti.o
LOAD c:/program files (x86)/cypress/psoc creator/4.2/psoc creator/import/gnu/arm/5.4.1/bin/../lib/gcc/arm-none-eabi/5.4.1/armv7-m/crtbegin.o
LOAD c:/program files (x86)/cypress/psoc creator/4.2/psoc creator/import/gnu/arm/5.4.1/bin/../lib/gcc/arm-none-eabi/5.4.1/../../../../arm-none-eabi/lib/armv7-m/crt0.o
START GROUP
LOAD .\CortexM3\ARM_GCC_541\Debug\main.o
LOAD .\CortexM3\ARM_GCC_541\Debug\pid.o
LOAD .\CortexM3\ARM_GCC_541\Debug\lis3dh.o
LOAD .\CortexM3\ARM_GCC_541\Debug\cyfitter_cfg.o
LOAD .\CortexM3\ARM_GCC_541\Debug\cymetadata.o
LOAD .\CortexM3\ARM_GCC_541\Debug\Cm3Start.o
LOAD .\CortexM3\ARM_GCC_541\Debug\StepperTorqueControl.a
LOAD C:\Program Files (x86)\Cypress\PSoC Creator\4.2\PSoC Creator\psoc\content\cycomponentlibrary\CyComponentLibrary.cylib\CortexM3\ARM_GCC_541\Debug\CyComponentLibrary.a
END GROUP
START GROUP
LOAD c:/program files (x86)/cypress/psoc creator/4.2/psoc creator/import/gnu/arm/5.4.1/bin/../lib/gcc/arm-none-eabi/5.4.1/armv7-m\libgcc.a
LOAD c:/program files (x86)/cypress/psoc creator/4.2/psoc creator/import/gnu/arm/5.4.1/bin/../lib/gcc/arm-none-eabi/5.4.1/../../../../arm-none-eabi/lib/armv7-m\libg_nano.a
LOAD c:/program files (x86)/cypress/psoc creator/4.2/psoc creator/import/gnu/arm/5.4.1/bin/../lib/gcc/arm-none-eabi/5.4.1/../../../../arm-none-eabi/lib/armv7-m\libc_nano.a
END GROUP
START GROUP
LOAD c:/program files (x86)/cypress/psoc creator/4.2/psoc creator/import/gnu/arm/5.4.1/bin/../lib/gcc/arm-none-eabi/5.4.1/armv7-m\libgcc.a
LOAD c:/program files (x86)/cypress/psoc creator/4.2/psoc creator/import/gnu/arm/5.4.1/bin/../lib/gcc/arm-none-eabi/5.4.1/../../../../arm-none-eabi/lib/armv7-m\libc_nano.a
END GROUP
LOAD c:/program files (x86)/cypress/psoc creator/4.2/psoc creator/import/gnu/arm/5.4.1/bin/../lib/gcc/arm-none-eabi/5.4.1/armv7-m/crtend.o
LOAD c:/program files (x86)/cypress/psoc creator/4.2/psoc creator/import/gnu/arm/5.4.1/bin/../lib/gcc/arm-none-eabi/5.4.1/armv7-m/crtn.o
START GROUP
LOAD c:/program files (x86)/cypress/psoc creator/4.2/psoc creator/import/gnu/arm/5.4.1/bin/../lib/gcc/arm-none-eabi/5.4.1/armv7-m\libgcc.a
LOAD c:/program files (x86)/cypress/psoc creator/4.2/psoc creator/import/gnu/arm/5.4.1/bin/../lib/gcc/arm-none-eabi/5.4.1/../../../../arm-none-eabi/lib/armv7-m\libc.a
LOAD c:/program files (x86)/cypress/psoc creator/4.2/psoc creator/import/gnu/arm/5.4.1/bin/../lib/gcc/arm-none-eabi/5.4.1/../../../../arm-none-eabi/lib/armv7-m\libnosys.a
END GROUP
                0x00000000                CY_APPL_ORIGIN = 0x0
                0x00000100                CY_FLASH_ROW_SIZE = 0x100
                0x00000020                CY_ECC_ROW_SIZE = 0x20
                0x00000000                CY_EE_IN_BTLDR = 0x0
                0x00000000                CY_APPL_LOADABLE = 0x0
                0x00000800                CY_EE_SIZE = 0x800
                0x00000001                CY_APPL_NUM = 0x1
                0x00000001                CY_APPL_MAX = 0x1
                0x00000040                CY_METADATA_SIZE = 0x40
                0x00000000                CY_APPL_LOADABLE = 0x0
                0x00000000                CY_CHECKSUM_EXCLUDE_SIZE = ALIGN (0x0, CY_FLASH_ROW_SIZE)
                [!provide]                PROVIDE (__cy_heap_start, _end)
                0x00000001                PROVIDE (__cy_region_num, ((__cy_regions_end - __cy_regions) / 0x10))
                0x20008000                PROVIDE (__cy_stack, (ORIGIN (ram) + LENGTH (ram)))
                [!provide]                PROVIDE (__cy_heap_end, (__cy_stack - 0x800))

.cybootloader   0x00000000        0x0
 *(.cybootloader)
                0x00000000                appl1_start = CY_APPL_ORIGIN?CY_APPL_ORIGIN:ALIGN (CY_FLASH_ROW_SIZE)
                0x0001ff00                appl2_start = (appl1_start + ALIGN ((((LENGTH (rom) - appl1_start) - (0x2 * CY_FLASH_ROW_SIZE)) / 0x2), CY_FLASH_ROW_SIZE))
                0x00000000                appl_start = (CY_APPL_NUM == 0x1)?appl1_start:appl2_start
                0x00000000                ecc_offset = ((appl_start / CY_FLASH_ROW_SIZE) * CY_ECC_ROW_SIZE)
                0x00000000                ee_offset = (CY_APPL_LOADABLE && ! (CY_EE_IN_BTLDR))?((CY_EE_SIZE / CY_APPL_MAX) * (CY_APPL_NUM - 0x1)):0x0
                0x00000800                ee_size = (CY_APPL_LOADABLE && ! (CY_EE_IN_BTLDR))?(CY_EE_SIZE / CY_APPL_MAX):CY_EE_SIZE
                [!provide]                PROVIDE (CY_ECC_OFFSET, ecc_offset)

.text           0x00000000     0x2b86
 CREATE_OBJECT_SYMBOLS
                0x00000000                PROVIDE (__cy_interrupt_vector, RomVectors)
 *(.romvectors)
 .romvectors    0x00000000       0x10 .\CortexM3\ARM_GCC_541\Debug\Cm3Start.o
                0x00000000                RomVectors
                0x00000001                ASSERT ((. != __cy_interrupt_vector), No interrupt vector)
                0x00000001                ASSERT (CY_APPL_ORIGIN?(SIZEOF (.cybootloader) <= CY_APPL_ORIGIN):0x1, Wrong image location)
                0x00000010                PROVIDE (__cy_reset, Reset)
 *(.text.Reset)
 .text.Reset    0x00000010       0x18 .\CortexM3\ARM_GCC_541\Debug\Cm3Start.o
                0x00000010                Reset
                0x00000001                ASSERT ((. != __cy_reset), No reset code)
 *(.dma_init)
 .dma_init      0x00000028      0x2b8 .\CortexM3\ARM_GCC_541\Debug\cyfitter_cfg.o
                0x00000001                ASSERT ((((appl_start + .) <= 0x10000) || 0x0), DMA Init must be within the first 64k of flash)
 *(.text .text.* .gnu.linkonce.t.*)
 .text          0x000002e0       0x5c c:/program files (x86)/cypress/psoc creator/4.2/psoc creator/import/gnu/arm/5.4.1/bin/../lib/gcc/arm-none-eabi/5.4.1/armv7-m/crtbegin.o
 .text.main     0x0000033c      0x188 .\CortexM3\ARM_GCC_541\Debug\main.o
                0x0000033c                main
 .text.spiCalcEvenParity
                0x000004c4       0x48 .\CortexM3\ARM_GCC_541\Debug\main.o
                0x000004c4                spiCalcEvenParity
 .text.PIDConfig
                0x0000050c       0x90 .\CortexM3\ARM_GCC_541\Debug\pid.o
                0x0000050c                PIDConfig
 .text.PID      0x0000059c      0x178 .\CortexM3\ARM_GCC_541\Debug\pid.o
                0x0000059c                PID
 .text.CYCONFIGCPY
                0x00000714       0x20 .\CortexM3\ARM_GCC_541\Debug\cyfitter_cfg.o
 .text.CyClockStartupError
                0x00000734        0xc .\CortexM3\ARM_GCC_541\Debug\cyfitter_cfg.o
 .text.cfg_dma_init
                0x00000740      0x174 .\CortexM3\ARM_GCC_541\Debug\cyfitter_cfg.o
 .text.ClockSetup
                0x000008b4      0x1c4 .\CortexM3\ARM_GCC_541\Debug\cyfitter_cfg.o
 .text.AnalogSetDefault
                0x00000a78       0x60 .\CortexM3\ARM_GCC_541\Debug\cyfitter_cfg.o
 .text.ADC_DelSig_1_AMux_Set
                0x00000ad8       0x40 .\CortexM3\ARM_GCC_541\Debug\cyfitter_cfg.o
                0x00000ad8                ADC_DelSig_1_AMux_Set
 .text.ADC_DelSig_1_AMux_Unset
                0x00000b18       0x44 .\CortexM3\ARM_GCC_541\Debug\cyfitter_cfg.o
                0x00000b18                ADC_DelSig_1_AMux_Unset
 .text.cyfitter_cfg
                0x00000b5c      0x11c .\CortexM3\ARM_GCC_541\Debug\cyfitter_cfg.o
                0x00000b5c                cyfitter_cfg
 .text.IntDefaultHandler
                0x00000c78       0x14 .\CortexM3\ARM_GCC_541\Debug\Cm3Start.o
                0x00000c78                IntDefaultHandler
 .text.Start_c  0x00000c8c       0x98 .\CortexM3\ARM_GCC_541\Debug\Cm3Start.o
                0x00000c8c                Start_c
 .text.initialize_psoc
                0x00000d24       0x90 .\CortexM3\ARM_GCC_541\Debug\Cm3Start.o
                0x00000d24                initialize_psoc
 .text.SPIM_Init
                0x00000db4       0x34 .\CortexM3\ARM_GCC_541\Debug\StepperTorqueControl.a(SPIM.o)
                0x00000db4                SPIM_Init
 .text.SPIM_Enable
                0x00000de8       0x64 .\CortexM3\ARM_GCC_541\Debug\StepperTorqueControl.a(SPIM.o)
                0x00000de8                SPIM_Enable
 .text.SPIM_Start
                0x00000e4c       0x24 .\CortexM3\ARM_GCC_541\Debug\StepperTorqueControl.a(SPIM.o)
                0x00000e4c                SPIM_Start
 .text.SPIM_EnableTxInt
                0x00000e70        0xc .\CortexM3\ARM_GCC_541\Debug\StepperTorqueControl.a(SPIM.o)
                0x00000e70                SPIM_EnableTxInt
 .text.SPIM_EnableRxInt
                0x00000e7c        0xc .\CortexM3\ARM_GCC_541\Debug\StepperTorqueControl.a(SPIM.o)
                0x00000e7c                SPIM_EnableRxInt
 .text.SPIM_ReadTxStatus
                0x00000e88       0x1c .\CortexM3\ARM_GCC_541\Debug\StepperTorqueControl.a(SPIM.o)
                0x00000e88                SPIM_ReadTxStatus
 .text.SPIM_ReadRxStatus
                0x00000ea4       0x1c .\CortexM3\ARM_GCC_541\Debug\StepperTorqueControl.a(SPIM.o)
                0x00000ea4                SPIM_ReadRxStatus
 .text.SPIM_WriteTxData
                0x00000ec0       0x34 .\CortexM3\ARM_GCC_541\Debug\StepperTorqueControl.a(SPIM.o)
                0x00000ec0                SPIM_WriteTxData
 .text.SPIM_ReadRxData
                0x00000ef4       0x1c .\CortexM3\ARM_GCC_541\Debug\StepperTorqueControl.a(SPIM.o)
                0x00000ef4                SPIM_ReadRxData
 .text.SPIM_GetRxBufferSize
                0x00000f10       0x2c .\CortexM3\ARM_GCC_541\Debug\StepperTorqueControl.a(SPIM.o)
                0x00000f10                SPIM_GetRxBufferSize
 .text.SPIM_ClearFIFO
                0x00000f3c       0x84 .\CortexM3\ARM_GCC_541\Debug\StepperTorqueControl.a(SPIM.o)
                0x00000f3c                SPIM_ClearFIFO
 .text.CyHalt   0x00000fc0       0x18 .\CortexM3\ARM_GCC_541\Debug\StepperTorqueControl.a(CyLib.o)
                0x00000fc0                CyHalt
 .text.CyDelay  0x00000fd8       0x44 .\CortexM3\ARM_GCC_541\Debug\StepperTorqueControl.a(CyLib.o)
                0x00000fd8                CyDelay
 .text.CyDelayUs
                0x0000101c       0x28 .\CortexM3\ARM_GCC_541\Debug\StepperTorqueControl.a(CyLib.o)
                0x0000101c                CyDelayUs
 .text.CyIntSetVector
                0x00001044       0x50 .\CortexM3\ARM_GCC_541\Debug\StepperTorqueControl.a(CyLib.o)
                0x00001044                CyIntSetVector
 .text.CyIntSetPriority
                0x00001094       0x48 .\CortexM3\ARM_GCC_541\Debug\StepperTorqueControl.a(CyLib.o)
                0x00001094                CyIntSetPriority
 .text.UART_1_Start
                0x000010dc       0x24 .\CortexM3\ARM_GCC_541\Debug\StepperTorqueControl.a(UART_1.o)
                0x000010dc                UART_1_Start
 .text.UART_1_Init
                0x00001100       0x40 .\CortexM3\ARM_GCC_541\Debug\StepperTorqueControl.a(UART_1.o)
                0x00001100                UART_1_Init
 .text.UART_1_Enable
                0x00001140       0x60 .\CortexM3\ARM_GCC_541\Debug\StepperTorqueControl.a(UART_1.o)
                0x00001140                UART_1_Enable
 .text.UART_1_IntClock_Start
                0x000011a0       0x34 .\CortexM3\ARM_GCC_541\Debug\StepperTorqueControl.a(UART_1_IntClock.o)
                0x000011a0                UART_1_IntClock_Start
 .text.ADC_DelSig_1_Init
                0x000011d4      0x158 .\CortexM3\ARM_GCC_541\Debug\StepperTorqueControl.a(ADC_DelSig_1.o)
                0x000011d4                ADC_DelSig_1_Init
 .text.ADC_DelSig_1_Enable
                0x0000132c      0x158 .\CortexM3\ARM_GCC_541\Debug\StepperTorqueControl.a(ADC_DelSig_1.o)
                0x0000132c                ADC_DelSig_1_Enable
 .text.ADC_DelSig_1_Start
                0x00001484       0x30 .\CortexM3\ARM_GCC_541\Debug\StepperTorqueControl.a(ADC_DelSig_1.o)
                0x00001484                ADC_DelSig_1_Start
 .text.ADC_DelSig_1_StartConvert
                0x000014b4       0x20 .\CortexM3\ARM_GCC_541\Debug\StepperTorqueControl.a(ADC_DelSig_1.o)
                0x000014b4                ADC_DelSig_1_StartConvert
 .text.ADC_DelSig_1_IsEndConversion
                0x000014d4       0x4c .\CortexM3\ARM_GCC_541\Debug\StepperTorqueControl.a(ADC_DelSig_1.o)
                0x000014d4                ADC_DelSig_1_IsEndConversion
 .text.ADC_DelSig_1_GetResult16
                0x00001520       0x7c .\CortexM3\ARM_GCC_541\Debug\StepperTorqueControl.a(ADC_DelSig_1.o)
                0x00001520                ADC_DelSig_1_GetResult16
 .text.ADC_DelSig_1_InitConfig
                0x0000159c      0x410 .\CortexM3\ARM_GCC_541\Debug\StepperTorqueControl.a(ADC_DelSig_1.o)
 .text.ADC_DelSig_1_GainCompensation
                0x000019ac      0x170 .\CortexM3\ARM_GCC_541\Debug\StepperTorqueControl.a(ADC_DelSig_1.o)
 .text.ADC_DelSig_1_SetDSMRef0Reg
                0x00001b1c       0x7c .\CortexM3\ARM_GCC_541\Debug\StepperTorqueControl.a(ADC_DelSig_1.o)
 .text.ADC_DelSig_1_ISR1
                0x00001b98        0xc .\CortexM3\ARM_GCC_541\Debug\StepperTorqueControl.a(ADC_DelSig_1_INT.o)
                0x00001b98                ADC_DelSig_1_ISR1
 .text.ADC_DelSig_1_ISR2
                0x00001ba4        0xc .\CortexM3\ARM_GCC_541\Debug\StepperTorqueControl.a(ADC_DelSig_1_INT.o)
                0x00001ba4                ADC_DelSig_1_ISR2
 .text.ADC_DelSig_1_ISR3
                0x00001bb0        0xc .\CortexM3\ARM_GCC_541\Debug\StepperTorqueControl.a(ADC_DelSig_1_INT.o)
                0x00001bb0                ADC_DelSig_1_ISR3
 .text.ADC_DelSig_1_ISR4
                0x00001bbc        0xc .\CortexM3\ARM_GCC_541\Debug\StepperTorqueControl.a(ADC_DelSig_1_INT.o)
                0x00001bbc                ADC_DelSig_1_ISR4
 .text.ADC_DelSig_1_AMux_Start
                0x00001bc8       0x34 .\CortexM3\ARM_GCC_541\Debug\StepperTorqueControl.a(ADC_DelSig_1_AMux.o)
                0x00001bc8                ADC_DelSig_1_AMux_Start
 .text.ADC_DelSig_1_AMux_Select
                0x00001bfc       0x28 .\CortexM3\ARM_GCC_541\Debug\StepperTorqueControl.a(ADC_DelSig_1_AMux.o)
                0x00001bfc                ADC_DelSig_1_AMux_Select
 .text.ADC_DelSig_1_Ext_CP_Clk_SetDividerRegister
                0x00001c24      0x164 .\CortexM3\ARM_GCC_541\Debug\StepperTorqueControl.a(ADC_DelSig_1_Ext_CP_Clk.o)
                0x00001c24                ADC_DelSig_1_Ext_CP_Clk_SetDividerRegister
 .text.ADC_DelSig_1_Ext_CP_Clk_GetDividerRegister
                0x00001d88       0x18 .\CortexM3\ARM_GCC_541\Debug\StepperTorqueControl.a(ADC_DelSig_1_Ext_CP_Clk.o)
                0x00001d88                ADC_DelSig_1_Ext_CP_Clk_GetDividerRegister
 .text.ADC_DelSig_1_Ext_CP_Clk_SetModeRegister
                0x00001da0       0x34 .\CortexM3\ARM_GCC_541\Debug\StepperTorqueControl.a(ADC_DelSig_1_Ext_CP_Clk.o)
                0x00001da0                ADC_DelSig_1_Ext_CP_Clk_SetModeRegister
 .text.ADC_DelSig_1_Ext_CP_Clk_GetSourceRegister
                0x00001dd4       0x1c .\CortexM3\ARM_GCC_541\Debug\StepperTorqueControl.a(ADC_DelSig_1_Ext_CP_Clk.o)
                0x00001dd4                ADC_DelSig_1_Ext_CP_Clk_GetSourceRegister
 .text.ADC_DelSig_1_theACLK_SetDividerRegister
                0x00001df0      0x164 .\CortexM3\ARM_GCC_541\Debug\StepperTorqueControl.a(ADC_DelSig_1_theACLK.o)
                0x00001df0                ADC_DelSig_1_theACLK_SetDividerRegister
 .text.ADC_DelSig_1_theACLK_GetDividerRegister
                0x00001f54       0x18 .\CortexM3\ARM_GCC_541\Debug\StepperTorqueControl.a(ADC_DelSig_1_theACLK.o)
                0x00001f54                ADC_DelSig_1_theACLK_GetDividerRegister
 .text.ADC_DelSig_1_theACLK_SetModeRegister
                0x00001f6c       0x34 .\CortexM3\ARM_GCC_541\Debug\StepperTorqueControl.a(ADC_DelSig_1_theACLK.o)
                0x00001f6c                ADC_DelSig_1_theACLK_SetModeRegister
 .text.ADC_DelSig_1_theACLK_GetSourceRegister
                0x00001fa0       0x1c .\CortexM3\ARM_GCC_541\Debug\StepperTorqueControl.a(ADC_DelSig_1_theACLK.o)
                0x00001fa0                ADC_DelSig_1_theACLK_GetSourceRegister
 .text.tick_Start
                0x00001fbc       0x20 .\CortexM3\ARM_GCC_541\Debug\StepperTorqueControl.a(tick.o)
                0x00001fbc                tick_Start
 .text.tick_Interrupt
                0x00001fdc      0x28c .\CortexM3\ARM_GCC_541\Debug\StepperTorqueControl.a(tick.o)
                0x00001fdc                tick_Interrupt
 .text.tick_SetVector
                0x00002268       0x24 .\CortexM3\ARM_GCC_541\Debug\StepperTorqueControl.a(tick.o)
                0x00002268                tick_SetVector
 .text.tick_SetPriority
                0x0000228c       0x24 .\CortexM3\ARM_GCC_541\Debug\StepperTorqueControl.a(tick.o)
                0x0000228c                tick_SetPriority
 .text.tick_Enable
                0x000022b0       0x18 .\CortexM3\ARM_GCC_541\Debug\StepperTorqueControl.a(tick.o)
                0x000022b0                tick_Enable
 .text.tick_Disable
                0x000022c8       0x18 .\CortexM3\ARM_GCC_541\Debug\StepperTorqueControl.a(tick.o)
                0x000022c8                tick_Disable
 .text.Timer_1_Init
                0x000022e0       0x9c .\CortexM3\ARM_GCC_541\Debug\StepperTorqueControl.a(Timer_1.o)
                0x000022e0                Timer_1_Init
 .text.Timer_1_Enable
                0x0000237c       0x48 .\CortexM3\ARM_GCC_541\Debug\StepperTorqueControl.a(Timer_1.o)
                0x0000237c                Timer_1_Enable
 .text.Timer_1_Start
                0x000023c4       0x24 .\CortexM3\ARM_GCC_541\Debug\StepperTorqueControl.a(Timer_1.o)
                0x000023c4                Timer_1_Start
 .text.Timer_1_SetInterruptMode
                0x000023e8       0x20 .\CortexM3\ARM_GCC_541\Debug\StepperTorqueControl.a(Timer_1.o)
                0x000023e8                Timer_1_SetInterruptMode
 .text.Timer_1_WritePeriod
                0x00002408       0x24 .\CortexM3\ARM_GCC_541\Debug\StepperTorqueControl.a(Timer_1.o)
                0x00002408                Timer_1_WritePeriod
 .text.Timer_1_WriteCounter
                0x0000242c       0x20 .\CortexM3\ARM_GCC_541\Debug\StepperTorqueControl.a(Timer_1.o)
                0x0000242c                Timer_1_WriteCounter
 .text.Microstep_Write
                0x0000244c       0x20 .\CortexM3\ARM_GCC_541\Debug\StepperTorqueControl.a(Microstep.o)
                0x0000244c                Microstep_Write
 .text.ShiftReg_1_Start
                0x0000246c       0x24 .\CortexM3\ARM_GCC_541\Debug\StepperTorqueControl.a(ShiftReg_1.o)
                0x0000246c                ShiftReg_1_Start
 .text.ShiftReg_1_Enable
                0x00002490       0x20 .\CortexM3\ARM_GCC_541\Debug\StepperTorqueControl.a(ShiftReg_1.o)
                0x00002490                ShiftReg_1_Enable
 .text.ShiftReg_1_Init
                0x000024b0       0x10 .\CortexM3\ARM_GCC_541\Debug\StepperTorqueControl.a(ShiftReg_1.o)
                0x000024b0                ShiftReg_1_Init
 .text.ShiftReg_1_Stop
                0x000024c0       0x20 .\CortexM3\ARM_GCC_541\Debug\StepperTorqueControl.a(ShiftReg_1.o)
                0x000024c0                ShiftReg_1_Stop
 .text.ShiftReg_1_EnableInt
                0x000024e0       0x34 .\CortexM3\ARM_GCC_541\Debug\StepperTorqueControl.a(ShiftReg_1.o)
                0x000024e0                ShiftReg_1_EnableInt
 .text.ShiftReg_1_DisableInt
                0x00002514       0x34 .\CortexM3\ARM_GCC_541\Debug\StepperTorqueControl.a(ShiftReg_1.o)
                0x00002514                ShiftReg_1_DisableInt
 .text.ShiftReg_1_SetIntMode
                0x00002548       0x40 .\CortexM3\ARM_GCC_541\Debug\StepperTorqueControl.a(ShiftReg_1.o)
                0x00002548                ShiftReg_1_SetIntMode
 .text.ShiftReg_1_WriteRegValue
                0x00002588       0x1c .\CortexM3\ARM_GCC_541\Debug\StepperTorqueControl.a(ShiftReg_1.o)
                0x00002588                ShiftReg_1_WriteRegValue
 .text.StepDir_Init
                0x000025a4       0x84 .\CortexM3\ARM_GCC_541\Debug\StepperTorqueControl.a(StepDir.o)
                0x000025a4                StepDir_Init
 .text.StepDir_Enable
                0x00002628       0x20 .\CortexM3\ARM_GCC_541\Debug\StepperTorqueControl.a(StepDir.o)
                0x00002628                StepDir_Enable
 .text.StepDir_Start
                0x00002648       0x24 .\CortexM3\ARM_GCC_541\Debug\StepperTorqueControl.a(StepDir.o)
                0x00002648                StepDir_Start
 .text.StepDir_Stop
                0x0000266c       0x20 .\CortexM3\ARM_GCC_541\Debug\StepperTorqueControl.a(StepDir.o)
                0x0000266c                StepDir_Stop
 .text.StepDir_SetInterruptMode
                0x0000268c       0x20 .\CortexM3\ARM_GCC_541\Debug\StepperTorqueControl.a(StepDir.o)
                0x0000268c                StepDir_SetInterruptMode
 .text.StepDir_ReadStatusRegister
                0x000026ac       0x18 .\CortexM3\ARM_GCC_541\Debug\StepperTorqueControl.a(StepDir.o)
                0x000026ac                StepDir_ReadStatusRegister
 .text.StepDir_WriteCounter
                0x000026c4       0x1c .\CortexM3\ARM_GCC_541\Debug\StepperTorqueControl.a(StepDir.o)
                0x000026c4                StepDir_WriteCounter
 .text.StepDir_ReadCapture
                0x000026e0       0x14 .\CortexM3\ARM_GCC_541\Debug\StepperTorqueControl.a(StepDir.o)
                0x000026e0                StepDir_ReadCapture
 .text.StepDir_WritePeriod
                0x000026f4       0x1c .\CortexM3\ARM_GCC_541\Debug\StepperTorqueControl.a(StepDir.o)
                0x000026f4                StepDir_WritePeriod
 .text.StepDir_WriteCompare
                0x00002710       0x1c .\CortexM3\ARM_GCC_541\Debug\StepperTorqueControl.a(StepDir.o)
                0x00002710                StepDir_WriteCompare
 .text.StepDir_ClearFIFO
                0x0000272c       0x1c .\CortexM3\ARM_GCC_541\Debug\StepperTorqueControl.a(StepDir.o)
                0x0000272c                StepDir_ClearFIFO
 .text          0x00002748       0x20 .\CortexM3\ARM_GCC_541\Debug\StepperTorqueControl.a(CyBootAsmGnu.o)
                0x00002748                CyDelayCycles
                0x00002758                CyEnterCriticalSection
                0x00002760                CyExitCriticalSection
 .text.Direction_Write
                0x00002768       0x20 .\CortexM3\ARM_GCC_541\Debug\StepperTorqueControl.a(Direction.o)
                0x00002768                Direction_Write
 .text          0x00002788       0xa0 c:/program files (x86)/cypress/psoc creator/4.2/psoc creator/import/gnu/arm/5.4.1/bin/../lib/gcc/arm-none-eabi/5.4.1/armv7-m\libgcc.a(_aeabi_ldivmod.o)
                0x00002788                __aeabi_ldivmod
 .text          0x00002828      0x2ec c:/program files (x86)/cypress/psoc creator/4.2/psoc creator/import/gnu/arm/5.4.1/bin/../lib/gcc/arm-none-eabi/5.4.1/armv7-m\libgcc.a(_udivmoddi4.o)
                0x00002828                __udivmoddi4
 .text          0x00002b14        0x4 c:/program files (x86)/cypress/psoc creator/4.2/psoc creator/import/gnu/arm/5.4.1/bin/../lib/gcc/arm-none-eabi/5.4.1/armv7-m\libgcc.a(_dvmd_tls.o)
                0x00002b14                __aeabi_idiv0
                0x00002b14                __aeabi_ldiv0
 .text.__errno  0x00002b18        0xc c:/program files (x86)/cypress/psoc creator/4.2/psoc creator/import/gnu/arm/5.4.1/bin/../lib/gcc/arm-none-eabi/5.4.1/../../../../arm-none-eabi/lib/armv7-m\libg_nano.a(lib_a-errno.o)
                0x00002b18                __errno
 .text.__libc_init_array
                0x00002b24       0x4c c:/program files (x86)/cypress/psoc creator/4.2/psoc creator/import/gnu/arm/5.4.1/bin/../lib/gcc/arm-none-eabi/5.4.1/../../../../arm-none-eabi/lib/armv7-m\libg_nano.a(lib_a-init.o)
                0x00002b24                __libc_init_array
 .text.memcpy   0x00002b70       0x16 c:/program files (x86)/cypress/psoc creator/4.2/psoc creator/import/gnu/arm/5.4.1/bin/../lib/gcc/arm-none-eabi/5.4.1/../../../../arm-none-eabi/lib/armv7-m\libg_nano.a(lib_a-memcpy-stub.o)
                0x00002b70                memcpy
 *(.plt)
 *(.gnu.warning)
 *(.glue_7t)
 .glue_7t       0x00002b86        0x0 linker stubs
 *(.glue_7)
 .glue_7        0x00002b86        0x0 linker stubs
 *(.vfp11_veneer)
 .vfp11_veneer  0x00002b86        0x0 linker stubs
 *(.bootloader)
 *(.ARM.extab* .gnu.linkonce.armextab.*)
 *(.gcc_except_table)

.v4_bx          0x00002b88        0x0
 .v4_bx         0x00002b88        0x0 linker stubs

.iplt           0x00002b88        0x0
 .iplt          0x00002b88        0x0 c:/program files (x86)/cypress/psoc creator/4.2/psoc creator/import/gnu/arm/5.4.1/bin/../lib/gcc/arm-none-eabi/5.4.1/armv7-m/crtbegin.o

.eh_frame_hdr
 *(.eh_frame_hdr)

.eh_frame       0x00002b88        0x4
 *(.eh_frame)
 .eh_frame      0x00002b88        0x0 c:/program files (x86)/cypress/psoc creator/4.2/psoc creator/import/gnu/arm/5.4.1/bin/../lib/gcc/arm-none-eabi/5.4.1/armv7-m/crtbegin.o
 .eh_frame      0x00002b88        0x4 c:/program files (x86)/cypress/psoc creator/4.2/psoc creator/import/gnu/arm/5.4.1/bin/../lib/gcc/arm-none-eabi/5.4.1/armv7-m/crtend.o
                [!provide]                PROVIDE (__exidx_start, .)

.ARM.exidx      0x00002b8c        0x8
 *(.ARM.exidx* .gnu.linkonce.armexidx.*)
 .ARM.exidx     0x00002b8c        0x8 c:/program files (x86)/cypress/psoc creator/4.2/psoc creator/import/gnu/arm/5.4.1/bin/../lib/gcc/arm-none-eabi/5.4.1/armv7-m\libgcc.a(_udivmoddi4.o)
                0x00002b94                __exidx_end = .

.rodata         0x00002b94      0x18c
 *(.rodata .rodata.* .gnu.linkonce.r.*)
 .rodata        0x00002b94      0x154 .\CortexM3\ARM_GCC_541\Debug\cyfitter_cfg.o
                0x00002b94                ADC_DelSig_1_AMux__addrTable
                0x00002b9c                ADC_DelSig_1_AMux__maskTable
 .rodata.str1.1
                0x00002ce8        0x2 c:/program files (x86)/cypress/psoc creator/4.2/psoc creator/import/gnu/arm/5.4.1/bin/../lib/gcc/arm-none-eabi/5.4.1/../../../../arm-none-eabi/lib/armv7-m\libg_nano.a(lib_a-impure.o)
                0x00002cec                . = ALIGN (0x4)
 *fill*         0x00002cea        0x2 
 *(.init)
 .init          0x00002cec        0x4 c:/program files (x86)/cypress/psoc creator/4.2/psoc creator/import/gnu/arm/5.4.1/bin/../lib/gcc/arm-none-eabi/5.4.1/armv7-m/crti.o
                0x00002cec                _init
 .init          0x00002cf0        0x8 c:/program files (x86)/cypress/psoc creator/4.2/psoc creator/import/gnu/arm/5.4.1/bin/../lib/gcc/arm-none-eabi/5.4.1/armv7-m/crtn.o
                0x00002cf8                . = ALIGN (0x4)
                0x00002cf8                __preinit_array_start = .
 *(.preinit_array)
                0x00002cf8                __preinit_array_end = .
                0x00002cf8                . = ALIGN (0x4)
                0x00002cf8                __init_array_start = .
 *(SORT(.init_array.*))
 *(.init_array)
 .init_array    0x00002cf8        0x4 c:/program files (x86)/cypress/psoc creator/4.2/psoc creator/import/gnu/arm/5.4.1/bin/../lib/gcc/arm-none-eabi/5.4.1/armv7-m/crtbegin.o
 .init_array    0x00002cfc        0x4 .\CortexM3\ARM_GCC_541\Debug\Cm3Start.o
                0x00002d00                __init_array_end = .
                0x00002d00                . = ALIGN (0x4)
 *(.fini)
 .fini          0x00002d00        0x4 c:/program files (x86)/cypress/psoc creator/4.2/psoc creator/import/gnu/arm/5.4.1/bin/../lib/gcc/arm-none-eabi/5.4.1/armv7-m/crti.o
                0x00002d00                _fini
 .fini          0x00002d04        0x8 c:/program files (x86)/cypress/psoc creator/4.2/psoc creator/import/gnu/arm/5.4.1/bin/../lib/gcc/arm-none-eabi/5.4.1/armv7-m/crtn.o
                0x00002d0c                . = ALIGN (0x4)
                0x00002d0c                __fini_array_start = .
 *(.fini_array)
 .fini_array    0x00002d0c        0x4 c:/program files (x86)/cypress/psoc creator/4.2/psoc creator/import/gnu/arm/5.4.1/bin/../lib/gcc/arm-none-eabi/5.4.1/armv7-m/crtbegin.o
 *(SORT(.fini_array.*))
                0x00002d10                __fini_array_end = .
                0x00002d10                . = ALIGN (0x4)
 *crtbegin.o(.ctors)
 *(EXCLUDE_FILE(*crtend.o) .ctors)
 *(SORT(.ctors.*))
 *crtend.o(.ctors)
                0x00002d10                . = ALIGN (0x4)
 *crtbegin.o(.dtors)
 *(EXCLUDE_FILE(*crtend.o) .dtors)
 *(SORT(.dtors.*))
 *crtend.o(.dtors)
                0x00002d10                . = ALIGN (0x4)
                0x00002d10                __cy_regions = .
                0x00002d10        0x4 LONG 0x2d20 __cy_region_init_ram
                0x00002d14        0x4 LONG 0x1fff80c8 __cy_region_start_data
                0x00002d18        0x4 LONG 0x8c8 __cy_region_init_size_ram
                0x00002d1c        0x4 LONG 0xd8 __cy_region_zero_size_ram
                0x00002d20                __cy_regions_end = .
                0x00002d20                . = ALIGN (0x8)
                0x00002d20                _etext = .

.cy_checksum_exclude
                0x00002d20        0x0
 *(.cy_checksum_exclude)

.ramvectors     0x1fff8000       0xc0
                0x1fff8000                __cy_region_start_ram = .
 *(.ramvectors)
 .ramvectors    0x1fff8000       0xc0 .\CortexM3\ARM_GCC_541\Debug\Cm3Start.o
                0x1fff8000                CyRamVectors

.noinit         0x1fff80c0        0x5
 *(.noinit)
 .noinit        0x1fff80c0        0x4 .\CortexM3\ARM_GCC_541\Debug\Cm3Start.o
 .noinit        0x1fff80c4        0x1 .\CortexM3\ARM_GCC_541\Debug\StepperTorqueControl.a(CyLib.o)
                0x1fff80c4                CyResetStatus

.data           0x1fff80c8      0x8c8 load address 0x00002d20
                0x1fff80c8                __cy_region_start_data = .
 *(.jcr)
 .jcr           0x1fff80c8        0x0 c:/program files (x86)/cypress/psoc creator/4.2/psoc creator/import/gnu/arm/5.4.1/bin/../lib/gcc/arm-none-eabi/5.4.1/armv7-m/crtbegin.o
 .jcr           0x1fff80c8        0x4 c:/program files (x86)/cypress/psoc creator/4.2/psoc creator/import/gnu/arm/5.4.1/bin/../lib/gcc/arm-none-eabi/5.4.1/armv7-m/crtend.o
 *(.got.plt)
 *(.got)
 *(.shdata)
 *(.data .data.* .gnu.linkonce.d.*)
 .data          0x1fff80cc      0x848 .\CortexM3\ARM_GCC_541\Debug\main.o
                0x1fff80cc                read_angle_command
                0x1fff80d0                step_array
                0x1fff8114                offsetMap
 .data          0x1fff8914       0x10 .\CortexM3\ARM_GCC_541\Debug\StepperTorqueControl.a(CyLib.o)
                0x1fff8914                cydelay_freq_hz
                0x1fff8918                cydelay_freq_khz
                0x1fff891c                cydelay_freq_mhz
                0x1fff8920                cydelay_32k_ms
 .data          0x1fff8924        0x1 .\CortexM3\ARM_GCC_541\Debug\StepperTorqueControl.a(ADC_DelSig_1.o)
                0x1fff8924                ADC_DelSig_1_Config
 .data          0x1fff8925        0x1 .\CortexM3\ARM_GCC_541\Debug\StepperTorqueControl.a(ADC_DelSig_1_AMux.o)
 *fill*         0x1fff8926        0x2 
 .data.impure_data
                0x1fff8928       0x60 c:/program files (x86)/cypress/psoc creator/4.2/psoc creator/import/gnu/arm/5.4.1/bin/../lib/gcc/arm-none-eabi/5.4.1/../../../../arm-none-eabi/lib/armv7-m\libg_nano.a(lib_a-impure.o)
 .data._impure_ptr
                0x1fff8988        0x4 c:/program files (x86)/cypress/psoc creator/4.2/psoc creator/import/gnu/arm/5.4.1/bin/../lib/gcc/arm-none-eabi/5.4.1/../../../../arm-none-eabi/lib/armv7-m\libg_nano.a(lib_a-impure.o)
                0x1fff8988                _impure_ptr
                0x1fff8990                . = ALIGN (0x8)
 *fill*         0x1fff898c        0x4 
 *(.ram)
                0x1fff8990                _edata = .

.igot.plt       0x1fff8990        0x0 load address 0x000035e8
 .igot.plt      0x1fff8990        0x0 c:/program files (x86)/cypress/psoc creator/4.2/psoc creator/import/gnu/arm/5.4.1/bin/../lib/gcc/arm-none-eabi/5.4.1/armv7-m/crtbegin.o

.bss            0x1fff8990       0xd8 load address 0x000035e8
                0x1fff8990                PROVIDE (__bss_start__, .)
 *(.shbss)
 *(.bss .bss.* .gnu.linkonce.b.*)
 .bss           0x1fff8990       0x1c c:/program files (x86)/cypress/psoc creator/4.2/psoc creator/import/gnu/arm/5.4.1/bin/../lib/gcc/arm-none-eabi/5.4.1/armv7-m/crtbegin.o
 .bss           0x1fff89ac       0x1c .\CortexM3\ARM_GCC_541\Debug\main.o
                0x1fff89ac                torque_command
                0x1fff89b0                axis_position_filtered
                0x1fff89b4                axis_position_filtered_2
                0x1fff89b8                lead_angle
                0x1fff89bc                position_ref
                0x1fff89c0                position_ref_initial
                0x1fff89c4                position_ref_old
 .bss           0x1fff89c8        0x4 .\CortexM3\ARM_GCC_541\Debug\cyfitter_cfg.o
 .bss           0x1fff89cc        0x1 .\CortexM3\ARM_GCC_541\Debug\StepperTorqueControl.a(SPIM.o)
                0x1fff89cc                SPIM_initVar
 .bss           0x1fff89cd        0x2 .\CortexM3\ARM_GCC_541\Debug\StepperTorqueControl.a(UART_1.o)
                0x1fff89cd                UART_1_initVar
 *fill*         0x1fff89cf        0x1 
 .bss           0x1fff89d0       0x18 .\CortexM3\ARM_GCC_541\Debug\StepperTorqueControl.a(ADC_DelSig_1.o)
                0x1fff89d0                ADC_DelSig_1_convDone
                0x1fff89d1                ADC_DelSig_1_stopConversion
                0x1fff89d2                ADC_DelSig_1_initVar
                0x1fff89d3                ADC_DelSig_1_started
                0x1fff89d4                ADC_DelSig_1_Offset
 .bss           0x1fff89e8        0x8 .\CortexM3\ARM_GCC_541\Debug\StepperTorqueControl.a(tick.o)
                0x1fff89e8                angle_old
                0x1fff89ec                axis_position_old
 .bss           0x1fff89f0        0x1 .\CortexM3\ARM_GCC_541\Debug\StepperTorqueControl.a(Timer_1.o)
                0x1fff89f0                Timer_1_initVar
 .bss           0x1fff89f1        0x1 .\CortexM3\ARM_GCC_541\Debug\StepperTorqueControl.a(ShiftReg_1.o)
                0x1fff89f1                ShiftReg_1_initVar
 .bss           0x1fff89f2        0x1 .\CortexM3\ARM_GCC_541\Debug\StepperTorqueControl.a(StepDir.o)
                0x1fff89f2                StepDir_initVar
 *(COMMON)
 *fill*         0x1fff89f3        0x1 
 COMMON         0x1fff89f4       0x64 .\CortexM3\ARM_GCC_541\Debug\main.o
                0x1fff89f4                transmit_buff
                0x1fff8a44                angle
                0x1fff8a48                controller_tick
                0x1fff8a4c                axis_position
                0x1fff8a50                angle_diff
                0x1fff8a54                angle_electric
 COMMON         0x1fff8a58        0x4 .\CortexM3\ARM_GCC_541\Debug\StepperTorqueControl.a(ADC_DelSig_1.o)
                0x1fff8a58                ADC_DelSig_1_CountsPerVolt
 COMMON         0x1fff8a5c        0x8 .\CortexM3\ARM_GCC_541\Debug\StepperTorqueControl.a(tick.o)
                0x1fff8a5c                start_count
                0x1fff8a60                count
                0x1fff8a68                . = ALIGN (0x8)
 *fill*         0x1fff8a64        0x4 
 *(.ram.b)
                0x1fff8a68                _end = .
                0x1fff8a68                __end = .
                0x1fff8a68                PROVIDE (end, .)
                0x1fff8a68                PROVIDE (__bss_end__, .)
                0x00002d20                __cy_region_init_ram = LOADADDR (.data)
                0x000008c8                __cy_region_init_size_ram = (_edata - ADDR (.data))
                0x000000d8                __cy_region_zero_size_ram = (_end - _edata)

.heap           0x1fff8a68       0x80 load address 0x000035e8
                0x1fff8a68                . = _end
                0x1fff8ae8                . = (. + 0x80)
 *fill*         0x1fff8a68       0x80 
                0x1fff8ae8                __cy_heap_limit = .

.stack          0x20007800      0x800
                0x20007800                __cy_stack_limit = .
                0x20008000                . = (. + 0x800)
 *fill*         0x20007800      0x800 
                0x00000001                ASSERT ((__cy_stack_limit >= __cy_heap_limit), region RAM overflowed with stack)
                0x00000000                cy_checksum_exclude_size = (CY_APPL_LOADABLE == 0x1)?SIZEOF (.cy_checksum_exclude):0x0
                0x00000001                ASSERT ((cy_checksum_exclude_size <= CY_CHECKSUM_EXCLUDE_SIZE), CY_BOOT: Section .cy_checksum_exclude size exceedes specified limit.)

.cyloadermeta
 *(.cyloadermeta)

.cyloadablemeta
 *(.cyloadablemeta)

.cyconfigecc    0x80000000     0x1cc0
 *(.cyconfigecc)
 .cyconfigecc   0x80000000     0x1cc0 .\CortexM3\ARM_GCC_541\Debug\cymetadata.o
                0x80000000                cy_meta_configecc

.cycustnvl      0x90000000        0x4
 *(.cycustnvl)
 .cycustnvl     0x90000000        0x4 .\CortexM3\ARM_GCC_541\Debug\cymetadata.o
                0x90000000                cy_meta_custnvl

.cywolatch      0x90100000        0x4
 *(.cywolatch)
 .cywolatch     0x90100000        0x4 .\CortexM3\ARM_GCC_541\Debug\cymetadata.o
                0x90100000                cy_meta_wonvl

.cyeeprom       0x90200000        0x0
 *(.cyeeprom)
                0x00000001                ASSERT ((. <= ((0x90200000 + ee_offset) + ee_size)), .cyeeprom data will not fit in EEPROM)

.cyflashprotect
                0x90400000      0x100
 *(.cyflashprotect)
 .cyflashprotect
                0x90400000      0x100 .\CortexM3\ARM_GCC_541\Debug\cymetadata.o
                0x90400000                cy_meta_flashprotect

.cymeta         0x90500000        0xc
 *(.cymeta)
 .cymeta        0x90500000        0xc .\CortexM3\ARM_GCC_541\Debug\cymetadata.o
                0x90500000                cy_metadata

.rel.dyn        0x000035e8        0x0 load address 0x9050000c
 .rel.iplt      0x000035e8        0x0 c:/program files (x86)/cypress/psoc creator/4.2/psoc creator/import/gnu/arm/5.4.1/bin/../lib/gcc/arm-none-eabi/5.4.1/armv7-m/crtbegin.o

.stab
 *(.stab)

.stabstr
 *(.stabstr)

.debug
 *(.debug)

.line
 *(.line)

.debug_srcinfo
 *(.debug_srcinfo)

.debug_sfnames
 *(.debug_sfnames)

.debug_aranges  0x00000000      0xd98
 *(.debug_aranges)
 .debug_aranges
                0x00000000       0x28 .\CortexM3\ARM_GCC_541\Debug\main.o
 .debug_aranges
                0x00000028       0x38 .\CortexM3\ARM_GCC_541\Debug\pid.o
 .debug_aranges
                0x00000060       0x30 .\CortexM3\ARM_GCC_541\Debug\lis3dh.o
 .debug_aranges
                0x00000090       0x70 .\CortexM3\ARM_GCC_541\Debug\cyfitter_cfg.o
 .debug_aranges
                0x00000100       0x18 .\CortexM3\ARM_GCC_541\Debug\cymetadata.o
 .debug_aranges
                0x00000118       0x48 .\CortexM3\ARM_GCC_541\Debug\Cm3Start.o
 .debug_aranges
                0x00000160       0xd8 .\CortexM3\ARM_GCC_541\Debug\StepperTorqueControl.a(SPIM.o)
 .debug_aranges
                0x00000238      0x2a0 .\CortexM3\ARM_GCC_541\Debug\StepperTorqueControl.a(CyLib.o)
 .debug_aranges
                0x000004d8       0x98 .\CortexM3\ARM_GCC_541\Debug\StepperTorqueControl.a(cyPm.o)
 .debug_aranges
                0x00000570       0xf0 .\CortexM3\ARM_GCC_541\Debug\StepperTorqueControl.a(UART_1.o)
 .debug_aranges
                0x00000660       0x70 .\CortexM3\ARM_GCC_541\Debug\StepperTorqueControl.a(UART_1_IntClock.o)
 .debug_aranges
                0x000006d0       0x80 .\CortexM3\ARM_GCC_541\Debug\StepperTorqueControl.a(I2C_1_MASTER.o)
 .debug_aranges
                0x00000750       0xe8 .\CortexM3\ARM_GCC_541\Debug\StepperTorqueControl.a(ADC_DelSig_1.o)
 .debug_aranges
                0x00000838       0x38 .\CortexM3\ARM_GCC_541\Debug\StepperTorqueControl.a(ADC_DelSig_1_INT.o)
 .debug_aranges
                0x00000870       0x30 .\CortexM3\ARM_GCC_541\Debug\StepperTorqueControl.a(ADC_DelSig_1_AMux.o)
 .debug_aranges
                0x000008a0       0x70 .\CortexM3\ARM_GCC_541\Debug\StepperTorqueControl.a(ADC_DelSig_1_Ext_CP_Clk.o)
 .debug_aranges
                0x00000910       0x80 .\CortexM3\ARM_GCC_541\Debug\StepperTorqueControl.a(ADC_DelSig_1_theACLK.o)
 .debug_aranges
                0x00000990       0x80 .\CortexM3\ARM_GCC_541\Debug\StepperTorqueControl.a(tick.o)
 .debug_aranges
                0x00000a10       0x88 .\CortexM3\ARM_GCC_541\Debug\StepperTorqueControl.a(Timer_1.o)
 .debug_aranges
                0x00000a98       0x28 .\CortexM3\ARM_GCC_541\Debug\StepperTorqueControl.a(Microstep.o)
 .debug_aranges
                0x00000ac0       0x70 .\CortexM3\ARM_GCC_541\Debug\StepperTorqueControl.a(ShiftReg_1.o)
 .debug_aranges
                0x00000b30       0x98 .\CortexM3\ARM_GCC_541\Debug\StepperTorqueControl.a(StepDir.o)
 .debug_aranges
                0x00000bc8       0x20 .\CortexM3\ARM_GCC_541\Debug\StepperTorqueControl.a(CyBootAsmGnu.o)
 .debug_aranges
                0x00000be8       0x80 .\CortexM3\ARM_GCC_541\Debug\StepperTorqueControl.a(CyFlash.o)
 .debug_aranges
                0x00000c68       0x78 .\CortexM3\ARM_GCC_541\Debug\StepperTorqueControl.a(CySpc.o)
 .debug_aranges
                0x00000ce0       0x38 .\CortexM3\ARM_GCC_541\Debug\StepperTorqueControl.a(I2C_1.o)
 .debug_aranges
                0x00000d18       0x20 .\CortexM3\ARM_GCC_541\Debug\StepperTorqueControl.a(I2C_1_INT.o)
 .debug_aranges
                0x00000d38       0x38 .\CortexM3\ARM_GCC_541\Debug\StepperTorqueControl.a(I2C_1_PM.o)
 .debug_aranges
                0x00000d70       0x28 .\CortexM3\ARM_GCC_541\Debug\StepperTorqueControl.a(Direction.o)

.debug_pubnames
 *(.debug_pubnames)

.debug_info     0x00000000     0x5b46
 *(.debug_info .gnu.linkonce.wi.*)
 .debug_info    0x00000000      0x38a .\CortexM3\ARM_GCC_541\Debug\main.o
 .debug_info    0x0000038a      0x2bf .\CortexM3\ARM_GCC_541\Debug\pid.o
 .debug_info    0x00000649      0x18e .\CortexM3\ARM_GCC_541\Debug\lis3dh.o
 .debug_info    0x000007d7      0x473 .\CortexM3\ARM_GCC_541\Debug\cyfitter_cfg.o
 .debug_info    0x00000c4a      0x139 .\CortexM3\ARM_GCC_541\Debug\cymetadata.o
 .debug_info    0x00000d83      0x32b .\CortexM3\ARM_GCC_541\Debug\Cm3Start.o
 .debug_info    0x000010ae      0x411 .\CortexM3\ARM_GCC_541\Debug\StepperTorqueControl.a(SPIM.o)
 .debug_info    0x000014bf      0xe51 .\CortexM3\ARM_GCC_541\Debug\StepperTorqueControl.a(CyLib.o)
 .debug_info    0x00002310      0x57a .\CortexM3\ARM_GCC_541\Debug\StepperTorqueControl.a(cyPm.o)
 .debug_info    0x0000288a      0x50a .\CortexM3\ARM_GCC_541\Debug\StepperTorqueControl.a(UART_1.o)
 .debug_info    0x00002d94      0x25d .\CortexM3\ARM_GCC_541\Debug\StepperTorqueControl.a(UART_1_IntClock.o)
 .debug_info    0x00002ff1      0x3f8 .\CortexM3\ARM_GCC_541\Debug\StepperTorqueControl.a(I2C_1_MASTER.o)
 .debug_info    0x000033e9      0x72c .\CortexM3\ARM_GCC_541\Debug\StepperTorqueControl.a(ADC_DelSig_1.o)
 .debug_info    0x00003b15       0xd3 .\CortexM3\ARM_GCC_541\Debug\StepperTorqueControl.a(ADC_DelSig_1_INT.o)
 .debug_info    0x00003be8      0x10a .\CortexM3\ARM_GCC_541\Debug\StepperTorqueControl.a(ADC_DelSig_1_AMux.o)
 .debug_info    0x00003cf2      0x25d .\CortexM3\ARM_GCC_541\Debug\StepperTorqueControl.a(ADC_DelSig_1_Ext_CP_Clk.o)
 .debug_info    0x00003f4f      0x299 .\CortexM3\ARM_GCC_541\Debug\StepperTorqueControl.a(ADC_DelSig_1_theACLK.o)
 .debug_info    0x000041e8      0x350 .\CortexM3\ARM_GCC_541\Debug\StepperTorqueControl.a(tick.o)
 .debug_info    0x00004538      0x245 .\CortexM3\ARM_GCC_541\Debug\StepperTorqueControl.a(Timer_1.o)
 .debug_info    0x0000477d       0xd7 .\CortexM3\ARM_GCC_541\Debug\StepperTorqueControl.a(Microstep.o)
 .debug_info    0x00004854      0x228 .\CortexM3\ARM_GCC_541\Debug\StepperTorqueControl.a(ShiftReg_1.o)
 .debug_info    0x00004a7c      0x291 .\CortexM3\ARM_GCC_541\Debug\StepperTorqueControl.a(StepDir.o)
 .debug_info    0x00004d0d       0xa6 .\CortexM3\ARM_GCC_541\Debug\StepperTorqueControl.a(CyBootAsmGnu.o)
 .debug_info    0x00004db3      0x371 .\CortexM3\ARM_GCC_541\Debug\StepperTorqueControl.a(CyFlash.o)
 .debug_info    0x00005124      0x45a .\CortexM3\ARM_GCC_541\Debug\StepperTorqueControl.a(CySpc.o)
 .debug_info    0x0000557e      0x201 .\CortexM3\ARM_GCC_541\Debug\StepperTorqueControl.a(I2C_1.o)
 .debug_info    0x0000577f      0x156 .\CortexM3\ARM_GCC_541\Debug\StepperTorqueControl.a(I2C_1_INT.o)
 .debug_info    0x000058d5      0x19a .\CortexM3\ARM_GCC_541\Debug\StepperTorqueControl.a(I2C_1_PM.o)
 .debug_info    0x00005a6f       0xd7 .\CortexM3\ARM_GCC_541\Debug\StepperTorqueControl.a(Direction.o)

.debug_abbrev   0x00000000     0x1e50
 *(.debug_abbrev)
 .debug_abbrev  0x00000000      0x118 .\CortexM3\ARM_GCC_541\Debug\main.o
 .debug_abbrev  0x00000118       0xf9 .\CortexM3\ARM_GCC_541\Debug\pid.o
 .debug_abbrev  0x00000211       0xc1 .\CortexM3\ARM_GCC_541\Debug\lis3dh.o
 .debug_abbrev  0x000002d2      0x194 .\CortexM3\ARM_GCC_541\Debug\cyfitter_cfg.o
 .debug_abbrev  0x00000466       0x77 .\CortexM3\ARM_GCC_541\Debug\cymetadata.o
 .debug_abbrev  0x000004dd      0x1d6 .\CortexM3\ARM_GCC_541\Debug\Cm3Start.o
 .debug_abbrev  0x000006b3      0x156 .\CortexM3\ARM_GCC_541\Debug\StepperTorqueControl.a(SPIM.o)
 .debug_abbrev  0x00000809      0x217 .\CortexM3\ARM_GCC_541\Debug\StepperTorqueControl.a(CyLib.o)
 .debug_abbrev  0x00000a20      0x161 .\CortexM3\ARM_GCC_541\Debug\StepperTorqueControl.a(cyPm.o)
 .debug_abbrev  0x00000b81      0x163 .\CortexM3\ARM_GCC_541\Debug\StepperTorqueControl.a(UART_1.o)
 .debug_abbrev  0x00000ce4      0x11d .\CortexM3\ARM_GCC_541\Debug\StepperTorqueControl.a(UART_1_IntClock.o)
 .debug_abbrev  0x00000e01      0x11e .\CortexM3\ARM_GCC_541\Debug\StepperTorqueControl.a(I2C_1_MASTER.o)
 .debug_abbrev  0x00000f1f      0x19d .\CortexM3\ARM_GCC_541\Debug\StepperTorqueControl.a(ADC_DelSig_1.o)
 .debug_abbrev  0x000010bc       0x42 .\CortexM3\ARM_GCC_541\Debug\StepperTorqueControl.a(ADC_DelSig_1_INT.o)
 .debug_abbrev  0x000010fe       0x6f .\CortexM3\ARM_GCC_541\Debug\StepperTorqueControl.a(ADC_DelSig_1_AMux.o)
 .debug_abbrev  0x0000116d      0x11d .\CortexM3\ARM_GCC_541\Debug\StepperTorqueControl.a(ADC_DelSig_1_Ext_CP_Clk.o)
 .debug_abbrev  0x0000128a      0x11d .\CortexM3\ARM_GCC_541\Debug\StepperTorqueControl.a(ADC_DelSig_1_theACLK.o)
 .debug_abbrev  0x000013a7      0x152 .\CortexM3\ARM_GCC_541\Debug\StepperTorqueControl.a(tick.o)
 .debug_abbrev  0x000014f9       0xe9 .\CortexM3\ARM_GCC_541\Debug\StepperTorqueControl.a(Timer_1.o)
 .debug_abbrev  0x000015e2       0x81 .\CortexM3\ARM_GCC_541\Debug\StepperTorqueControl.a(Microstep.o)
 .debug_abbrev  0x00001663      0x129 .\CortexM3\ARM_GCC_541\Debug\StepperTorqueControl.a(ShiftReg_1.o)
 .debug_abbrev  0x0000178c      0x12c .\CortexM3\ARM_GCC_541\Debug\StepperTorqueControl.a(StepDir.o)
 .debug_abbrev  0x000018b8       0x14 .\CortexM3\ARM_GCC_541\Debug\StepperTorqueControl.a(CyBootAsmGnu.o)
 .debug_abbrev  0x000018cc      0x13c .\CortexM3\ARM_GCC_541\Debug\StepperTorqueControl.a(CyFlash.o)
 .debug_abbrev  0x00001a08      0x16c .\CortexM3\ARM_GCC_541\Debug\StepperTorqueControl.a(CySpc.o)
 .debug_abbrev  0x00001b74       0xe2 .\CortexM3\ARM_GCC_541\Debug\StepperTorqueControl.a(I2C_1.o)
 .debug_abbrev  0x00001c56       0x81 .\CortexM3\ARM_GCC_541\Debug\StepperTorqueControl.a(I2C_1_INT.o)
 .debug_abbrev  0x00001cd7       0xf8 .\CortexM3\ARM_GCC_541\Debug\StepperTorqueControl.a(I2C_1_PM.o)
 .debug_abbrev  0x00001dcf       0x81 .\CortexM3\ARM_GCC_541\Debug\StepperTorqueControl.a(Direction.o)

.debug_line     0x00000000     0x33e6
 *(.debug_line)
 .debug_line    0x00000000      0x1bf .\CortexM3\ARM_GCC_541\Debug\main.o
 .debug_line    0x000001bf       0xbe .\CortexM3\ARM_GCC_541\Debug\pid.o
 .debug_line    0x0000027d       0x99 .\CortexM3\ARM_GCC_541\Debug\lis3dh.o
 .debug_line    0x00000316      0x256 .\CortexM3\ARM_GCC_541\Debug\cyfitter_cfg.o
 .debug_line    0x0000056c      0x141 .\CortexM3\ARM_GCC_541\Debug\cymetadata.o
 .debug_line    0x000006ad      0x1dc .\CortexM3\ARM_GCC_541\Debug\Cm3Start.o
 .debug_line    0x00000889      0x264 .\CortexM3\ARM_GCC_541\Debug\StepperTorqueControl.a(SPIM.o)
 .debug_line    0x00000aed      0x883 .\CortexM3\ARM_GCC_541\Debug\StepperTorqueControl.a(CyLib.o)
 .debug_line    0x00001370      0x38e .\CortexM3\ARM_GCC_541\Debug\StepperTorqueControl.a(cyPm.o)
 .debug_line    0x000016fe      0x2e4 .\CortexM3\ARM_GCC_541\Debug\StepperTorqueControl.a(UART_1.o)
 .debug_line    0x000019e2      0x1ae .\CortexM3\ARM_GCC_541\Debug\StepperTorqueControl.a(UART_1_IntClock.o)
 .debug_line    0x00001b90      0x1ec .\CortexM3\ARM_GCC_541\Debug\StepperTorqueControl.a(I2C_1_MASTER.o)
 .debug_line    0x00001d7c      0x3dc .\CortexM3\ARM_GCC_541\Debug\StepperTorqueControl.a(ADC_DelSig_1.o)
 .debug_line    0x00002158       0x95 .\CortexM3\ARM_GCC_541\Debug\StepperTorqueControl.a(ADC_DelSig_1_INT.o)
 .debug_line    0x000021ed       0xa6 .\CortexM3\ARM_GCC_541\Debug\StepperTorqueControl.a(ADC_DelSig_1_AMux.o)
 .debug_line    0x00002293      0x1b6 .\CortexM3\ARM_GCC_541\Debug\StepperTorqueControl.a(ADC_DelSig_1_Ext_CP_Clk.o)
 .debug_line    0x00002449      0x1d7 .\CortexM3\ARM_GCC_541\Debug\StepperTorqueControl.a(ADC_DelSig_1_theACLK.o)
 .debug_line    0x00002620      0x176 .\CortexM3\ARM_GCC_541\Debug\StepperTorqueControl.a(tick.o)
 .debug_line    0x00002796      0x15f .\CortexM3\ARM_GCC_541\Debug\StepperTorqueControl.a(Timer_1.o)
 .debug_line    0x000028f5       0x72 .\CortexM3\ARM_GCC_541\Debug\StepperTorqueControl.a(Microstep.o)
 .debug_line    0x00002967      0x132 .\CortexM3\ARM_GCC_541\Debug\StepperTorqueControl.a(ShiftReg_1.o)
 .debug_line    0x00002a99      0x185 .\CortexM3\ARM_GCC_541\Debug\StepperTorqueControl.a(StepDir.o)
 .debug_line    0x00002c1e       0x66 .\CortexM3\ARM_GCC_541\Debug\StepperTorqueControl.a(CyBootAsmGnu.o)
 .debug_line    0x00002c84      0x205 .\CortexM3\ARM_GCC_541\Debug\StepperTorqueControl.a(CyFlash.o)
 .debug_line    0x00002e89      0x212 .\CortexM3\ARM_GCC_541\Debug\StepperTorqueControl.a(CySpc.o)
 .debug_line    0x0000309b       0xdb .\CortexM3\ARM_GCC_541\Debug\StepperTorqueControl.a(I2C_1.o)
 .debug_line    0x00003176      0x13f .\CortexM3\ARM_GCC_541\Debug\StepperTorqueControl.a(I2C_1_INT.o)
 .debug_line    0x000032b5       0xbf .\CortexM3\ARM_GCC_541\Debug\StepperTorqueControl.a(I2C_1_PM.o)
 .debug_line    0x00003374       0x72 .\CortexM3\ARM_GCC_541\Debug\StepperTorqueControl.a(Direction.o)

.debug_frame    0x00000000     0x35f4
 *(.debug_frame)
 .debug_frame   0x00000000       0x58 .\CortexM3\ARM_GCC_541\Debug\main.o
 .debug_frame   0x00000058       0xc0 .\CortexM3\ARM_GCC_541\Debug\pid.o
 .debug_frame   0x00000118       0x88 .\CortexM3\ARM_GCC_541\Debug\lis3dh.o
 .debug_frame   0x000001a0      0x1b0 .\CortexM3\ARM_GCC_541\Debug\cyfitter_cfg.o
 .debug_frame   0x00000350       0xd8 .\CortexM3\ARM_GCC_541\Debug\Cm3Start.o
 .debug_frame   0x00000428      0x38c .\CortexM3\ARM_GCC_541\Debug\StepperTorqueControl.a(SPIM.o)
 .debug_frame   0x000007b4      0xc0c .\CortexM3\ARM_GCC_541\Debug\StepperTorqueControl.a(CyLib.o)
 .debug_frame   0x000013c0      0x234 .\CortexM3\ARM_GCC_541\Debug\StepperTorqueControl.a(cyPm.o)
 .debug_frame   0x000015f4      0x42c .\CortexM3\ARM_GCC_541\Debug\StepperTorqueControl.a(UART_1.o)
 .debug_frame   0x00001a20      0x1b4 .\CortexM3\ARM_GCC_541\Debug\StepperTorqueControl.a(UART_1_IntClock.o)
 .debug_frame   0x00001bd4      0x208 .\CortexM3\ARM_GCC_541\Debug\StepperTorqueControl.a(I2C_1_MASTER.o)
 .debug_frame   0x00001ddc      0x40c .\CortexM3\ARM_GCC_541\Debug\StepperTorqueControl.a(ADC_DelSig_1.o)
 .debug_frame   0x000021e8       0xa0 .\CortexM3\ARM_GCC_541\Debug\StepperTorqueControl.a(ADC_DelSig_1_INT.o)
 .debug_frame   0x00002288       0x88 .\CortexM3\ARM_GCC_541\Debug\StepperTorqueControl.a(ADC_DelSig_1_AMux.o)
 .debug_frame   0x00002310      0x1b4 .\CortexM3\ARM_GCC_541\Debug\StepperTorqueControl.a(ADC_DelSig_1_Ext_CP_Clk.o)
 .debug_frame   0x000024c4      0x200 .\CortexM3\ARM_GCC_541\Debug\StepperTorqueControl.a(ADC_DelSig_1_theACLK.o)
 .debug_frame   0x000026c4      0x1e0 .\CortexM3\ARM_GCC_541\Debug\StepperTorqueControl.a(tick.o)
 .debug_frame   0x000028a4      0x208 .\CortexM3\ARM_GCC_541\Debug\StepperTorqueControl.a(Timer_1.o)
 .debug_frame   0x00002aac       0x5c .\CortexM3\ARM_GCC_541\Debug\StepperTorqueControl.a(Microstep.o)
 .debug_frame   0x00002b08      0x194 .\CortexM3\ARM_GCC_541\Debug\StepperTorqueControl.a(ShiftReg_1.o)
 .debug_frame   0x00002c9c      0x258 .\CortexM3\ARM_GCC_541\Debug\StepperTorqueControl.a(StepDir.o)
 .debug_frame   0x00002ef4      0x210 .\CortexM3\ARM_GCC_541\Debug\StepperTorqueControl.a(CyFlash.o)
 .debug_frame   0x00003104      0x1f8 .\CortexM3\ARM_GCC_541\Debug\StepperTorqueControl.a(CySpc.o)
 .debug_frame   0x000032fc       0x98 .\CortexM3\ARM_GCC_541\Debug\StepperTorqueControl.a(I2C_1.o)
 .debug_frame   0x00003394       0x38 .\CortexM3\ARM_GCC_541\Debug\StepperTorqueControl.a(I2C_1_INT.o)
 .debug_frame   0x000033cc       0x94 .\CortexM3\ARM_GCC_541\Debug\StepperTorqueControl.a(I2C_1_PM.o)
 .debug_frame   0x00003460       0x5c .\CortexM3\ARM_GCC_541\Debug\StepperTorqueControl.a(Direction.o)
 .debug_frame   0x000034bc       0x44 c:/program files (x86)/cypress/psoc creator/4.2/psoc creator/import/gnu/arm/5.4.1/bin/../lib/gcc/arm-none-eabi/5.4.1/armv7-m\libgcc.a(_aeabi_ldivmod.o)
 .debug_frame   0x00003500       0x38 c:/program files (x86)/cypress/psoc creator/4.2/psoc creator/import/gnu/arm/5.4.1/bin/../lib/gcc/arm-none-eabi/5.4.1/armv7-m\libgcc.a(_udivmoddi4.o)
 .debug_frame   0x00003538       0x20 c:/program files (x86)/cypress/psoc creator/4.2/psoc creator/import/gnu/arm/5.4.1/bin/../lib/gcc/arm-none-eabi/5.4.1/../../../../arm-none-eabi/lib/armv7-m\libg_nano.a(lib_a-errno.o)
 .debug_frame   0x00003558       0x28 c:/program files (x86)/cypress/psoc creator/4.2/psoc creator/import/gnu/arm/5.4.1/bin/../lib/gcc/arm-none-eabi/5.4.1/../../../../arm-none-eabi/lib/armv7-m\libg_nano.a(lib_a-exit.o)
 .debug_frame   0x00003580       0x2c c:/program files (x86)/cypress/psoc creator/4.2/psoc creator/import/gnu/arm/5.4.1/bin/../lib/gcc/arm-none-eabi/5.4.1/../../../../arm-none-eabi/lib/armv7-m\libg_nano.a(lib_a-init.o)
 .debug_frame   0x000035ac       0x28 c:/program files (x86)/cypress/psoc creator/4.2/psoc creator/import/gnu/arm/5.4.1/bin/../lib/gcc/arm-none-eabi/5.4.1/../../../../arm-none-eabi/lib/armv7-m\libg_nano.a(lib_a-memcpy-stub.o)
 .debug_frame   0x000035d4       0x20 c:/program files (x86)/cypress/psoc creator/4.2/psoc creator/import/gnu/arm/5.4.1/bin/../lib/gcc/arm-none-eabi/5.4.1/../../../../arm-none-eabi/lib/armv7-m\libg_nano.a(lib_a-memset.o)

.debug_str      0x00000000     0x2e1b
 *(.debug_str)
 .debug_str     0x00000000      0x2f2 .\CortexM3\ARM_GCC_541\Debug\main.o
                                0x34d (size before relaxing)
 .debug_str     0x000002f2       0x29 .\CortexM3\ARM_GCC_541\Debug\pid.o
                                0x22d (size before relaxing)
 .debug_str     0x0000031b       0x7c .\CortexM3\ARM_GCC_541\Debug\lis3dh.o
                                0x209 (size before relaxing)
 .debug_str     0x00000397      0x253 .\CortexM3\ARM_GCC_541\Debug\cyfitter_cfg.o
                                0x3a5 (size before relaxing)
 .debug_str     0x000005ea       0x7f .\CortexM3\ARM_GCC_541\Debug\cymetadata.o
                                0x1fa (size before relaxing)
 .debug_str     0x00000669      0x11e .\CortexM3\ARM_GCC_541\Debug\Cm3Start.o
                                0x2ed (size before relaxing)
 .debug_str     0x00000787      0x22d .\CortexM3\ARM_GCC_541\Debug\StepperTorqueControl.a(SPIM.o)
                                0x3db (size before relaxing)
 .debug_str     0x000009b4      0x7ed .\CortexM3\ARM_GCC_541\Debug\StepperTorqueControl.a(CyLib.o)
                                0xa00 (size before relaxing)
 .debug_str     0x000011a1      0x371 .\CortexM3\ARM_GCC_541\Debug\StepperTorqueControl.a(cyPm.o)
                                0x559 (size before relaxing)
 .debug_str     0x00001512      0x288 .\CortexM3\ARM_GCC_541\Debug\StepperTorqueControl.a(UART_1.o)
                                0x471 (size before relaxing)
 .debug_str     0x0000179a      0x1c2 .\CortexM3\ARM_GCC_541\Debug\StepperTorqueControl.a(UART_1_IntClock.o)
                                0x364 (size before relaxing)
 .debug_str     0x0000195c      0x233 .\CortexM3\ARM_GCC_541\Debug\StepperTorqueControl.a(I2C_1_MASTER.o)
                                0x3e8 (size before relaxing)
 .debug_str     0x00001b8f      0x41d .\CortexM3\ARM_GCC_541\Debug\StepperTorqueControl.a(ADC_DelSig_1.o)
                                0x639 (size before relaxing)
 .debug_str     0x00001fac       0x72 .\CortexM3\ARM_GCC_541\Debug\StepperTorqueControl.a(ADC_DelSig_1_INT.o)
                                0x203 (size before relaxing)
 .debug_str     0x0000201e       0x9c .\CortexM3\ARM_GCC_541\Debug\StepperTorqueControl.a(ADC_DelSig_1_AMux.o)
                                0x226 (size before relaxing)
 .debug_str     0x000020ba      0x1d7 .\CortexM3\ARM_GCC_541\Debug\StepperTorqueControl.a(ADC_DelSig_1_Ext_CP_Clk.o)
                                0x3c4 (size before relaxing)
 .debug_str     0x00002291      0x208 .\CortexM3\ARM_GCC_541\Debug\StepperTorqueControl.a(ADC_DelSig_1_theACLK.o)
                                0x3f5 (size before relaxing)
 .debug_str     0x00002499      0x100 .\CortexM3\ARM_GCC_541\Debug\StepperTorqueControl.a(tick.o)
                                0x370 (size before relaxing)
 .debug_str     0x00002599      0x17a .\CortexM3\ARM_GCC_541\Debug\StepperTorqueControl.a(Timer_1.o)
                                0x32b (size before relaxing)
 .debug_str     0x00002713       0x42 .\CortexM3\ARM_GCC_541\Debug\StepperTorqueControl.a(Microstep.o)
                                0x1d1 (size before relaxing)
 .debug_str     0x00002755      0x13e .\CortexM3\ARM_GCC_541\Debug\StepperTorqueControl.a(ShiftReg_1.o)
                                0x2fd (size before relaxing)
 .debug_str     0x00002893      0x1a7 .\CortexM3\ARM_GCC_541\Debug\StepperTorqueControl.a(StepDir.o)
                                0x367 (size before relaxing)
 .debug_str     0x00002a3a      0x13e .\CortexM3\ARM_GCC_541\Debug\StepperTorqueControl.a(CyFlash.o)
                                0x30c (size before relaxing)
 .debug_str     0x00002b78      0x119 .\CortexM3\ARM_GCC_541\Debug\StepperTorqueControl.a(CySpc.o)
                                0x309 (size before relaxing)
 .debug_str     0x00002c91       0xb4 .\CortexM3\ARM_GCC_541\Debug\StepperTorqueControl.a(I2C_1.o)
                                0x2b4 (size before relaxing)
 .debug_str     0x00002d45       0x34 .\CortexM3\ARM_GCC_541\Debug\StepperTorqueControl.a(I2C_1_INT.o)
                                0x284 (size before relaxing)
 .debug_str     0x00002d79       0x60 .\CortexM3\ARM_GCC_541\Debug\StepperTorqueControl.a(I2C_1_PM.o)
                                0x260 (size before relaxing)
 .debug_str     0x00002dd9       0x42 .\CortexM3\ARM_GCC_541\Debug\StepperTorqueControl.a(Direction.o)
                                0x1d1 (size before relaxing)

.debug_loc
 *(.debug_loc)

.debug_macinfo
 *(.debug_macinfo)

.debug_ranges   0x00000000      0xbb0
 *(.debug_ranges)
 .debug_ranges  0x00000000       0x18 .\CortexM3\ARM_GCC_541\Debug\main.o
 .debug_ranges  0x00000018       0x28 .\CortexM3\ARM_GCC_541\Debug\pid.o
 .debug_ranges  0x00000040       0x20 .\CortexM3\ARM_GCC_541\Debug\lis3dh.o
 .debug_ranges  0x00000060       0x60 .\CortexM3\ARM_GCC_541\Debug\cyfitter_cfg.o
 .debug_ranges  0x000000c0       0x38 .\CortexM3\ARM_GCC_541\Debug\Cm3Start.o
 .debug_ranges  0x000000f8       0xc8 .\CortexM3\ARM_GCC_541\Debug\StepperTorqueControl.a(SPIM.o)
 .debug_ranges  0x000001c0      0x290 .\CortexM3\ARM_GCC_541\Debug\StepperTorqueControl.a(CyLib.o)
 .debug_ranges  0x00000450       0x88 .\CortexM3\ARM_GCC_541\Debug\StepperTorqueControl.a(cyPm.o)
 .debug_ranges  0x000004d8       0xe0 .\CortexM3\ARM_GCC_541\Debug\StepperTorqueControl.a(UART_1.o)
 .debug_ranges  0x000005b8       0x60 .\CortexM3\ARM_GCC_541\Debug\StepperTorqueControl.a(UART_1_IntClock.o)
 .debug_ranges  0x00000618       0x70 .\CortexM3\ARM_GCC_541\Debug\StepperTorqueControl.a(I2C_1_MASTER.o)
 .debug_ranges  0x00000688       0xd8 .\CortexM3\ARM_GCC_541\Debug\StepperTorqueControl.a(ADC_DelSig_1.o)
 .debug_ranges  0x00000760       0x28 .\CortexM3\ARM_GCC_541\Debug\StepperTorqueControl.a(ADC_DelSig_1_INT.o)
 .debug_ranges  0x00000788       0x20 .\CortexM3\ARM_GCC_541\Debug\StepperTorqueControl.a(ADC_DelSig_1_AMux.o)
 .debug_ranges  0x000007a8       0x60 .\CortexM3\ARM_GCC_541\Debug\StepperTorqueControl.a(ADC_DelSig_1_Ext_CP_Clk.o)
 .debug_ranges  0x00000808       0x70 .\CortexM3\ARM_GCC_541\Debug\StepperTorqueControl.a(ADC_DelSig_1_theACLK.o)
 .debug_ranges  0x00000878       0x70 .\CortexM3\ARM_GCC_541\Debug\StepperTorqueControl.a(tick.o)
 .debug_ranges  0x000008e8       0x78 .\CortexM3\ARM_GCC_541\Debug\StepperTorqueControl.a(Timer_1.o)
 .debug_ranges  0x00000960       0x18 .\CortexM3\ARM_GCC_541\Debug\StepperTorqueControl.a(Microstep.o)
 .debug_ranges  0x00000978       0x60 .\CortexM3\ARM_GCC_541\Debug\StepperTorqueControl.a(ShiftReg_1.o)
 .debug_ranges  0x000009d8       0x88 .\CortexM3\ARM_GCC_541\Debug\StepperTorqueControl.a(StepDir.o)
 .debug_ranges  0x00000a60       0x70 .\CortexM3\ARM_GCC_541\Debug\StepperTorqueControl.a(CyFlash.o)
 .debug_ranges  0x00000ad0       0x68 .\CortexM3\ARM_GCC_541\Debug\StepperTorqueControl.a(CySpc.o)
 .debug_ranges  0x00000b38       0x28 .\CortexM3\ARM_GCC_541\Debug\StepperTorqueControl.a(I2C_1.o)
 .debug_ranges  0x00000b60       0x10 .\CortexM3\ARM_GCC_541\Debug\StepperTorqueControl.a(I2C_1_INT.o)
 .debug_ranges  0x00000b70       0x28 .\CortexM3\ARM_GCC_541\Debug\StepperTorqueControl.a(I2C_1_PM.o)
 .debug_ranges  0x00000b98       0x18 .\CortexM3\ARM_GCC_541\Debug\StepperTorqueControl.a(Direction.o)

.comment        0x00000000       0x6e
 .comment       0x00000000       0x6e .\CortexM3\ARM_GCC_541\Debug\main.o
                                 0x6f (size before relaxing)
 .comment       0x0000006e       0x6f .\CortexM3\ARM_GCC_541\Debug\pid.o
 .comment       0x0000006e       0x6f .\CortexM3\ARM_GCC_541\Debug\lis3dh.o
 .comment       0x0000006e       0x6f .\CortexM3\ARM_GCC_541\Debug\cyfitter_cfg.o
 .comment       0x0000006e       0x6f .\CortexM3\ARM_GCC_541\Debug\cymetadata.o
 .comment       0x0000006e       0x6f .\CortexM3\ARM_GCC_541\Debug\Cm3Start.o
 .comment       0x0000006e       0x6f .\CortexM3\ARM_GCC_541\Debug\StepperTorqueControl.a(SPIM.o)
 .comment       0x0000006e       0x6f .\CortexM3\ARM_GCC_541\Debug\StepperTorqueControl.a(CyLib.o)
 .comment       0x0000006e       0x6f .\CortexM3\ARM_GCC_541\Debug\StepperTorqueControl.a(cyPm.o)
 .comment       0x0000006e       0x6f .\CortexM3\ARM_GCC_541\Debug\StepperTorqueControl.a(UART_1.o)
 .comment       0x0000006e       0x6f .\CortexM3\ARM_GCC_541\Debug\StepperTorqueControl.a(UART_1_IntClock.o)
 .comment       0x0000006e       0x6f .\CortexM3\ARM_GCC_541\Debug\StepperTorqueControl.a(I2C_1_MASTER.o)
 .comment       0x0000006e       0x6f .\CortexM3\ARM_GCC_541\Debug\StepperTorqueControl.a(ADC_DelSig_1.o)
 .comment       0x0000006e       0x6f .\CortexM3\ARM_GCC_541\Debug\StepperTorqueControl.a(ADC_DelSig_1_INT.o)
 .comment       0x0000006e       0x6f .\CortexM3\ARM_GCC_541\Debug\StepperTorqueControl.a(ADC_DelSig_1_AMux.o)
 .comment       0x0000006e       0x6f .\CortexM3\ARM_GCC_541\Debug\StepperTorqueControl.a(ADC_DelSig_1_Ext_CP_Clk.o)
 .comment       0x0000006e       0x6f .\CortexM3\ARM_GCC_541\Debug\StepperTorqueControl.a(ADC_DelSig_1_theACLK.o)
 .comment       0x0000006e       0x6f .\CortexM3\ARM_GCC_541\Debug\StepperTorqueControl.a(tick.o)
 .comment       0x0000006e       0x6f .\CortexM3\ARM_GCC_541\Debug\StepperTorqueControl.a(Timer_1.o)
 .comment       0x0000006e       0x6f .\CortexM3\ARM_GCC_541\Debug\StepperTorqueControl.a(Microstep.o)
 .comment       0x0000006e       0x6f .\CortexM3\ARM_GCC_541\Debug\StepperTorqueControl.a(ShiftReg_1.o)
 .comment       0x0000006e       0x6f .\CortexM3\ARM_GCC_541\Debug\StepperTorqueControl.a(StepDir.o)
 .comment       0x0000006e       0x6f .\CortexM3\ARM_GCC_541\Debug\StepperTorqueControl.a(CyFlash.o)
 .comment       0x0000006e       0x6f .\CortexM3\ARM_GCC_541\Debug\StepperTorqueControl.a(CySpc.o)
 .comment       0x0000006e       0x6f .\CortexM3\ARM_GCC_541\Debug\StepperTorqueControl.a(I2C_1.o)
 .comment       0x0000006e       0x6f .\CortexM3\ARM_GCC_541\Debug\StepperTorqueControl.a(I2C_1_INT.o)
 .comment       0x0000006e       0x6f .\CortexM3\ARM_GCC_541\Debug\StepperTorqueControl.a(I2C_1_PM.o)
 .comment       0x0000006e       0x6f .\CortexM3\ARM_GCC_541\Debug\StepperTorqueControl.a(Direction.o)

.debug_weaknames
 *(.debug_weaknames)

.debug_funcnames
 *(.debug_funcnames)

.debug_typenames
 *(.debug_typenames)

.debug_varnames
 *(.debug_varnames)

.note.gnu.arm.ident
 *(.note.gnu.arm.ident)

.ARM.attributes
                0x00000000       0x29
 *(.ARM.attributes)
 .ARM.attributes
                0x00000000       0x1d c:/program files (x86)/cypress/psoc creator/4.2/psoc creator/import/gnu/arm/5.4.1/bin/../lib/gcc/arm-none-eabi/5.4.1/armv7-m/crti.o
 .ARM.attributes
                0x0000001d       0x2d c:/program files (x86)/cypress/psoc creator/4.2/psoc creator/import/gnu/arm/5.4.1/bin/../lib/gcc/arm-none-eabi/5.4.1/armv7-m/crtbegin.o
 .ARM.attributes
                0x0000004a       0x1b c:/program files (x86)/cypress/psoc creator/4.2/psoc creator/import/gnu/arm/5.4.1/bin/../lib/gcc/arm-none-eabi/5.4.1/../../../../arm-none-eabi/lib/armv7-m/crt0.o
 .ARM.attributes
                0x00000065       0x33 .\CortexM3\ARM_GCC_541\Debug\main.o
 .ARM.attributes
                0x00000098       0x33 .\CortexM3\ARM_GCC_541\Debug\pid.o
 .ARM.attributes
                0x000000cb       0x33 .\CortexM3\ARM_GCC_541\Debug\lis3dh.o
 .ARM.attributes
                0x000000fe       0x33 .\CortexM3\ARM_GCC_541\Debug\cyfitter_cfg.o
 .ARM.attributes
                0x00000131       0x33 .\CortexM3\ARM_GCC_541\Debug\cymetadata.o
 .ARM.attributes
                0x00000164       0x33 .\CortexM3\ARM_GCC_541\Debug\Cm3Start.o
 .ARM.attributes
                0x00000197       0x33 .\CortexM3\ARM_GCC_541\Debug\StepperTorqueControl.a(SPIM.o)
 .ARM.attributes
                0x000001ca       0x33 .\CortexM3\ARM_GCC_541\Debug\StepperTorqueControl.a(CyLib.o)
 .ARM.attributes
                0x000001fd       0x33 .\CortexM3\ARM_GCC_541\Debug\StepperTorqueControl.a(cyPm.o)
 .ARM.attributes
                0x00000230       0x33 .\CortexM3\ARM_GCC_541\Debug\StepperTorqueControl.a(UART_1.o)
 .ARM.attributes
                0x00000263       0x33 .\CortexM3\ARM_GCC_541\Debug\StepperTorqueControl.a(UART_1_IntClock.o)
 .ARM.attributes
                0x00000296       0x33 .\CortexM3\ARM_GCC_541\Debug\StepperTorqueControl.a(I2C_1_MASTER.o)
 .ARM.attributes
                0x000002c9       0x33 .\CortexM3\ARM_GCC_541\Debug\StepperTorqueControl.a(ADC_DelSig_1.o)
 .ARM.attributes
                0x000002fc       0x33 .\CortexM3\ARM_GCC_541\Debug\StepperTorqueControl.a(ADC_DelSig_1_INT.o)
 .ARM.attributes
                0x0000032f       0x33 .\CortexM3\ARM_GCC_541\Debug\StepperTorqueControl.a(ADC_DelSig_1_AMux.o)
 .ARM.attributes
                0x00000362       0x33 .\CortexM3\ARM_GCC_541\Debug\StepperTorqueControl.a(ADC_DelSig_1_Ext_CP_Clk.o)
 .ARM.attributes
                0x00000395       0x33 .\CortexM3\ARM_GCC_541\Debug\StepperTorqueControl.a(ADC_DelSig_1_theACLK.o)
 .ARM.attributes
                0x000003c8       0x33 .\CortexM3\ARM_GCC_541\Debug\StepperTorqueControl.a(tick.o)
 .ARM.attributes
                0x000003fb       0x33 .\CortexM3\ARM_GCC_541\Debug\StepperTorqueControl.a(Timer_1.o)
 .ARM.attributes
                0x0000042e       0x33 .\CortexM3\ARM_GCC_541\Debug\StepperTorqueControl.a(Microstep.o)
 .ARM.attributes
                0x00000461       0x33 .\CortexM3\ARM_GCC_541\Debug\StepperTorqueControl.a(ShiftReg_1.o)
 .ARM.attributes
                0x00000494       0x33 .\CortexM3\ARM_GCC_541\Debug\StepperTorqueControl.a(StepDir.o)
 .ARM.attributes
                0x000004c7       0x21 .\CortexM3\ARM_GCC_541\Debug\StepperTorqueControl.a(CyBootAsmGnu.o)
 .ARM.attributes
                0x000004e8       0x33 .\CortexM3\ARM_GCC_541\Debug\StepperTorqueControl.a(CyFlash.o)
 .ARM.attributes
                0x0000051b       0x33 .\CortexM3\ARM_GCC_541\Debug\StepperTorqueControl.a(CySpc.o)
 .ARM.attributes
                0x0000054e       0x33 .\CortexM3\ARM_GCC_541\Debug\StepperTorqueControl.a(I2C_1.o)
 .ARM.attributes
                0x00000581       0x33 .\CortexM3\ARM_GCC_541\Debug\StepperTorqueControl.a(I2C_1_INT.o)
 .ARM.attributes
                0x000005b4       0x33 .\CortexM3\ARM_GCC_541\Debug\StepperTorqueControl.a(I2C_1_PM.o)
 .ARM.attributes
                0x000005e7       0x33 .\CortexM3\ARM_GCC_541\Debug\StepperTorqueControl.a(Direction.o)
 .ARM.attributes
                0x0000061a       0x1d c:/program files (x86)/cypress/psoc creator/4.2/psoc creator/import/gnu/arm/5.4.1/bin/../lib/gcc/arm-none-eabi/5.4.1/armv7-m\libgcc.a(_arm_addsubdf3.o)
 .ARM.attributes
                0x00000637       0x1d c:/program files (x86)/cypress/psoc creator/4.2/psoc creator/import/gnu/arm/5.4.1/bin/../lib/gcc/arm-none-eabi/5.4.1/armv7-m\libgcc.a(_arm_cmpdf2.o)
 .ARM.attributes
                0x00000654       0x1d c:/program files (x86)/cypress/psoc creator/4.2/psoc creator/import/gnu/arm/5.4.1/bin/../lib/gcc/arm-none-eabi/5.4.1/armv7-m\libgcc.a(_arm_addsubsf3.o)
 .ARM.attributes
                0x00000671       0x1d c:/program files (x86)/cypress/psoc creator/4.2/psoc creator/import/gnu/arm/5.4.1/bin/../lib/gcc/arm-none-eabi/5.4.1/armv7-m\libgcc.a(_arm_muldivsf3.o)
 .ARM.attributes
                0x0000068e       0x1d c:/program files (x86)/cypress/psoc creator/4.2/psoc creator/import/gnu/arm/5.4.1/bin/../lib/gcc/arm-none-eabi/5.4.1/armv7-m\libgcc.a(_arm_fixunssfsi.o)
 .ARM.attributes
                0x000006ab       0x1d c:/program files (x86)/cypress/psoc creator/4.2/psoc creator/import/gnu/arm/5.4.1/bin/../lib/gcc/arm-none-eabi/5.4.1/armv7-m\libgcc.a(_aeabi_ldivmod.o)
 .ARM.attributes
                0x000006c8       0x2d c:/program files (x86)/cypress/psoc creator/4.2/psoc creator/import/gnu/arm/5.4.1/bin/../lib/gcc/arm-none-eabi/5.4.1/armv7-m\libgcc.a(_udivmoddi4.o)
 .ARM.attributes
                0x000006f5       0x1d c:/program files (x86)/cypress/psoc creator/4.2/psoc creator/import/gnu/arm/5.4.1/bin/../lib/gcc/arm-none-eabi/5.4.1/armv7-m\libgcc.a(_dvmd_tls.o)
 .ARM.attributes
                0x00000712       0x2d c:/program files (x86)/cypress/psoc creator/4.2/psoc creator/import/gnu/arm/5.4.1/bin/../lib/gcc/arm-none-eabi/5.4.1/../../../../arm-none-eabi/lib/armv7-m\libg_nano.a(lib_a-errno.o)
 .ARM.attributes
                0x0000073f       0x2d c:/program files (x86)/cypress/psoc creator/4.2/psoc creator/import/gnu/arm/5.4.1/bin/../lib/gcc/arm-none-eabi/5.4.1/../../../../arm-none-eabi/lib/armv7-m\libg_nano.a(lib_a-exit.o)
 .ARM.attributes
                0x0000076c       0x2d c:/program files (x86)/cypress/psoc creator/4.2/psoc creator/import/gnu/arm/5.4.1/bin/../lib/gcc/arm-none-eabi/5.4.1/../../../../arm-none-eabi/lib/armv7-m\libg_nano.a(lib_a-impure.o)
 .ARM.attributes
                0x00000799       0x2d c:/program files (x86)/cypress/psoc creator/4.2/psoc creator/import/gnu/arm/5.4.1/bin/../lib/gcc/arm-none-eabi/5.4.1/../../../../arm-none-eabi/lib/armv7-m\libg_nano.a(lib_a-init.o)
 .ARM.attributes
                0x000007c6       0x2d c:/program files (x86)/cypress/psoc creator/4.2/psoc creator/import/gnu/arm/5.4.1/bin/../lib/gcc/arm-none-eabi/5.4.1/../../../../arm-none-eabi/lib/armv7-m\libg_nano.a(lib_a-memcpy-stub.o)
 .ARM.attributes
                0x000007f3       0x2d c:/program files (x86)/cypress/psoc creator/4.2/psoc creator/import/gnu/arm/5.4.1/bin/../lib/gcc/arm-none-eabi/5.4.1/../../../../arm-none-eabi/lib/armv7-m\libg_nano.a(lib_a-memset.o)
 .ARM.attributes
                0x00000820       0x2d c:/program files (x86)/cypress/psoc creator/4.2/psoc creator/import/gnu/arm/5.4.1/bin/../lib/gcc/arm-none-eabi/5.4.1/armv7-m/crtend.o
 .ARM.attributes
                0x0000084d       0x1d c:/program files (x86)/cypress/psoc creator/4.2/psoc creator/import/gnu/arm/5.4.1/bin/../lib/gcc/arm-none-eabi/5.4.1/armv7-m/crtn.o

/DISCARD/
 *(.note.GNU-stack)
OUTPUT(C:\Users\pajoh\projects\StepperTorqueControl\StepperTorqueControl.cydsn\CortexM3\ARM_GCC_541\Debug\StepperTorqueControl.elf elf32-littlearm)
